Copyright 1986-2022 Xilinx, Inc. All Rights Reserved. Copyright 2022-2026 Advanced Micro Devices, Inc. All Rights Reserved.
----------------------------------------------------------------------------------------------------------------------------------------------------------------------------
| Tool Version      : Vivado v.2026.1 (lin64) Build 6511674 Tue Jun 16 11:01:26 MDT 2026
| Date              : Sun Oct  4 02:35:11 2026
| Host              : LAPTOP-J288H04V running 64-bit Ubuntu 22.04.5 LTS
| Command           : report_cdc -details -file /home/member-a/kv260-build/ra02-coordinator/work/01791052430687741878-A-a07-audit-20261004-v3-c8ddfa46/audit/routed/cdc.rpt
| Design            : MPSoC_ext_platform_wrapper
| Device            : xck26-sfvc784
| Speed File        : -2LV  PRODUCTION 1.31 12-08-2025
| Design State      : Routed
| Temperature Grade : C
----------------------------------------------------------------------------------------------------------------------------------------------------------------------------

CDC Report

All paths are Safely Timed.

