Copyright 1986-2022 Xilinx, Inc. All Rights Reserved. Copyright 2022-2026 Advanced Micro Devices, Inc. All Rights Reserved.
------------------------------------------------------------------------------------------------------------------------------------------------------------------------------
| Tool Version : Vivado v.2026.1 (lin64) Build 6511674 Tue Jun 16 11:01:26 MDT 2026
| Date         : Sun Oct  4 02:35:31 2026
| Host         : LAPTOP-J288H04V running 64-bit Ubuntu 22.04.5 LTS
| Command      : report_methodology -file /home/member-a/kv260-build/ra02-coordinator/work/01791052430687741878-A-a07-audit-20261004-v3-c8ddfa46/audit/routed/methodology.rpt
| Design       : MPSoC_ext_platform_wrapper
| Device       : xck26-sfvc784-2LV-c
| Speed File   : -2LV
| Design State : Fully Routed
------------------------------------------------------------------------------------------------------------------------------------------------------------------------------

Report Methodology

Table of Contents
-----------------
1. REPORT SUMMARY
2. REPORT DETAILS

1. REPORT SUMMARY
-----------------
            Netlist: netlist
          Floorplan: checkpoint_MPSoC_ext_platform_wrapper_routed
      Design limits: <entire design considered>
             Max checks: <unlimited>
             Checks found: 2
+---------+----------+--------------------------------------------+--------+
| Rule    | Severity | Description                                | Checks |
+---------+----------+--------------------------------------------+--------+
| CLKC-40 | Advisory | Substitute PLLE4 for MMCME4 check          | 1      |
| CLKC-56 | Advisory | MMCME4 with global clock driver has no LOC | 1      |
+---------+----------+--------------------------------------------+--------+

2. REPORT DETAILS
-----------------
CLKC-40#1 Advisory
Substitute PLLE4 for MMCME4 check  
The MMCME4 cell MPSoC_ext_platform_i/clk_wiz_0/inst/mmcme4_adv_inst has a single input clock whose source driver, UNKNOWN, is not optimally located and the MMCM has a configuration which could be accommodated by a PLL.  Consider changing the MMCM to a PLL which could align better with the input clock driver.
Related violations: <none>

CLKC-56#1 Advisory
MMCME4 with global clock driver has no LOC  
The MMCME4_ADV cell MPSoC_ext_platform_i/clk_wiz_0/inst/mmcme4_adv_inst CLKIN1 or CLKIN2 pin is driven by global Clock buffer(s) MPSoC_ext_platform_i/ps_e/inst/buffer_pl_clk_0.PL_CLK_0_BUFG and does not have a LOC constraint. It is recommended to LOC the MMCM and use the CLOCK_DEDICATED_ROUTE constraint on the net(s) driven by the global Clock buffer(s).
Related violations: <none>


