Copyright 1986-2022 Xilinx, Inc. All Rights Reserved. Copyright 2022-2026 Advanced Micro Devices, Inc. All Rights Reserved.
-------------------------------------------------------------------------------------------------------------------------------------------------------------------------------------------------------------------------------------------------
| Tool Version      : Vivado v.2026.1 (lin64) Build 6511674 Tue Jun 16 11:01:26 MDT 2026
| Date              : Sun Oct  4 02:34:58 2026
| Host              : LAPTOP-J288H04V running 64-bit Ubuntu 22.04.5 LTS
| Command           : report_timing_summary -delay_type min_max -report_unconstrained -check_timing_verbose -file /home/member-a/kv260-build/ra02-coordinator/work/01791052430687741878-A-a07-audit-20261004-v3-c8ddfa46/audit/routed/timing.rpt
| Design            : MPSoC_ext_platform_wrapper
| Device            : xck26-sfvc784
| Speed File        : -2LV  PRODUCTION 1.31 12-08-2025
| Design State      : Routed
| Temperature Grade : C
-------------------------------------------------------------------------------------------------------------------------------------------------------------------------------------------------------------------------------------------------

Timing Summary Report

------------------------------------------------------------------------------------------------
| Timer Settings
| --------------
------------------------------------------------------------------------------------------------

  Enable Multi Corner Analysis               :  Yes
  Enable Pessimism Removal                   :  Yes
  Pessimism Removal Resolution               :  Nearest Common Node
  Enable Input Delay Default Clock           :  No
  Enable Preset / Clear Arcs                 :  No
  Disable Flight Delays                      :  No
  Ignore I/O Paths                           :  No
  Timing Early Launch at Borrowing Latches   :  No
  Borrow Time for Max Delay Exceptions       :  Yes
  Merge Timing Exceptions                    :  Yes
  Inter-SLR Compensation                     :  Conservative

  Corner  Analyze    Analyze    
  Name    Max Paths  Min Paths  
  ------  ---------  ---------  
  Slow    Yes        Yes        
  Fast    Yes        Yes        


------------------------------------------------------------------------------------------------
| Report Methodology
| ------------------
------------------------------------------------------------------------------------------------

No report available as report_methodology has not been run prior. Run report_methodology on the current design for the summary of methodology violations.



check_timing report

Table of Contents
-----------------
1. checking no_clock (0)
2. checking constant_clock (0)
3. checking pulse_width_clock (0)
4. checking unconstrained_internal_endpoints (0)
5. checking no_input_delay (0)
6. checking no_output_delay (0)
7. checking multiple_clock (0)
8. checking generated_clocks (0)
9. checking loops (0)
10. checking partial_input_delay (0)
11. checking partial_output_delay (0)
12. checking latch_loops (0)

1. checking no_clock (0)
------------------------
 There are 0 register/latch pins with no clock.


2. checking constant_clock (0)
------------------------------
 There are 0 register/latch pins with constant_clock.


3. checking pulse_width_clock (0)
---------------------------------
 There are 0 register/latch pins which need pulse_width check


4. checking unconstrained_internal_endpoints (0)
------------------------------------------------
 There are 0 pins that are not constrained for maximum delay.

 There are 0 pins that are not constrained for maximum delay due to constant clock.


5. checking no_input_delay (0)
------------------------------
 There are 0 input ports with no input delay specified.

 There are 0 input ports with no input delay but user has a false path constraint.


6. checking no_output_delay (0)
-------------------------------
 There are 0 ports with no output delay specified.

 There are 0 ports with no output delay but user has a false path constraint

 There are 0 ports with no output delay but with a timing clock defined on it or propagating through it


7. checking multiple_clock (0)
------------------------------
 There are 0 register/latch pins with multiple clocks.


8. checking generated_clocks (0)
--------------------------------
 There are 0 generated clocks that are not connected to a clock source.


9. checking loops (0)
---------------------
 There are 0 combinational loops in the design.


10. checking partial_input_delay (0)
------------------------------------
 There are 0 input ports with partial input delay specified.


11. checking partial_output_delay (0)
-------------------------------------
 There are 0 ports with partial output delay specified.


12. checking latch_loops (0)
----------------------------
 There are 0 combinational latch loops in the design through latch input



------------------------------------------------------------------------------------------------
| Design Timing Summary
| ---------------------
------------------------------------------------------------------------------------------------

    WNS(ns)      TNS(ns)  TNS Failing Endpoints  TNS Total Endpoints      WHS(ns)      THS(ns)  THS Failing Endpoints  THS Total Endpoints     WPWS(ns)     TPWS(ns)  TPWS Failing Endpoints  TPWS Total Endpoints  
    -------      -------  ---------------------  -------------------      -------      -------  ---------------------  -------------------     --------     --------  ----------------------  --------------------  
      0.809        0.000                      0               167611        0.010        0.000                      0               167611        1.833        0.000                       0                 50457  


All user specified timing constraints are met.


------------------------------------------------------------------------------------------------
| Clock Summary
| -------------
------------------------------------------------------------------------------------------------

Clock                                      Waveform(ns)         Period(ns)      Frequency(MHz)
-----                                      ------------         ----------      --------------
clk_pl_0                                   {0.000 5.000}        10.000          100.000         
  clk_out1_MPSoC_ext_platform_clk_wiz_0_0  {0.000 3.333}        6.667           150.000         


------------------------------------------------------------------------------------------------
| Intra Clock Table
| -----------------
------------------------------------------------------------------------------------------------

Clock                                          WNS(ns)      TNS(ns)  TNS Failing Endpoints  TNS Total Endpoints      WHS(ns)      THS(ns)  THS Failing Endpoints  THS Total Endpoints     WPWS(ns)     TPWS(ns)  TPWS Failing Endpoints  TPWS Total Endpoints  
-----                                          -------      -------  ---------------------  -------------------      -------      -------  ---------------------  -------------------     --------     --------  ----------------------  --------------------  
clk_pl_0                                                                                                                                                                                     2.000        0.000                       0                     1  
  clk_out1_MPSoC_ext_platform_clk_wiz_0_0        0.809        0.000                      0               167611        0.010        0.000                      0               167611        1.833        0.000                       0                 50456  


------------------------------------------------------------------------------------------------
| Inter Clock Table
| -----------------
------------------------------------------------------------------------------------------------

From Clock    To Clock          WNS(ns)      TNS(ns)  TNS Failing Endpoints  TNS Total Endpoints      WHS(ns)      THS(ns)  THS Failing Endpoints  THS Total Endpoints  
----------    --------          -------      -------  ---------------------  -------------------      -------      -------  ---------------------  -------------------  


------------------------------------------------------------------------------------------------
| Other Path Groups Table
| -----------------------
------------------------------------------------------------------------------------------------

Path Group    From Clock    To Clock          WNS(ns)      TNS(ns)  TNS Failing Endpoints  TNS Total Endpoints      WHS(ns)      THS(ns)  THS Failing Endpoints  THS Total Endpoints  
----------    ----------    --------          -------      -------  ---------------------  -------------------      -------      -------  ---------------------  -------------------  


------------------------------------------------------------------------------------------------
| User Ignored Path Table
| -----------------------
------------------------------------------------------------------------------------------------

Path Group                               From Clock                               To Clock                               
----------                               ----------                               --------                               
(none)                                                                            clk_out1_MPSoC_ext_platform_clk_wiz_0_0  
(none)                                   clk_out1_MPSoC_ext_platform_clk_wiz_0_0  clk_out1_MPSoC_ext_platform_clk_wiz_0_0  


------------------------------------------------------------------------------------------------
| Unconstrained Path Table
| ------------------------
------------------------------------------------------------------------------------------------

Path Group                               From Clock                               To Clock                               
----------                               ----------                               --------                               
(none)                                                                            clk_out1_MPSoC_ext_platform_clk_wiz_0_0  


------------------------------------------------------------------------------------------------
| Timing Details
| --------------
------------------------------------------------------------------------------------------------


---------------------------------------------------------------------------------------------------
From Clock:  clk_pl_0
  To Clock:  clk_pl_0

Setup :           NA  Failing Endpoints,  Worst Slack           NA  ,  Total Violation           NA
Hold  :           NA  Failing Endpoints,  Worst Slack           NA  ,  Total Violation           NA
PW    :            0  Failing Endpoints,  Worst Slack        2.000ns,  Total Violation        0.000ns
---------------------------------------------------------------------------------------------------


Pulse Width Checks
--------------------------------------------------------------------------------------
Clock Name:         clk_pl_0
Waveform(ns):       { 0.000 5.000 }
Period(ns):         10.000
Sources:            { MPSoC_ext_platform_i/ps_e/inst/PS8_i/PLCLK[0] }

Check Type        Corner  Lib Pin            Reference Pin  Required(ns)  Actual(ns)  Slack(ns)  Location   Pin
Min Period        n/a     MMCME4_ADV/CLKIN1  n/a            1.071         10.000      8.929      MMCM_X0Y3  MPSoC_ext_platform_i/clk_wiz_0/inst/mmcme4_adv_inst/CLKIN1
Max Period        n/a     MMCME4_ADV/CLKIN1  n/a            100.000       10.000      90.000     MMCM_X0Y3  MPSoC_ext_platform_i/clk_wiz_0/inst/mmcme4_adv_inst/CLKIN1
Low Pulse Width   Slow    MMCME4_ADV/CLKIN1  n/a            3.000         5.000       2.000      MMCM_X0Y3  MPSoC_ext_platform_i/clk_wiz_0/inst/mmcme4_adv_inst/CLKIN1
High Pulse Width  Slow    MMCME4_ADV/CLKIN1  n/a            3.000         5.000       2.000      MMCM_X0Y3  MPSoC_ext_platform_i/clk_wiz_0/inst/mmcme4_adv_inst/CLKIN1



---------------------------------------------------------------------------------------------------
From Clock:  clk_out1_MPSoC_ext_platform_clk_wiz_0_0
  To Clock:  clk_out1_MPSoC_ext_platform_clk_wiz_0_0

Setup :            0  Failing Endpoints,  Worst Slack        0.809ns,  Total Violation        0.000ns
Hold  :            0  Failing Endpoints,  Worst Slack        0.010ns,  Total Violation        0.000ns
PW    :            0  Failing Endpoints,  Worst Slack        1.833ns,  Total Violation        0.000ns
---------------------------------------------------------------------------------------------------


Max Delay Paths
--------------------------------------------------------------------------------------
Slack (MET) :             0.809ns  (required time - arrival time)
  Source:                 MPSoC_ext_platform_i/w4a8_linear_v1_1/inst/mul_32ns_32ns_64_1_1_U355/tmp_product__1/DSP_A_B_DATA_INST/CLK
                            (rising edge-triggered cell DSP_A_B_DATA clocked by clk_out1_MPSoC_ext_platform_clk_wiz_0_0  {rise@0.000ns fall@3.333ns period=6.667ns})
  Destination:            MPSoC_ext_platform_i/w4a8_linear_v1_1/inst/or_ln576_3_reg_1645_reg[0]/D
                            (rising edge-triggered cell FDRE clocked by clk_out1_MPSoC_ext_platform_clk_wiz_0_0  {rise@0.000ns fall@3.333ns period=6.667ns})
  Path Group:             clk_out1_MPSoC_ext_platform_clk_wiz_0_0
  Path Type:              Setup (Max at Slow Process Corner)
  Requirement:            6.667ns  (clk_out1_MPSoC_ext_platform_clk_wiz_0_0 rise@6.667ns - clk_out1_MPSoC_ext_platform_clk_wiz_0_0 rise@0.000ns)
  Data Path Delay:        5.682ns  (logic 4.239ns (74.606%)  route 1.443ns (25.394%))
  Logic Levels:           17  (CARRY8=7 DSP_ALU=2 DSP_M_DATA=1 DSP_MULTIPLIER=1 DSP_OUTPUT=2 DSP_PREADD_DATA=1 LUT2=1 LUT4=1 LUT5=1)
  Clock Path Skew:        -0.156ns (DCD - SCD + CPR)
    Destination Clock Delay (DCD):    5.113ns = ( 11.780 - 6.667 ) 
    Source Clock Delay      (SCD):    4.840ns
    Clock Pessimism Removal (CPR):    -0.429ns
  Clock Uncertainty:      0.064ns  ((TSJ^2 + DJ^2)^1/2) / 2 + PE
    Total System Jitter     (TSJ):    0.071ns
    Discrete Jitter          (DJ):    0.108ns
    Phase Error              (PE):    0.000ns
  Clock Net Delay (Source):      2.673ns (routing 1.241ns, distribution 1.432ns)
  Clock Net Delay (Destination): 2.354ns (routing 1.133ns, distribution 1.221ns)

    Location             Delay type                Incr(ns)  Path(ns)    Netlist Resource(s)
  -------------------------------------------------------------------    -------------------
                         (clock clk_out1_MPSoC_ext_platform_clk_wiz_0_0 rise edge)
                                                      0.000     0.000 r  <hidden>
    PS8_X0Y0             PS8                          0.000     0.000 r  MPSoC_ext_platform_i/ps_e/inst/PS8_i/PLCLK[0]
                         net (fo=1, routed)           0.229     0.229    MPSoC_ext_platform_i/ps_e/inst/pl_clk_unbuffered[0]
    BUFG_PS_X0Y81        BUFG_PS (Prop_BUFG_PS_I_O)
                                                      0.038     0.267 r  MPSoC_ext_platform_i/ps_e/inst/buffer_pl_clk_0.PL_CLK_0_BUFG/O
                         net (fo=1, routed)           1.611     1.878    MPSoC_ext_platform_i/clk_wiz_0/inst/clk_in1
    MMCM_X0Y3            MMCME4_ADV (Prop_MMCM_CLKIN1_CLKOUT0)
                                                     -0.103     1.775 r  MPSoC_ext_platform_i/clk_wiz_0/inst/mmcme4_adv_inst/CLKOUT0
                         net (fo=1, routed)           0.348     2.123    MPSoC_ext_platform_i/clk_wiz_0/inst/clk_out1_MPSoC_ext_platform_clk_wiz_0_0
    BUFGCE_X0Y76         BUFGCE (Prop_BUFCE_BUFGCE_I_O)
                                                      0.044     2.167 r  MPSoC_ext_platform_i/clk_wiz_0/inst/clkout1_buf/O
    X1Y1 (CLOCK_ROOT)    net (fo=50977, routed)       2.673     4.840    MPSoC_ext_platform_i/w4a8_linear_v1_1/inst/mul_32ns_32ns_64_1_1_U355/tmp_product__1/CLK
    DSP48E2_X10Y55       DSP_A_B_DATA                                 r  MPSoC_ext_platform_i/w4a8_linear_v1_1/inst/mul_32ns_32ns_64_1_1_U355/tmp_product__1/DSP_A_B_DATA_INST/CLK
  -------------------------------------------------------------------    -------------------
    DSP48E2_X10Y55       DSP_A_B_DATA (Prop_DSP_A_B_DATA_DSP48E2_CLK_B2_DATA[17])
                                                      0.264     5.104 r  MPSoC_ext_platform_i/w4a8_linear_v1_1/inst/mul_32ns_32ns_64_1_1_U355/tmp_product__1/DSP_A_B_DATA_INST/B2_DATA[17]
                         net (fo=1, routed)           0.000     5.104    MPSoC_ext_platform_i/w4a8_linear_v1_1/inst/mul_32ns_32ns_64_1_1_U355/tmp_product__1/DSP_A_B_DATA.B2_DATA<17>
    DSP48E2_X10Y55       DSP_PREADD_DATA (Prop_DSP_PREADD_DATA_DSP48E2_B2_DATA[17]_B2B1[17])
                                                      0.097     5.201 r  MPSoC_ext_platform_i/w4a8_linear_v1_1/inst/mul_32ns_32ns_64_1_1_U355/tmp_product__1/DSP_PREADD_DATA_INST/B2B1[17]
                         net (fo=1, routed)           0.000     5.201    MPSoC_ext_platform_i/w4a8_linear_v1_1/inst/mul_32ns_32ns_64_1_1_U355/tmp_product__1/DSP_PREADD_DATA.B2B1<17>
    DSP48E2_X10Y55       DSP_MULTIPLIER (Prop_DSP_MULTIPLIER_DSP48E2_B2B1[17]_U[43])
                                                      0.773     5.974 f  MPSoC_ext_platform_i/w4a8_linear_v1_1/inst/mul_32ns_32ns_64_1_1_U355/tmp_product__1/DSP_MULTIPLIER_INST/U[43]
                         net (fo=1, routed)           0.000     5.974    MPSoC_ext_platform_i/w4a8_linear_v1_1/inst/mul_32ns_32ns_64_1_1_U355/tmp_product__1/DSP_MULTIPLIER.U<43>
    DSP48E2_X10Y55       DSP_M_DATA (Prop_DSP_M_DATA_DSP48E2_U[43]_U_DATA[43])
                                                      0.067     6.041 r  MPSoC_ext_platform_i/w4a8_linear_v1_1/inst/mul_32ns_32ns_64_1_1_U355/tmp_product__1/DSP_M_DATA_INST/U_DATA[43]
                         net (fo=1, routed)           0.000     6.041    MPSoC_ext_platform_i/w4a8_linear_v1_1/inst/mul_32ns_32ns_64_1_1_U355/tmp_product__1/DSP_M_DATA.U_DATA<43>
    DSP48E2_X10Y55       DSP_ALU (Prop_DSP_ALU_DSP48E2_U_DATA[43]_ALU_OUT[47])
                                                      0.727     6.768 f  MPSoC_ext_platform_i/w4a8_linear_v1_1/inst/mul_32ns_32ns_64_1_1_U355/tmp_product__1/DSP_ALU_INST/ALU_OUT[47]
                         net (fo=1, routed)           0.000     6.768    MPSoC_ext_platform_i/w4a8_linear_v1_1/inst/mul_32ns_32ns_64_1_1_U355/tmp_product__1/DSP_ALU.ALU_OUT<47>
    DSP48E2_X10Y55       DSP_OUTPUT (Prop_DSP_OUTPUT_DSP48E2_ALU_OUT[47]_PCOUT[47])
                                                      0.167     6.935 r  MPSoC_ext_platform_i/w4a8_linear_v1_1/inst/mul_32ns_32ns_64_1_1_U355/tmp_product__1/DSP_OUTPUT_INST/PCOUT[47]
                         net (fo=1, routed)           0.038     6.973    MPSoC_ext_platform_i/w4a8_linear_v1_1/inst/mul_32ns_32ns_64_1_1_U355/tmp_product__2/PCIN[47]
    DSP48E2_X10Y56       DSP_ALU (Prop_DSP_ALU_DSP48E2_PCIN[47]_ALU_OUT[0])
                                                      0.739     7.712 f  MPSoC_ext_platform_i/w4a8_linear_v1_1/inst/mul_32ns_32ns_64_1_1_U355/tmp_product__2/DSP_ALU_INST/ALU_OUT[0]
                         net (fo=1, routed)           0.000     7.712    MPSoC_ext_platform_i/w4a8_linear_v1_1/inst/mul_32ns_32ns_64_1_1_U355/tmp_product__2/DSP_ALU.ALU_OUT<0>
    DSP48E2_X10Y56       DSP_OUTPUT (Prop_DSP_OUTPUT_DSP48E2_ALU_OUT[0]_P[0])
                                                      0.146     7.858 r  MPSoC_ext_platform_i/w4a8_linear_v1_1/inst/mul_32ns_32ns_64_1_1_U355/tmp_product__2/DSP_OUTPUT_INST/P[0]
                         net (fo=2, routed)           0.295     8.153    MPSoC_ext_platform_i/w4a8_linear_v1_1/inst/mul_32ns_32ns_64_1_1_U355/tmp_product__2_n_105
    SLICE_X38Y139        LUT2 (Prop_B6LUT_SLICEM_I0_O)
                                                      0.057     8.210 r  MPSoC_ext_platform_i/w4a8_linear_v1_1/inst/mul_32ns_32ns_64_1_1_U355/tmp_product_carry_i_7__0/O
                         net (fo=1, routed)           0.022     8.232    MPSoC_ext_platform_i/w4a8_linear_v1_1/inst/mul_32ns_32ns_64_1_1_U355/tmp_product_carry_i_7__0_n_0
    SLICE_X38Y139        CARRY8 (Prop_CARRY8_SLICEM_S[1]_CO[7])
                                                      0.267     8.499 r  MPSoC_ext_platform_i/w4a8_linear_v1_1/inst/mul_32ns_32ns_64_1_1_U355/tmp_product_carry/CO[7]
                         net (fo=1, routed)           0.030     8.529    MPSoC_ext_platform_i/w4a8_linear_v1_1/inst/mul_32ns_32ns_64_1_1_U355/tmp_product_carry_n_0
    SLICE_X38Y140        CARRY8 (Prop_CARRY8_SLICEM_CI_CO[7])
                                                      0.065     8.594 r  MPSoC_ext_platform_i/w4a8_linear_v1_1/inst/mul_32ns_32ns_64_1_1_U355/tmp_product_carry__0/CO[7]
                         net (fo=1, routed)           0.030     8.624    MPSoC_ext_platform_i/w4a8_linear_v1_1/inst/mul_32ns_32ns_64_1_1_U355/tmp_product_carry__0_n_0
    SLICE_X38Y141        CARRY8 (Prop_CARRY8_SLICEM_CI_CO[7])
                                                      0.065     8.689 r  MPSoC_ext_platform_i/w4a8_linear_v1_1/inst/mul_32ns_32ns_64_1_1_U355/tmp_product_carry__1/CO[7]
                         net (fo=1, routed)           0.030     8.719    MPSoC_ext_platform_i/w4a8_linear_v1_1/inst/mul_32ns_32ns_64_1_1_U355/tmp_product_carry__1_n_0
    SLICE_X38Y142        CARRY8 (Prop_CARRY8_SLICEM_CI_CO[7])
                                                      0.065     8.784 r  MPSoC_ext_platform_i/w4a8_linear_v1_1/inst/mul_32ns_32ns_64_1_1_U355/tmp_product_carry__2/CO[7]
                         net (fo=1, routed)           0.030     8.814    MPSoC_ext_platform_i/w4a8_linear_v1_1/inst/mul_32ns_32ns_64_1_1_U355/tmp_product_carry__2_n_0
    SLICE_X38Y143        CARRY8 (Prop_CARRY8_SLICEM_CI_CO[7])
                                                      0.065     8.879 r  MPSoC_ext_platform_i/w4a8_linear_v1_1/inst/mul_32ns_32ns_64_1_1_U355/tmp_product_carry__3/CO[7]
                         net (fo=1, routed)           0.030     8.909    MPSoC_ext_platform_i/w4a8_linear_v1_1/inst/mul_32ns_32ns_64_1_1_U355/tmp_product_carry__3_n_0
    SLICE_X38Y144        CARRY8 (Prop_CARRY8_SLICEM_CI_O[3])
                                                      0.122     9.031 r  MPSoC_ext_platform_i/w4a8_linear_v1_1/inst/mul_32ns_32ns_64_1_1_U355/tmp_product_carry__4/O[3]
                         net (fo=3, routed)           0.340     9.371    MPSoC_ext_platform_i/w4a8_linear_v1_1/inst/mul_32ns_32ns_64_1_1_U355/D[58]
    SLICE_X37Y142        LUT4 (Prop_F6LUT_SLICEM_I0_O)
                                                      0.224     9.595 r  MPSoC_ext_platform_i/w4a8_linear_v1_1/inst/mul_32ns_32ns_64_1_1_U355/or_ln576_3_reg_1645[0]_i_47/O
                         net (fo=1, routed)           0.029     9.624    MPSoC_ext_platform_i/w4a8_linear_v1_1/inst/mul_32ns_32ns_64_1_1_U355/or_ln576_3_reg_1645[0]_i_47_n_0
    SLICE_X37Y142        CARRY8 (Prop_CARRY8_SLICEM_S[5]_CO[7])
                                                      0.246     9.870 r  MPSoC_ext_platform_i/w4a8_linear_v1_1/inst/mul_32ns_32ns_64_1_1_U355/or_ln576_3_reg_1645_reg[0]_i_4/CO[7]
                         net (fo=1, routed)           0.499    10.369    MPSoC_ext_platform_i/w4a8_linear_v1_1/inst/mul_32ns_25ns_57_1_1_U353/or_ln576_3_reg_1645_reg[0][0]
    SLICE_X39Y152        LUT5 (Prop_H6LUT_SLICEL_I2_O)
                                                      0.083    10.452 r  MPSoC_ext_platform_i/w4a8_linear_v1_1/inst/mul_32ns_25ns_57_1_1_U353/or_ln576_3_reg_1645[0]_i_1/O
                         net (fo=1, routed)           0.070    10.522    MPSoC_ext_platform_i/w4a8_linear_v1_1/inst/or_ln576_3_fu_955_p2[0]
    SLICE_X39Y152        FDRE                                         r  MPSoC_ext_platform_i/w4a8_linear_v1_1/inst/or_ln576_3_reg_1645_reg[0]/D
  -------------------------------------------------------------------    -------------------

                         (clock clk_out1_MPSoC_ext_platform_clk_wiz_0_0 rise edge)
                                                      6.667     6.667 r  <hidden>
    PS8_X0Y0             PS8                          0.000     6.667 r  MPSoC_ext_platform_i/ps_e/inst/PS8_i/PLCLK[0]
                         net (fo=1, routed)           0.181     6.848    MPSoC_ext_platform_i/ps_e/inst/pl_clk_unbuffered[0]
    BUFG_PS_X0Y81        BUFG_PS (Prop_BUFG_PS_I_O)
                                                      0.035     6.883 r  MPSoC_ext_platform_i/ps_e/inst/buffer_pl_clk_0.PL_CLK_0_BUFG/O
                         net (fo=1, routed)           1.458     8.341    MPSoC_ext_platform_i/clk_wiz_0/inst/clk_in1
    MMCM_X0Y3            MMCME4_ADV (Prop_MMCM_CLKIN1_CLKOUT0)
                                                      0.739     9.080 r  MPSoC_ext_platform_i/clk_wiz_0/inst/mmcme4_adv_inst/CLKOUT0
                         net (fo=1, routed)           0.307     9.387    MPSoC_ext_platform_i/clk_wiz_0/inst/clk_out1_MPSoC_ext_platform_clk_wiz_0_0
    BUFGCE_X0Y76         BUFGCE (Prop_BUFCE_BUFGCE_I_O)
                                                      0.039     9.426 r  MPSoC_ext_platform_i/clk_wiz_0/inst/clkout1_buf/O
    X1Y1 (CLOCK_ROOT)    net (fo=50977, routed)       2.354    11.780    MPSoC_ext_platform_i/w4a8_linear_v1_1/inst/ap_clk
    SLICE_X39Y152        FDRE                                         r  MPSoC_ext_platform_i/w4a8_linear_v1_1/inst/or_ln576_3_reg_1645_reg[0]/C
                         clock pessimism             -0.429    11.351    <hidden>
                         clock uncertainty           -0.064    11.286    <hidden>
    SLICE_X39Y152        FDRE (Setup_HFF_SLICEL_C_D)
                                                      0.044    11.330    MPSoC_ext_platform_i/w4a8_linear_v1_1/inst/or_ln576_3_reg_1645_reg[0]
  -------------------------------------------------------------------
                         required time                         11.330    <hidden>
                         arrival time                         -10.522    <hidden>
  -------------------------------------------------------------------
                         slack                                  0.809    <hidden>





Min Delay Paths
--------------------------------------------------------------------------------------
Slack (MET) :             0.010ns  (arrival time - required time)
  Source:                 MPSoC_ext_platform_i/w4a8_linear_v1_1/inst/grp_p_anonymous_namespace_compute_prefill_fu_541/add_ln384_1_reg_778_reg[13]/C
                            (rising edge-triggered cell FDRE clocked by clk_out1_MPSoC_ext_platform_clk_wiz_0_0  {rise@0.000ns fall@3.333ns period=6.667ns})
  Destination:            MPSoC_ext_platform_i/w4a8_linear_v1_1/inst/grp_p_anonymous_namespace_compute_prefill_fu_541/phi_mul45_fu_202_reg[13]/D
                            (rising edge-triggered cell FDRE clocked by clk_out1_MPSoC_ext_platform_clk_wiz_0_0  {rise@0.000ns fall@3.333ns period=6.667ns})
  Path Group:             clk_out1_MPSoC_ext_platform_clk_wiz_0_0
  Path Type:              Hold (Min at Slow Process Corner)
  Requirement:            0.000ns  (clk_out1_MPSoC_ext_platform_clk_wiz_0_0 rise@0.000ns - clk_out1_MPSoC_ext_platform_clk_wiz_0_0 rise@0.000ns)
  Data Path Delay:        0.282ns  (logic 0.111ns (39.362%)  route 0.171ns (60.638%))
  Logic Levels:           0  
  Clock Path Skew:        0.171ns (DCD - SCD - CPR)
    Destination Clock Delay (DCD):    4.826ns
    Source Clock Delay      (SCD):    5.132ns
    Clock Pessimism Removal (CPR):    -0.478ns
  Clock Net Delay (Source):      2.373ns (routing 1.133ns, distribution 1.240ns)
  Clock Net Delay (Destination): 2.659ns (routing 1.241ns, distribution 1.418ns)

    Location             Delay type                Incr(ns)  Path(ns)    Netlist Resource(s)
  -------------------------------------------------------------------    -------------------
                         (clock clk_out1_MPSoC_ext_platform_clk_wiz_0_0 rise edge)
                                                      0.000     0.000 r  <hidden>
    PS8_X0Y0             PS8                          0.000     0.000 r  MPSoC_ext_platform_i/ps_e/inst/PS8_i/PLCLK[0]
                         net (fo=1, routed)           0.181     0.181    MPSoC_ext_platform_i/ps_e/inst/pl_clk_unbuffered[0]
    BUFG_PS_X0Y81        BUFG_PS (Prop_BUFG_PS_I_O)
                                                      0.035     0.216 r  MPSoC_ext_platform_i/ps_e/inst/buffer_pl_clk_0.PL_CLK_0_BUFG/O
                         net (fo=1, routed)           1.458     1.674    MPSoC_ext_platform_i/clk_wiz_0/inst/clk_in1
    MMCM_X0Y3            MMCME4_ADV (Prop_MMCM_CLKIN1_CLKOUT0)
                                                      0.739     2.413 r  MPSoC_ext_platform_i/clk_wiz_0/inst/mmcme4_adv_inst/CLKOUT0
                         net (fo=1, routed)           0.307     2.720    MPSoC_ext_platform_i/clk_wiz_0/inst/clk_out1_MPSoC_ext_platform_clk_wiz_0_0
    BUFGCE_X0Y76         BUFGCE (Prop_BUFCE_BUFGCE_I_O)
                                                      0.039     2.759 r  MPSoC_ext_platform_i/clk_wiz_0/inst/clkout1_buf/O
    X1Y1 (CLOCK_ROOT)    net (fo=50977, routed)       2.373     5.132    MPSoC_ext_platform_i/w4a8_linear_v1_1/inst/grp_p_anonymous_namespace_compute_prefill_fu_541/ap_clk
    SLICE_X38Y179        FDRE                                         r  MPSoC_ext_platform_i/w4a8_linear_v1_1/inst/grp_p_anonymous_namespace_compute_prefill_fu_541/add_ln384_1_reg_778_reg[13]/C
  -------------------------------------------------------------------    -------------------
    SLICE_X38Y179        FDRE (Prop_FFF_SLICEM_C_Q)
                                                      0.111     5.243 r  MPSoC_ext_platform_i/w4a8_linear_v1_1/inst/grp_p_anonymous_namespace_compute_prefill_fu_541/add_ln384_1_reg_778_reg[13]/Q
                         net (fo=1, routed)           0.171     5.414    MPSoC_ext_platform_i/w4a8_linear_v1_1/inst/grp_p_anonymous_namespace_compute_prefill_fu_541/add_ln384_1_reg_778[13]
    SLICE_X39Y180        FDRE                                         r  MPSoC_ext_platform_i/w4a8_linear_v1_1/inst/grp_p_anonymous_namespace_compute_prefill_fu_541/phi_mul45_fu_202_reg[13]/D
  -------------------------------------------------------------------    -------------------

                         (clock clk_out1_MPSoC_ext_platform_clk_wiz_0_0 rise edge)
                                                      0.000     0.000 r  <hidden>
    PS8_X0Y0             PS8                          0.000     0.000 r  MPSoC_ext_platform_i/ps_e/inst/PS8_i/PLCLK[0]
                         net (fo=1, routed)           0.229     0.229    MPSoC_ext_platform_i/ps_e/inst/pl_clk_unbuffered[0]
    BUFG_PS_X0Y81        BUFG_PS (Prop_BUFG_PS_I_O)
                                                      0.038     0.267 r  MPSoC_ext_platform_i/ps_e/inst/buffer_pl_clk_0.PL_CLK_0_BUFG/O
                         net (fo=1, routed)           1.611     1.878    MPSoC_ext_platform_i/clk_wiz_0/inst/clk_in1
    MMCM_X0Y3            MMCME4_ADV (Prop_MMCM_CLKIN1_CLKOUT0)
                                                     -0.103     1.775 r  MPSoC_ext_platform_i/clk_wiz_0/inst/mmcme4_adv_inst/CLKOUT0
                         net (fo=1, routed)           0.348     2.123    MPSoC_ext_platform_i/clk_wiz_0/inst/clk_out1_MPSoC_ext_platform_clk_wiz_0_0
    BUFGCE_X0Y76         BUFGCE (Prop_BUFCE_BUFGCE_I_O)
                                                      0.044     2.167 r  MPSoC_ext_platform_i/clk_wiz_0/inst/clkout1_buf/O
    X1Y1 (CLOCK_ROOT)    net (fo=50977, routed)       2.659     4.826    MPSoC_ext_platform_i/w4a8_linear_v1_1/inst/grp_p_anonymous_namespace_compute_prefill_fu_541/ap_clk
    SLICE_X39Y180        FDRE                                         r  MPSoC_ext_platform_i/w4a8_linear_v1_1/inst/grp_p_anonymous_namespace_compute_prefill_fu_541/phi_mul45_fu_202_reg[13]/C
                         clock pessimism              0.478     5.304    <hidden>
    SLICE_X39Y180        FDRE (Hold_EFF_SLICEL_C_D)
                                                      0.101     5.405    MPSoC_ext_platform_i/w4a8_linear_v1_1/inst/grp_p_anonymous_namespace_compute_prefill_fu_541/phi_mul45_fu_202_reg[13]
  -------------------------------------------------------------------
                         required time                         -5.405    <hidden>
                         arrival time                           5.414    <hidden>
  -------------------------------------------------------------------
                         slack                                  0.010    <hidden>





Pulse Width Checks
--------------------------------------------------------------------------------------
Clock Name:         clk_out1_MPSoC_ext_platform_clk_wiz_0_0
Waveform(ns):       { 0.000 3.333 }
Period(ns):         6.667
Sources:            { MPSoC_ext_platform_i/clk_wiz_0/inst/mmcme4_adv_inst/CLKOUT0 }

Check Type        Corner  Lib Pin          Reference Pin  Required(ns)  Actual(ns)  Slack(ns)  Location  Pin
Min Period        n/a     PS8/MAXIGP0ACLK  n/a            3.000         6.667       3.667      PS8_X0Y0  MPSoC_ext_platform_i/ps_e/inst/PS8_i/MAXIGP0ACLK
Low Pulse Width   Slow    PS8/MAXIGP0ACLK  n/a            1.500         3.333       1.833      PS8_X0Y0  MPSoC_ext_platform_i/ps_e/inst/PS8_i/MAXIGP0ACLK
High Pulse Width  Slow    PS8/MAXIGP0ACLK  n/a            1.500         3.333       1.833      PS8_X0Y0  MPSoC_ext_platform_i/ps_e/inst/PS8_i/MAXIGP0ACLK



--------------------------------------------------------------------------------------
Path Group:  (none)
From Clock:  
  To Clock:  clk_out1_MPSoC_ext_platform_clk_wiz_0_0

Max Delay             1 Endpoint
Min Delay             1 Endpoint
--------------------------------------------------------------------------------------


Max Delay Paths
--------------------------------------------------------------------------------------
Slack:                    inf
  Source:                 MPSoC_ext_platform_i/ps_e/inst/PS8_i/EMIOGPIOO[95]
                            (internal pin)
  Destination:            MPSoC_ext_platform_i/proc_sys_reset_0/U0/EXT_LPF/ACTIVE_LOW_EXT.ACT_LO_EXT/syncstages_ff_reg[0]/D
                            (rising edge-triggered cell FDRE clocked by clk_out1_MPSoC_ext_platform_clk_wiz_0_0  {rise@0.000ns fall@3.333ns period=6.667ns})
  Path Group:             (none)
  Path Type:              Setup (Max at Slow Process Corner)
  Data Path Delay:        2.547ns  (logic 0.227ns (8.912%)  route 2.320ns (91.088%))
  Logic Levels:           1  (LUT1=1)
  Clock Uncertainty:      0.146ns  ((TSJ^2 + DJ^2)^1/2) / 2 + PE
    Total System Jitter     (TSJ):    0.050ns
    Discrete Jitter          (DJ):    0.106ns
    Phase Error              (PE):    0.087ns
  Clock Net Delay (Destination): 2.547ns (routing 1.133ns, distribution 1.414ns)
  Timing Exception:       False Path

    Location             Delay type                Incr(ns)  Path(ns)    Netlist Resource(s)
  -------------------------------------------------------------------    -------------------
    PS8_X0Y0             PS8                          0.000     0.000 f  MPSoC_ext_platform_i/ps_e/inst/PS8_i/EMIOGPIOO[95]
                         net (fo=2, routed)           1.917     1.917    MPSoC_ext_platform_i/proc_sys_reset_0/U0/EXT_LPF/ext_reset_in
    SLICE_X6Y134         LUT1 (Prop_H6LUT_SLICEL_I0_O)
                                                      0.227     2.144 r  MPSoC_ext_platform_i/proc_sys_reset_0/U0/EXT_LPF/ACTIVE_LOW_EXT.ACT_LO_EXT_i_1/O
                         net (fo=1, routed)           0.403     2.547    MPSoC_ext_platform_i/proc_sys_reset_0/U0/EXT_LPF/ACTIVE_LOW_EXT.ACT_LO_EXT/src_in
    SLICE_X6Y134         FDRE                                         r  MPSoC_ext_platform_i/proc_sys_reset_0/U0/EXT_LPF/ACTIVE_LOW_EXT.ACT_LO_EXT/syncstages_ff_reg[0]/D
  -------------------------------------------------------------------    -------------------

                         (clock clk_out1_MPSoC_ext_platform_clk_wiz_0_0 rise edge)
                                                      0.000     0.000 r  <hidden>
    PS8_X0Y0             PS8                          0.000     0.000 r  MPSoC_ext_platform_i/ps_e/inst/PS8_i/PLCLK[0]
                         net (fo=1, routed)           0.181     0.181    MPSoC_ext_platform_i/ps_e/inst/pl_clk_unbuffered[0]
    BUFG_PS_X0Y81        BUFG_PS (Prop_BUFG_PS_I_O)
                                                      0.035     0.216 r  MPSoC_ext_platform_i/ps_e/inst/buffer_pl_clk_0.PL_CLK_0_BUFG/O
                         net (fo=1, routed)           1.458     1.674    MPSoC_ext_platform_i/clk_wiz_0/inst/clk_in1
    MMCM_X0Y3            MMCME4_ADV (Prop_MMCM_CLKIN1_CLKOUT0)
                                                      0.739     2.413 r  MPSoC_ext_platform_i/clk_wiz_0/inst/mmcme4_adv_inst/CLKOUT0
                         net (fo=1, routed)           0.307     2.720    MPSoC_ext_platform_i/clk_wiz_0/inst/clk_out1_MPSoC_ext_platform_clk_wiz_0_0
    BUFGCE_X0Y76         BUFGCE (Prop_BUFCE_BUFGCE_I_O)
                                                      0.039     2.759 r  MPSoC_ext_platform_i/clk_wiz_0/inst/clkout1_buf/O
    X1Y1 (CLOCK_ROOT)    net (fo=50977, routed)       2.547     5.306    MPSoC_ext_platform_i/proc_sys_reset_0/U0/EXT_LPF/ACTIVE_LOW_EXT.ACT_LO_EXT/dest_clk
    SLICE_X6Y134         FDRE                                         r  MPSoC_ext_platform_i/proc_sys_reset_0/U0/EXT_LPF/ACTIVE_LOW_EXT.ACT_LO_EXT/syncstages_ff_reg[0]/C





Min Delay Paths
--------------------------------------------------------------------------------------
Slack:                    inf
  Source:                 MPSoC_ext_platform_i/ps_e/inst/PS8_i/EMIOGPIOO[95]
                            (internal pin)
  Destination:            MPSoC_ext_platform_i/proc_sys_reset_0/U0/EXT_LPF/ACTIVE_LOW_EXT.ACT_LO_EXT/syncstages_ff_reg[0]/D
                            (rising edge-triggered cell FDRE clocked by clk_out1_MPSoC_ext_platform_clk_wiz_0_0  {rise@0.000ns fall@3.333ns period=6.667ns})
  Path Group:             (none)
  Path Type:              Hold (Min at Fast Process Corner)
  Data Path Delay:        1.038ns  (logic 0.104ns (10.024%)  route 0.934ns (89.976%))
  Logic Levels:           1  (LUT1=1)
  Clock Uncertainty:      0.146ns  ((TSJ^2 + DJ^2)^1/2) / 2 + PE
    Total System Jitter     (TSJ):    0.050ns
    Discrete Jitter          (DJ):    0.106ns
    Phase Error              (PE):    0.087ns
  Clock Net Delay (Destination): 1.675ns (routing 0.738ns, distribution 0.937ns)
  Timing Exception:       False Path

    Location             Delay type                Incr(ns)  Path(ns)    Netlist Resource(s)
  -------------------------------------------------------------------    -------------------
    PS8_X0Y0             PS8                          0.000     0.000 f  MPSoC_ext_platform_i/ps_e/inst/PS8_i/EMIOGPIOO[95]
                         net (fo=2, routed)           0.822     0.822    MPSoC_ext_platform_i/proc_sys_reset_0/U0/EXT_LPF/ext_reset_in
    SLICE_X6Y134         LUT1 (Prop_H6LUT_SLICEL_I0_O)
                                                      0.104     0.926 r  MPSoC_ext_platform_i/proc_sys_reset_0/U0/EXT_LPF/ACTIVE_LOW_EXT.ACT_LO_EXT_i_1/O
                         net (fo=1, routed)           0.112     1.038    MPSoC_ext_platform_i/proc_sys_reset_0/U0/EXT_LPF/ACTIVE_LOW_EXT.ACT_LO_EXT/src_in
    SLICE_X6Y134         FDRE                                         r  MPSoC_ext_platform_i/proc_sys_reset_0/U0/EXT_LPF/ACTIVE_LOW_EXT.ACT_LO_EXT/syncstages_ff_reg[0]/D
  -------------------------------------------------------------------    -------------------

                         (clock clk_out1_MPSoC_ext_platform_clk_wiz_0_0 rise edge)
                                                      0.000     0.000 r  <hidden>
    PS8_X0Y0             PS8                          0.000     0.000 r  MPSoC_ext_platform_i/ps_e/inst/PS8_i/PLCLK[0]
                         net (fo=1, routed)           0.164     0.164    MPSoC_ext_platform_i/ps_e/inst/pl_clk_unbuffered[0]
    BUFG_PS_X0Y81        BUFG_PS (Prop_BUFG_PS_I_O)
                                                      0.023     0.187 r  MPSoC_ext_platform_i/ps_e/inst/buffer_pl_clk_0.PL_CLK_0_BUFG/O
                         net (fo=1, routed)           0.964     1.151    MPSoC_ext_platform_i/clk_wiz_0/inst/clk_in1
    MMCM_X0Y3            MMCME4_ADV (Prop_MMCM_CLKIN1_CLKOUT0)
                                                     -0.079     1.072 r  MPSoC_ext_platform_i/clk_wiz_0/inst/mmcme4_adv_inst/CLKOUT0
                         net (fo=1, routed)           0.204     1.276    MPSoC_ext_platform_i/clk_wiz_0/inst/clk_out1_MPSoC_ext_platform_clk_wiz_0_0
    BUFGCE_X0Y76         BUFGCE (Prop_BUFCE_BUFGCE_I_O)
                                                      0.026     1.302 r  MPSoC_ext_platform_i/clk_wiz_0/inst/clkout1_buf/O
    X1Y1 (CLOCK_ROOT)    net (fo=50977, routed)       1.675     2.977    MPSoC_ext_platform_i/proc_sys_reset_0/U0/EXT_LPF/ACTIVE_LOW_EXT.ACT_LO_EXT/dest_clk
    SLICE_X6Y134         FDRE                                         r  MPSoC_ext_platform_i/proc_sys_reset_0/U0/EXT_LPF/ACTIVE_LOW_EXT.ACT_LO_EXT/syncstages_ff_reg[0]/C





--------------------------------------------------------------------------------------
Path Group:  (none)
From Clock:  clk_out1_MPSoC_ext_platform_clk_wiz_0_0
  To Clock:  clk_out1_MPSoC_ext_platform_clk_wiz_0_0

Max Delay           193 Endpoints
Min Delay           193 Endpoints
--------------------------------------------------------------------------------------


Max Delay Paths
--------------------------------------------------------------------------------------
Slack:                    inf
  Source:                 MPSoC_ext_platform_i/smc_ic_ps_e_S_AXI_HP0_FPD/inst/clk_map/psr_aclk/U0/ACTIVE_LOW_BSR_OUT_DFF[0].FDRE_BSR_N/C
                            (rising edge-triggered cell FDRE clocked by clk_out1_MPSoC_ext_platform_clk_wiz_0_0  {rise@0.000ns fall@3.333ns period=6.667ns})
  Destination:            MPSoC_ext_platform_i/smc_ic_ps_e_S_AXI_HP0_FPD/inst/s01_entry_pipeline/s01_si_converter/inst/xpm_cdc_async_rst_inst/arststages_ff_reg[0]/CLR
                            (recovery check against rising-edge clock clk_out1_MPSoC_ext_platform_clk_wiz_0_0  {rise@0.000ns fall@3.333ns period=6.667ns})
  Path Group:             (none)
  Path Type:              Recovery (Max at Slow Process Corner)
  Data Path Delay:        3.416ns  (logic 0.114ns (3.337%)  route 3.302ns (96.663%))
  Logic Levels:           0  
  Clock Path Skew:        0.209ns (DCD - SCD + CPR)
    Destination Clock Delay (DCD):    5.136ns
    Source Clock Delay      (SCD):    4.928ns
    Clock Pessimism Removal (CPR):    0.000ns
  Clock Uncertainty:      0.064ns  ((TSJ^2 + DJ^2)^1/2) / 2 + PE
    Total System Jitter     (TSJ):    0.071ns
    Discrete Jitter          (DJ):    0.108ns
    Phase Error              (PE):    0.000ns
  Clock Net Delay (Source):      2.761ns (routing 1.241ns, distribution 1.520ns)
  Clock Net Delay (Destination): 2.377ns (routing 1.133ns, distribution 1.244ns)
  Timing Exception:       False Path

    Location             Delay type                Incr(ns)  Path(ns)    Netlist Resource(s)
  -------------------------------------------------------------------    -------------------
                         (clock clk_out1_MPSoC_ext_platform_clk_wiz_0_0 rise edge)
                                                      0.000     0.000 r  <hidden>
    PS8_X0Y0             PS8                          0.000     0.000 r  MPSoC_ext_platform_i/ps_e/inst/PS8_i/PLCLK[0]
                         net (fo=1, routed)           0.229     0.229    MPSoC_ext_platform_i/ps_e/inst/pl_clk_unbuffered[0]
    BUFG_PS_X0Y81        BUFG_PS (Prop_BUFG_PS_I_O)
                                                      0.038     0.267 r  MPSoC_ext_platform_i/ps_e/inst/buffer_pl_clk_0.PL_CLK_0_BUFG/O
                         net (fo=1, routed)           1.611     1.878    MPSoC_ext_platform_i/clk_wiz_0/inst/clk_in1
    MMCM_X0Y3            MMCME4_ADV (Prop_MMCM_CLKIN1_CLKOUT0)
                                                     -0.103     1.775 r  MPSoC_ext_platform_i/clk_wiz_0/inst/mmcme4_adv_inst/CLKOUT0
                         net (fo=1, routed)           0.348     2.123    MPSoC_ext_platform_i/clk_wiz_0/inst/clk_out1_MPSoC_ext_platform_clk_wiz_0_0
    BUFGCE_X0Y76         BUFGCE (Prop_BUFCE_BUFGCE_I_O)
                                                      0.044     2.167 r  MPSoC_ext_platform_i/clk_wiz_0/inst/clkout1_buf/O
    X1Y1 (CLOCK_ROOT)    net (fo=50977, routed)       2.761     4.928    MPSoC_ext_platform_i/smc_ic_ps_e_S_AXI_HP0_FPD/inst/clk_map/psr_aclk/U0/aclk
    SLICE_X19Y119        FDRE                                         r  MPSoC_ext_platform_i/smc_ic_ps_e_S_AXI_HP0_FPD/inst/clk_map/psr_aclk/U0/ACTIVE_LOW_BSR_OUT_DFF[0].FDRE_BSR_N/C
  -------------------------------------------------------------------    -------------------
    SLICE_X19Y119        FDRE (Prop_EFF_SLICEL_C_Q)
                                                      0.114     5.042 r  MPSoC_ext_platform_i/smc_ic_ps_e_S_AXI_HP0_FPD/inst/clk_map/psr_aclk/U0/ACTIVE_LOW_BSR_OUT_DFF[0].FDRE_BSR_N/Q
                         net (fo=105, routed)         3.302     8.344    MPSoC_ext_platform_i/smc_ic_ps_e_S_AXI_HP0_FPD/inst/s01_entry_pipeline/s01_si_converter/inst/xpm_cdc_async_rst_inst/src_arst
    SLICE_X25Y180        FDCE                                         f  MPSoC_ext_platform_i/smc_ic_ps_e_S_AXI_HP0_FPD/inst/s01_entry_pipeline/s01_si_converter/inst/xpm_cdc_async_rst_inst/arststages_ff_reg[0]/CLR  (IS_INVERTED)
  -------------------------------------------------------------------    -------------------

                         (clock clk_out1_MPSoC_ext_platform_clk_wiz_0_0 rise edge)
                                                      0.000     0.000 r  <hidden>
    PS8_X0Y0             PS8                          0.000     0.000 r  MPSoC_ext_platform_i/ps_e/inst/PS8_i/PLCLK[0]
                         net (fo=1, routed)           0.181     0.181    MPSoC_ext_platform_i/ps_e/inst/pl_clk_unbuffered[0]
    BUFG_PS_X0Y81        BUFG_PS (Prop_BUFG_PS_I_O)
                                                      0.035     0.216 r  MPSoC_ext_platform_i/ps_e/inst/buffer_pl_clk_0.PL_CLK_0_BUFG/O
                         net (fo=1, routed)           1.458     1.674    MPSoC_ext_platform_i/clk_wiz_0/inst/clk_in1
    MMCM_X0Y3            MMCME4_ADV (Prop_MMCM_CLKIN1_CLKOUT0)
                                                      0.739     2.413 r  MPSoC_ext_platform_i/clk_wiz_0/inst/mmcme4_adv_inst/CLKOUT0
                         net (fo=1, routed)           0.307     2.720    MPSoC_ext_platform_i/clk_wiz_0/inst/clk_out1_MPSoC_ext_platform_clk_wiz_0_0
    BUFGCE_X0Y76         BUFGCE (Prop_BUFCE_BUFGCE_I_O)
                                                      0.039     2.759 r  MPSoC_ext_platform_i/clk_wiz_0/inst/clkout1_buf/O
    X1Y1 (CLOCK_ROOT)    net (fo=50977, routed)       2.377     5.136    MPSoC_ext_platform_i/smc_ic_ps_e_S_AXI_HP0_FPD/inst/s01_entry_pipeline/s01_si_converter/inst/xpm_cdc_async_rst_inst/dest_clk
    SLICE_X25Y180        FDCE                                         r  MPSoC_ext_platform_i/smc_ic_ps_e_S_AXI_HP0_FPD/inst/s01_entry_pipeline/s01_si_converter/inst/xpm_cdc_async_rst_inst/arststages_ff_reg[0]/C





Min Delay Paths
--------------------------------------------------------------------------------------
Slack:                    inf
  Source:                 MPSoC_ext_platform_i/proc_sys_reset_0/U0/ACTIVE_LOW_PR_OUT_DFF[0].FDRE_PER_N/C
                            (rising edge-triggered cell FDRE clocked by clk_out1_MPSoC_ext_platform_clk_wiz_0_0  {rise@0.000ns fall@3.333ns period=6.667ns})
  Destination:            MPSoC_ext_platform_i/smc_ic_ps_e_M_AXI_HPM1_FPD/inst/sc_ul/inst/cdc_aresetn/syncstages_ff_reg[0]/D
                            (rising edge-triggered cell FDRE clocked by clk_out1_MPSoC_ext_platform_clk_wiz_0_0  {rise@0.000ns fall@3.333ns period=6.667ns})
  Path Group:             (none)
  Path Type:              Hold (Min at Fast Process Corner)
  Data Path Delay:        0.149ns  (logic 0.084ns (56.514%)  route 0.065ns (43.486%))
  Logic Levels:           0  
  Clock Path Skew:        -0.355ns (DCD - SCD - CPR)
    Destination Clock Delay (DCD):    2.976ns
    Source Clock Delay      (SCD):    3.331ns
    Clock Pessimism Removal (CPR):    -0.000ns
  Clock Uncertainty:      0.064ns  ((TSJ^2 + DJ^2)^1/2) / 2 + PE
    Total System Jitter     (TSJ):    0.071ns
    Discrete Jitter          (DJ):    0.108ns
    Phase Error              (PE):    0.000ns
  Clock Net Delay (Source):      1.529ns (routing 0.676ns, distribution 0.853ns)
  Clock Net Delay (Destination): 1.674ns (routing 0.738ns, distribution 0.936ns)
  Timing Exception:       False Path

    Location             Delay type                Incr(ns)  Path(ns)    Netlist Resource(s)
  -------------------------------------------------------------------    -------------------
                         (clock clk_out1_MPSoC_ext_platform_clk_wiz_0_0 rise edge)
                                                      0.000     0.000 r  <hidden>
    PS8_X0Y0             PS8                          0.000     0.000 r  MPSoC_ext_platform_i/ps_e/inst/PS8_i/PLCLK[0]
                         net (fo=1, routed)           0.129     0.129    MPSoC_ext_platform_i/ps_e/inst/pl_clk_unbuffered[0]
    BUFG_PS_X0Y81        BUFG_PS (Prop_BUFG_PS_I_O)
                                                      0.022     0.151 r  MPSoC_ext_platform_i/ps_e/inst/buffer_pl_clk_0.PL_CLK_0_BUFG/O
                         net (fo=1, routed)           0.883     1.034    MPSoC_ext_platform_i/clk_wiz_0/inst/clk_in1
    MMCM_X0Y3            MMCME4_ADV (Prop_MMCM_CLKIN1_CLKOUT0)
                                                      0.566     1.600 r  MPSoC_ext_platform_i/clk_wiz_0/inst/mmcme4_adv_inst/CLKOUT0
                         net (fo=1, routed)           0.179     1.779    MPSoC_ext_platform_i/clk_wiz_0/inst/clk_out1_MPSoC_ext_platform_clk_wiz_0_0
    BUFGCE_X0Y76         BUFGCE (Prop_BUFCE_BUFGCE_I_O)
                                                      0.023     1.802 r  MPSoC_ext_platform_i/clk_wiz_0/inst/clkout1_buf/O
    X1Y1 (CLOCK_ROOT)    net (fo=50977, routed)       1.529     3.331    MPSoC_ext_platform_i/proc_sys_reset_0/U0/slowest_sync_clk
    SLICE_X6Y138         FDRE                                         r  MPSoC_ext_platform_i/proc_sys_reset_0/U0/ACTIVE_LOW_PR_OUT_DFF[0].FDRE_PER_N/C
  -------------------------------------------------------------------    -------------------
    SLICE_X6Y138         FDRE (Prop_DFF_SLICEL_C_Q)
                                                      0.084     3.415 r  MPSoC_ext_platform_i/proc_sys_reset_0/U0/ACTIVE_LOW_PR_OUT_DFF[0].FDRE_PER_N/Q
                         net (fo=3, routed)           0.065     3.480    MPSoC_ext_platform_i/smc_ic_ps_e_M_AXI_HPM1_FPD/inst/sc_ul/inst/cdc_aresetn/src_rst
    SLICE_X6Y136         FDRE                                         r  MPSoC_ext_platform_i/smc_ic_ps_e_M_AXI_HPM1_FPD/inst/sc_ul/inst/cdc_aresetn/syncstages_ff_reg[0]/D
  -------------------------------------------------------------------    -------------------

                         (clock clk_out1_MPSoC_ext_platform_clk_wiz_0_0 rise edge)
                                                      0.000     0.000 r  <hidden>
    PS8_X0Y0             PS8                          0.000     0.000 r  MPSoC_ext_platform_i/ps_e/inst/PS8_i/PLCLK[0]
                         net (fo=1, routed)           0.164     0.164    MPSoC_ext_platform_i/ps_e/inst/pl_clk_unbuffered[0]
    BUFG_PS_X0Y81        BUFG_PS (Prop_BUFG_PS_I_O)
                                                      0.023     0.187 r  MPSoC_ext_platform_i/ps_e/inst/buffer_pl_clk_0.PL_CLK_0_BUFG/O
                         net (fo=1, routed)           0.964     1.151    MPSoC_ext_platform_i/clk_wiz_0/inst/clk_in1
    MMCM_X0Y3            MMCME4_ADV (Prop_MMCM_CLKIN1_CLKOUT0)
                                                     -0.079     1.072 r  MPSoC_ext_platform_i/clk_wiz_0/inst/mmcme4_adv_inst/CLKOUT0
                         net (fo=1, routed)           0.204     1.276    MPSoC_ext_platform_i/clk_wiz_0/inst/clk_out1_MPSoC_ext_platform_clk_wiz_0_0
    BUFGCE_X0Y76         BUFGCE (Prop_BUFCE_BUFGCE_I_O)
                                                      0.026     1.302 r  MPSoC_ext_platform_i/clk_wiz_0/inst/clkout1_buf/O
    X1Y1 (CLOCK_ROOT)    net (fo=50977, routed)       1.674     2.976    MPSoC_ext_platform_i/smc_ic_ps_e_M_AXI_HPM1_FPD/inst/sc_ul/inst/cdc_aresetn/dest_clk
    SLICE_X6Y136         FDRE                                         r  MPSoC_ext_platform_i/smc_ic_ps_e_M_AXI_HPM1_FPD/inst/sc_ul/inst/cdc_aresetn/syncstages_ff_reg[0]/C





--------------------------------------------------------------------------------------
Path Group:  (none)
From Clock:  
  To Clock:  clk_out1_MPSoC_ext_platform_clk_wiz_0_0

Max Delay           190 Endpoints
Min Delay           190 Endpoints
--------------------------------------------------------------------------------------


Max Delay Paths
--------------------------------------------------------------------------------------
Slack:                    inf
  Source:                 MPSoC_ext_platform_i/w4a8_linear_v1_1/inst/grp_w4a8_linear_v1_Pipeline_VITIS_LOOP_723_7_fu_607/fmul_32ns_32ns_32_4_max_dsp_1_U308/w4a8_linear_v1_fmul_32ns_32ns_32_4_max_dsp_1_ip_u/U0/<hidden>/<hidden>/<hidden>/<hidden>/<hidden>/<hidden>/<hidden>/<hidden>
                            (internal pin)
  Destination:            MPSoC_ext_platform_i/w4a8_linear_v1_1/inst/grp_w4a8_linear_v1_Pipeline_VITIS_LOOP_723_7_fu_607/fmul_32ns_32ns_32_4_max_dsp_1_U308/w4a8_linear_v1_fmul_32ns_32ns_32_4_max_dsp_1_ip_u/U0/<hidden>/<hidden>/<hidden>/<hidden>/<hidden>
                            (rising edge-triggered cell FDRE clocked by clk_out1_MPSoC_ext_platform_clk_wiz_0_0  {rise@0.000ns fall@3.333ns period=6.667ns})
  Path Group:             (none)
  Path Type:              Setup (Max at Slow Process Corner)
  Data Path Delay:        2.457ns  (logic 1.347ns (54.820%)  route 1.110ns (45.180%))
  Logic Levels:           4  (DSP_ALU=1 DSP_OUTPUT=1 LUT3=1 LUT6=1)
  Clock Uncertainty:      0.146ns  ((TSJ^2 + DJ^2)^1/2) / 2 + PE
    Total System Jitter     (TSJ):    0.050ns
    Discrete Jitter          (DJ):    0.106ns
    Phase Error              (PE):    0.087ns
  Clock Net Delay (Destination): 2.515ns (routing 1.133ns, distribution 1.382ns)

    Location             Delay type                Incr(ns)  Path(ns)    Netlist Resource(s)
  -------------------------------------------------------------------    -------------------
    DSP48E2_X12Y79       DSP_C_DATA                   0.000     0.000 r  MPSoC_ext_platform_i/w4a8_linear_v1_1/inst/grp_w4a8_linear_v1_Pipeline_VITIS_LOOP_723_7_fu_607/fmul_32ns_32ns_32_4_max_dsp_1_U308/w4a8_linear_v1_fmul_32ns_32ns_32_4_max_dsp_1_ip_u/U0/<hidden>/<hidden>/<hidden>/<hidden>/<hidden>/<hidden>/<hidden>/<hidden>
                         net (fo=2, routed)           0.000     0.000    MPSoC_ext_platform_i/w4a8_linear_v1_1/inst/grp_w4a8_linear_v1_Pipeline_VITIS_LOOP_723_7_fu_607/fmul_32ns_32ns_32_4_max_dsp_1_U308/w4a8_linear_v1_fmul_32ns_32ns_32_4_max_dsp_1_ip_u/U0/<hidden>/<hidden>/<hidden>/<hidden>/<hidden>/<hidden>/<hidden>
    DSP48E2_X12Y79       DSP_ALU (Prop_DSP_ALU_DSP48E2_C_DATA[28]_ALU_OUT[28])
                                                      0.786     0.786 f  MPSoC_ext_platform_i/w4a8_linear_v1_1/inst/grp_w4a8_linear_v1_Pipeline_VITIS_LOOP_723_7_fu_607/fmul_32ns_32ns_32_4_max_dsp_1_U308/w4a8_linear_v1_fmul_32ns_32ns_32_4_max_dsp_1_ip_u/U0/<hidden>/<hidden>/<hidden>/<hidden>/<hidden>/<hidden>/<hidden>/<hidden>
                         net (fo=1, routed)           0.000     0.786    MPSoC_ext_platform_i/w4a8_linear_v1_1/inst/grp_w4a8_linear_v1_Pipeline_VITIS_LOOP_723_7_fu_607/fmul_32ns_32ns_32_4_max_dsp_1_U308/w4a8_linear_v1_fmul_32ns_32ns_32_4_max_dsp_1_ip_u/U0/<hidden>/<hidden>/<hidden>/<hidden>/<hidden>/<hidden>/<hidden>
    DSP48E2_X12Y79       DSP_OUTPUT (Prop_DSP_OUTPUT_DSP48E2_ALU_OUT[28]_P[28])
                                                      0.146     0.932 r  MPSoC_ext_platform_i/w4a8_linear_v1_1/inst/grp_w4a8_linear_v1_Pipeline_VITIS_LOOP_723_7_fu_607/fmul_32ns_32ns_32_4_max_dsp_1_U308/w4a8_linear_v1_fmul_32ns_32ns_32_4_max_dsp_1_ip_u/U0/<hidden>/<hidden>/<hidden>/<hidden>/<hidden>/<hidden>/<hidden>/<hidden>
                         net (fo=2, routed)           0.510     1.442    MPSoC_ext_platform_i/w4a8_linear_v1_1/inst/grp_w4a8_linear_v1_Pipeline_VITIS_LOOP_723_7_fu_607/fmul_32ns_32ns_32_4_max_dsp_1_U308/w4a8_linear_v1_fmul_32ns_32ns_32_4_max_dsp_1_ip_u/U0/<hidden>/<hidden>/<hidden>/<hidden>/<hidden>/<hidden>
    SLICE_X53Y198        LUT6 (Prop_H6LUT_SLICEM_I1_O)
                                                      0.228     1.670 r  MPSoC_ext_platform_i/w4a8_linear_v1_1/inst/grp_w4a8_linear_v1_Pipeline_VITIS_LOOP_723_7_fu_607/fmul_32ns_32ns_32_4_max_dsp_1_U308/w4a8_linear_v1_fmul_32ns_32ns_32_4_max_dsp_1_ip_u/U0/<hidden>/<hidden>/<hidden>/<hidden>/<hidden>/<hidden>/<hidden>
                         net (fo=1, routed)           0.221     1.891    MPSoC_ext_platform_i/w4a8_linear_v1_1/inst/grp_w4a8_linear_v1_Pipeline_VITIS_LOOP_723_7_fu_607/fmul_32ns_32ns_32_4_max_dsp_1_U308/w4a8_linear_v1_fmul_32ns_32ns_32_4_max_dsp_1_ip_u/U0/<hidden>/<hidden>/<hidden>/<hidden>/<hidden>/<hidden>
    SLICE_X52Y195        LUT3 (Prop_D5LUT_SLICEL_I1_O)
                                                      0.187     2.078 r  MPSoC_ext_platform_i/w4a8_linear_v1_1/inst/grp_w4a8_linear_v1_Pipeline_VITIS_LOOP_723_7_fu_607/fmul_32ns_32ns_32_4_max_dsp_1_U308/w4a8_linear_v1_fmul_32ns_32ns_32_4_max_dsp_1_ip_u/U0/<hidden>/<hidden>/<hidden>/<hidden>/<hidden>/<hidden>/<hidden>
                         net (fo=1, routed)           0.379     2.457    MPSoC_ext_platform_i/w4a8_linear_v1_1/inst/grp_w4a8_linear_v1_Pipeline_VITIS_LOOP_723_7_fu_607/fmul_32ns_32ns_32_4_max_dsp_1_U308/w4a8_linear_v1_fmul_32ns_32ns_32_4_max_dsp_1_ip_u/U0/<hidden>/<hidden>/<hidden>/<hidden>
    SLICE_X52Y195        FDRE                                         r  MPSoC_ext_platform_i/w4a8_linear_v1_1/inst/grp_w4a8_linear_v1_Pipeline_VITIS_LOOP_723_7_fu_607/fmul_32ns_32ns_32_4_max_dsp_1_U308/w4a8_linear_v1_fmul_32ns_32ns_32_4_max_dsp_1_ip_u/U0/<hidden>/<hidden>/<hidden>/<hidden>/<hidden>
  -------------------------------------------------------------------    -------------------

                         (clock clk_out1_MPSoC_ext_platform_clk_wiz_0_0 rise edge)
                                                      0.000     0.000 r  <hidden>
    PS8_X0Y0             PS8                          0.000     0.000 r  MPSoC_ext_platform_i/ps_e/inst/PS8_i/PLCLK[0]
                         net (fo=1, routed)           0.181     0.181    MPSoC_ext_platform_i/ps_e/inst/pl_clk_unbuffered[0]
    BUFG_PS_X0Y81        BUFG_PS (Prop_BUFG_PS_I_O)
                                                      0.035     0.216 r  MPSoC_ext_platform_i/ps_e/inst/buffer_pl_clk_0.PL_CLK_0_BUFG/O
                         net (fo=1, routed)           1.458     1.674    MPSoC_ext_platform_i/clk_wiz_0/inst/clk_in1
    MMCM_X0Y3            MMCME4_ADV (Prop_MMCM_CLKIN1_CLKOUT0)
                                                      0.739     2.413 r  MPSoC_ext_platform_i/clk_wiz_0/inst/mmcme4_adv_inst/CLKOUT0
                         net (fo=1, routed)           0.307     2.720    MPSoC_ext_platform_i/clk_wiz_0/inst/clk_out1_MPSoC_ext_platform_clk_wiz_0_0
    BUFGCE_X0Y76         BUFGCE (Prop_BUFCE_BUFGCE_I_O)
                                                      0.039     2.759 r  MPSoC_ext_platform_i/clk_wiz_0/inst/clkout1_buf/O
    X1Y1 (CLOCK_ROOT)    net (fo=50977, routed)       2.515     5.274    MPSoC_ext_platform_i/w4a8_linear_v1_1/inst/grp_w4a8_linear_v1_Pipeline_VITIS_LOOP_723_7_fu_607/fmul_32ns_32ns_32_4_max_dsp_1_U308/w4a8_linear_v1_fmul_32ns_32ns_32_4_max_dsp_1_ip_u/U0/<hidden>/<hidden>/<hidden>/<hidden>
    SLICE_X52Y195        FDRE                                         r  MPSoC_ext_platform_i/w4a8_linear_v1_1/inst/grp_w4a8_linear_v1_Pipeline_VITIS_LOOP_723_7_fu_607/fmul_32ns_32ns_32_4_max_dsp_1_U308/w4a8_linear_v1_fmul_32ns_32ns_32_4_max_dsp_1_ip_u/U0/<hidden>/<hidden>/<hidden>/<hidden>/<hidden>





Min Delay Paths
--------------------------------------------------------------------------------------
Slack:                    inf
  Source:                 MPSoC_ext_platform_i/w4a8_linear_v1_1/inst/grp_p_anonymous_namespace_compute_prefill_fu_541/grp_p_anonymous_namespace_prefill_overlap_fu_336/p_anonymous_namespace_compute_prefill_group_U0/grp_p_anonymous_namespace_compute_prefill_group_Pipeline_VITIS_LOOP_287_2_fu_114/fadd_32ns_32ns_32_6_full_dsp_1_U164/w4a8_linear_v1_fadd_32ns_32ns_32_6_full_dsp_1_ip_u/U0/<hidden>/<hidden>/<hidden>/<hidden>/<hidden>/<hidden>/<hidden>/<hidden>
                            (internal pin)
  Destination:            MPSoC_ext_platform_i/w4a8_linear_v1_1/inst/grp_p_anonymous_namespace_compute_prefill_fu_541/grp_p_anonymous_namespace_prefill_overlap_fu_336/p_anonymous_namespace_compute_prefill_group_U0/grp_p_anonymous_namespace_compute_prefill_group_Pipeline_VITIS_LOOP_287_2_fu_114/fadd_32ns_32ns_32_6_full_dsp_1_U164/w4a8_linear_v1_fadd_32ns_32ns_32_6_full_dsp_1_ip_u/U0/<hidden>/<hidden>/<hidden>/<hidden>/<hidden>/<hidden>
                            (rising edge-triggered cell FDRE clocked by clk_out1_MPSoC_ext_platform_clk_wiz_0_0  {rise@0.000ns fall@3.333ns period=6.667ns})
  Path Group:             (none)
  Path Type:              Hold (Min at Fast Process Corner)
  Data Path Delay:        0.214ns  (logic 0.147ns (68.692%)  route 0.067ns (31.308%))
  Logic Levels:           2  (DSP_ALU=1 DSP_OUTPUT=1)
  Clock Uncertainty:      0.146ns  ((TSJ^2 + DJ^2)^1/2) / 2 + PE
    Total System Jitter     (TSJ):    0.050ns
    Discrete Jitter          (DJ):    0.106ns
    Phase Error              (PE):    0.087ns
  Clock Net Delay (Destination): 1.556ns (routing 0.738ns, distribution 0.818ns)

    Location             Delay type                Incr(ns)  Path(ns)    Netlist Resource(s)
  -------------------------------------------------------------------    -------------------
    DSP48E2_X6Y52        DSP_C_DATA                   0.000     0.000 r  MPSoC_ext_platform_i/w4a8_linear_v1_1/inst/grp_p_anonymous_namespace_compute_prefill_fu_541/grp_p_anonymous_namespace_prefill_overlap_fu_336/p_anonymous_namespace_compute_prefill_group_U0/grp_p_anonymous_namespace_compute_prefill_group_Pipeline_VITIS_LOOP_287_2_fu_114/fadd_32ns_32ns_32_6_full_dsp_1_U164/w4a8_linear_v1_fadd_32ns_32ns_32_6_full_dsp_1_ip_u/U0/<hidden>/<hidden>/<hidden>/<hidden>/<hidden>/<hidden>/<hidden>/<hidden>
                         net (fo=2, routed)           0.000     0.000    MPSoC_ext_platform_i/w4a8_linear_v1_1/inst/grp_p_anonymous_namespace_compute_prefill_fu_541/grp_p_anonymous_namespace_prefill_overlap_fu_336/p_anonymous_namespace_compute_prefill_group_U0/grp_p_anonymous_namespace_compute_prefill_group_Pipeline_VITIS_LOOP_287_2_fu_114/fadd_32ns_32ns_32_6_full_dsp_1_U164/w4a8_linear_v1_fadd_32ns_32ns_32_6_full_dsp_1_ip_u/U0/<hidden>/<hidden>/<hidden>/<hidden>/<hidden>/<hidden>/<hidden>
    DSP48E2_X6Y52        DSP_ALU (Prop_DSP_ALU_DSP48E2_C_DATA[8]_ALU_OUT[8])
                                                      0.114     0.114 f  MPSoC_ext_platform_i/w4a8_linear_v1_1/inst/grp_p_anonymous_namespace_compute_prefill_fu_541/grp_p_anonymous_namespace_prefill_overlap_fu_336/p_anonymous_namespace_compute_prefill_group_U0/grp_p_anonymous_namespace_compute_prefill_group_Pipeline_VITIS_LOOP_287_2_fu_114/fadd_32ns_32ns_32_6_full_dsp_1_U164/w4a8_linear_v1_fadd_32ns_32ns_32_6_full_dsp_1_ip_u/U0/<hidden>/<hidden>/<hidden>/<hidden>/<hidden>/<hidden>/<hidden>/<hidden>
                         net (fo=1, routed)           0.000     0.114    MPSoC_ext_platform_i/w4a8_linear_v1_1/inst/grp_p_anonymous_namespace_compute_prefill_fu_541/grp_p_anonymous_namespace_prefill_overlap_fu_336/p_anonymous_namespace_compute_prefill_group_U0/grp_p_anonymous_namespace_compute_prefill_group_Pipeline_VITIS_LOOP_287_2_fu_114/fadd_32ns_32ns_32_6_full_dsp_1_U164/w4a8_linear_v1_fadd_32ns_32ns_32_6_full_dsp_1_ip_u/U0/<hidden>/<hidden>/<hidden>/<hidden>/<hidden>/<hidden>/<hidden>
    DSP48E2_X6Y52        DSP_OUTPUT (Prop_DSP_OUTPUT_DSP48E2_ALU_OUT[8]_P[8])
                                                      0.033     0.147 r  MPSoC_ext_platform_i/w4a8_linear_v1_1/inst/grp_p_anonymous_namespace_compute_prefill_fu_541/grp_p_anonymous_namespace_prefill_overlap_fu_336/p_anonymous_namespace_compute_prefill_group_U0/grp_p_anonymous_namespace_compute_prefill_group_Pipeline_VITIS_LOOP_287_2_fu_114/fadd_32ns_32ns_32_6_full_dsp_1_U164/w4a8_linear_v1_fadd_32ns_32ns_32_6_full_dsp_1_ip_u/U0/<hidden>/<hidden>/<hidden>/<hidden>/<hidden>/<hidden>/<hidden>/<hidden>
                         net (fo=1, routed)           0.067     0.214    MPSoC_ext_platform_i/w4a8_linear_v1_1/inst/grp_p_anonymous_namespace_compute_prefill_fu_541/grp_p_anonymous_namespace_prefill_overlap_fu_336/p_anonymous_namespace_compute_prefill_group_U0/grp_p_anonymous_namespace_compute_prefill_group_Pipeline_VITIS_LOOP_287_2_fu_114/fadd_32ns_32ns_32_6_full_dsp_1_U164/w4a8_linear_v1_fadd_32ns_32ns_32_6_full_dsp_1_ip_u/U0/<hidden>/<hidden>/<hidden>/<hidden>/<hidden>
    SLICE_X23Y130        FDRE                                         r  MPSoC_ext_platform_i/w4a8_linear_v1_1/inst/grp_p_anonymous_namespace_compute_prefill_fu_541/grp_p_anonymous_namespace_prefill_overlap_fu_336/p_anonymous_namespace_compute_prefill_group_U0/grp_p_anonymous_namespace_compute_prefill_group_Pipeline_VITIS_LOOP_287_2_fu_114/fadd_32ns_32ns_32_6_full_dsp_1_U164/w4a8_linear_v1_fadd_32ns_32ns_32_6_full_dsp_1_ip_u/U0/<hidden>/<hidden>/<hidden>/<hidden>/<hidden>/<hidden>
  -------------------------------------------------------------------    -------------------

                         (clock clk_out1_MPSoC_ext_platform_clk_wiz_0_0 rise edge)
                                                      0.000     0.000 r  <hidden>
    PS8_X0Y0             PS8                          0.000     0.000 r  MPSoC_ext_platform_i/ps_e/inst/PS8_i/PLCLK[0]
                         net (fo=1, routed)           0.164     0.164    MPSoC_ext_platform_i/ps_e/inst/pl_clk_unbuffered[0]
    BUFG_PS_X0Y81        BUFG_PS (Prop_BUFG_PS_I_O)
                                                      0.023     0.187 r  MPSoC_ext_platform_i/ps_e/inst/buffer_pl_clk_0.PL_CLK_0_BUFG/O
                         net (fo=1, routed)           0.964     1.151    MPSoC_ext_platform_i/clk_wiz_0/inst/clk_in1
    MMCM_X0Y3            MMCME4_ADV (Prop_MMCM_CLKIN1_CLKOUT0)
                                                     -0.079     1.072 r  MPSoC_ext_platform_i/clk_wiz_0/inst/mmcme4_adv_inst/CLKOUT0
                         net (fo=1, routed)           0.204     1.276    MPSoC_ext_platform_i/clk_wiz_0/inst/clk_out1_MPSoC_ext_platform_clk_wiz_0_0
    BUFGCE_X0Y76         BUFGCE (Prop_BUFCE_BUFGCE_I_O)
                                                      0.026     1.302 r  MPSoC_ext_platform_i/clk_wiz_0/inst/clkout1_buf/O
    X1Y1 (CLOCK_ROOT)    net (fo=50977, routed)       1.556     2.858    MPSoC_ext_platform_i/w4a8_linear_v1_1/inst/grp_p_anonymous_namespace_compute_prefill_fu_541/grp_p_anonymous_namespace_prefill_overlap_fu_336/p_anonymous_namespace_compute_prefill_group_U0/grp_p_anonymous_namespace_compute_prefill_group_Pipeline_VITIS_LOOP_287_2_fu_114/fadd_32ns_32ns_32_6_full_dsp_1_U164/w4a8_linear_v1_fadd_32ns_32ns_32_6_full_dsp_1_ip_u/U0/<hidden>/<hidden>/<hidden>/<hidden>/<hidden>
    SLICE_X23Y130        FDRE                                         r  MPSoC_ext_platform_i/w4a8_linear_v1_1/inst/grp_p_anonymous_namespace_compute_prefill_fu_541/grp_p_anonymous_namespace_prefill_overlap_fu_336/p_anonymous_namespace_compute_prefill_group_U0/grp_p_anonymous_namespace_compute_prefill_group_Pipeline_VITIS_LOOP_287_2_fu_114/fadd_32ns_32ns_32_6_full_dsp_1_U164/w4a8_linear_v1_fadd_32ns_32ns_32_6_full_dsp_1_ip_u/U0/<hidden>/<hidden>/<hidden>/<hidden>/<hidden>/<hidden>





