

================================================================
== Vitis HLS Report for 'p_anonymous_namespace_load_prefill_group'
================================================================
* Date:           Sat Oct  3 03:34:15 2026

* Version:        2026.1 (Build 6493734 on Jun 16 2026)
* Project:        b03_double_hls
* Solution:       hls (Vitis Kernel Flow Target)
* Product family: zynquplus
* Target device:  xck26-sfvc784-2LV-c


================================================================
== Performance Estimates
================================================================
+ Timing: 
    * Summary: 
    +--------+---------+----------+------------+
    |  Clock |  Target | Estimated| Uncertainty|
    +--------+---------+----------+------------+
    |ap_clk  |  6.67 ns|  4.867 ns|     1.80 ns|
    +--------+---------+----------+------------+

+ Latency: 
    * Summary: 
    +---------+---------+----------+----------+-----+-----+---------+
    |  Latency (cycles) |  Latency (absolute) |  Interval | Pipeline|
    |   min   |   max   |    min   |    max   | min | max |   Type  |
    +---------+---------+----------+----------+-----+-----+---------+
    |      204|      204|  1.360 us|  1.360 us|  204|  204|       no|
    +---------+---------+----------+----------+-----+-----+---------+

    + Detail: 
        * Instance: 
        +-------------------------------------------------------------------------------+--------------------------------------------------------------------+---------+---------+----------+----------+-----+-----+-------------------+
        |                                                                               |                                                                    |  Latency (cycles) |  Latency (absolute) |  Interval |      Pipeline     |
        |                                    Instance                                   |                               Module                               |   min   |   max   |    min   |    max   | min | max |        Type       |
        +-------------------------------------------------------------------------------+--------------------------------------------------------------------+---------+---------+----------+----------+-----+-----+-------------------+
        |grp_p_anonymous_namespace_load_prefill_group_Pipeline_VITIS_LOOP_51_1_fu_108   |p_anonymous_namespace_load_prefill_group_Pipeline_VITIS_LOOP_51_1   |      131|      131|  0.873 us|  0.873 us|    0|    0|  loop pipeline stp|
        |grp_p_anonymous_namespace_load_prefill_group_Pipeline_VITIS_LOOP_251_1_fu_117  |p_anonymous_namespace_load_prefill_group_Pipeline_VITIS_LOOP_251_1  |       35|       35|  0.233 us|  0.233 us|    0|    0|  loop pipeline stp|
        +-------------------------------------------------------------------------------+--------------------------------------------------------------------+---------+---------+----------+----------+-----+-----+-------------------+

        * Loop: 
        N/A



================================================================
== Utilization Estimates
================================================================
* Summary: 
+-----------------+---------+------+--------+--------+-----+
|       Name      | BRAM_18K|  DSP |   FF   |   LUT  | URAM|
+-----------------+---------+------+--------+--------+-----+
|DSP              |        -|     -|       -|       -|    -|
|Expression       |        -|     -|       0|     146|    -|
|FIFO             |        -|     -|       -|       -|    -|
|Instance         |        -|     -|     214|     156|    -|
|Memory           |        -|     -|       -|       -|    -|
|Multiplexer      |        -|     -|       0|     683|    -|
|Register         |        -|     -|     198|       -|    -|
+-----------------+---------+------+--------+--------+-----+
|Total            |        0|     0|     412|     985|    0|
+-----------------+---------+------+--------+--------+-----+
|Available        |      288|  1248|  234240|  117120|   64|
+-----------------+---------+------+--------+--------+-----+
|Utilization (%)  |        0|     0|      ~0|      ~0|    0|
+-----------------+---------+------+--------+--------+-----+

+ Detail: 
    * Instance: 
    +-------------------------------------------------------------------------------+--------------------------------------------------------------------+---------+----+-----+----+-----+
    |                                    Instance                                   |                               Module                               | BRAM_18K| DSP|  FF | LUT| URAM|
    +-------------------------------------------------------------------------------+--------------------------------------------------------------------+---------+----+-----+----+-----+
    |grp_p_anonymous_namespace_load_prefill_group_Pipeline_VITIS_LOOP_251_1_fu_117  |p_anonymous_namespace_load_prefill_group_Pipeline_VITIS_LOOP_251_1  |        0|   0|   56|  76|    0|
    |grp_p_anonymous_namespace_load_prefill_group_Pipeline_VITIS_LOOP_51_1_fu_108   |p_anonymous_namespace_load_prefill_group_Pipeline_VITIS_LOOP_51_1   |        0|   0|  158|  80|    0|
    +-------------------------------------------------------------------------------+--------------------------------------------------------------------+---------+----+-----+----+-----+
    |Total                                                                          |                                                                    |        0|   0|  214| 156|    0|
    +-------------------------------------------------------------------------------+--------------------------------------------------------------------+---------+----+-----+----+-----+

    * DSP: 
    N/A

    * Memory: 
    N/A

    * FIFO: 
    N/A

    * Expression: 
    +----------------------------------+----------+----+---+----+------------+------------+
    |           Variable Name          | Operation| DSP| FF| LUT| Bitwidth P0| Bitwidth P1|
    +----------------------------------+----------+----+---+----+------------+------------+
    |add_ln251_fu_166_p2               |         +|   0|  0|  71|          64|          64|
    |add_ln51_fu_138_p2                |         +|   0|  0|  71|          64|          64|
    |ap_block_state2_io                |        or|   0|  0|   2|           1|           1|
    |ap_block_state74_on_subcall_done  |        or|   0|  0|   2|           1|           1|
    +----------------------------------+----------+----+---+----+------------+------------+
    |Total                             |          |   0|  0| 146|         130|         130|
    +----------------------------------+----------+----+---+----+------------+------------+

    * Multiplexer: 
    +--------------------------+-----+-----------+-----+-----------+
    |           Name           | LUT | Input Size| Bits| Total Bits|
    +--------------------------+-----+-----------+-----+-----------+
    |ap_NS_fsm                 |  401|         75|    1|         75|
    |gmem_sw_blk_n_AR          |    9|          2|    1|          2|
    |gmem_w_blk_n_AR           |    9|          2|    1|          2|
    |m_axi_gmem_sw_0_ARADDR    |   14|          3|   64|        192|
    |m_axi_gmem_sw_0_ARBURST   |    9|          2|    2|          4|
    |m_axi_gmem_sw_0_ARCACHE   |    9|          2|    4|          8|
    |m_axi_gmem_sw_0_ARID      |    9|          2|    1|          2|
    |m_axi_gmem_sw_0_ARLEN     |   14|          3|   32|         96|
    |m_axi_gmem_sw_0_ARLOCK    |    9|          2|    2|          4|
    |m_axi_gmem_sw_0_ARPROT    |    9|          2|    3|          6|
    |m_axi_gmem_sw_0_ARQOS     |    9|          2|    4|          8|
    |m_axi_gmem_sw_0_ARREGION  |    9|          2|    4|          8|
    |m_axi_gmem_sw_0_ARSIZE    |    9|          2|    3|          6|
    |m_axi_gmem_sw_0_ARUSER    |    9|          2|    1|          2|
    |m_axi_gmem_sw_0_ARVALID   |   14|          3|    1|          3|
    |m_axi_gmem_sw_0_RREADY    |    9|          2|    1|          2|
    |m_axi_gmem_w_0_ARADDR     |   14|          3|   64|        192|
    |m_axi_gmem_w_0_ARBURST    |    9|          2|    2|          4|
    |m_axi_gmem_w_0_ARCACHE    |    9|          2|    4|          8|
    |m_axi_gmem_w_0_ARID       |    9|          2|    1|          2|
    |m_axi_gmem_w_0_ARLEN      |   14|          3|   32|         96|
    |m_axi_gmem_w_0_ARLOCK     |    9|          2|    2|          4|
    |m_axi_gmem_w_0_ARPROT     |    9|          2|    3|          6|
    |m_axi_gmem_w_0_ARQOS      |    9|          2|    4|          8|
    |m_axi_gmem_w_0_ARREGION   |    9|          2|    4|          8|
    |m_axi_gmem_w_0_ARSIZE     |    9|          2|    3|          6|
    |m_axi_gmem_w_0_ARUSER     |    9|          2|    1|          2|
    |m_axi_gmem_w_0_ARVALID    |   14|          3|    1|          3|
    |m_axi_gmem_w_0_RREADY     |    9|          2|    1|          2|
    +--------------------------+-----+-----------+-----+-----------+
    |Total                     |  683|        137|  247|        761|
    +--------------------------+-----+-----------+-----+-----------+

    * Register: 
    +--------------------------------------------------------------------------------------------+----+----+-----+-----------+
    |                                            Name                                            | FF | LUT| Bits| Const Bits|
    +--------------------------------------------------------------------------------------------+----+----+-----+-----------+
    |ap_CS_fsm                                                                                   |  74|   0|   74|          0|
    |grp_p_anonymous_namespace_load_prefill_group_Pipeline_VITIS_LOOP_251_1_fu_117_ap_start_reg  |   1|   0|    1|          0|
    |grp_p_anonymous_namespace_load_prefill_group_Pipeline_VITIS_LOOP_51_1_fu_108_ap_start_reg   |   1|   0|    1|          0|
    |trunc_ln1_reg_208                                                                           |  62|   0|   62|          0|
    |trunc_ln_reg_202                                                                            |  60|   0|   60|          0|
    +--------------------------------------------------------------------------------------------+----+----+-----+-----------+
    |Total                                                                                       | 198|   0|  198|          0|
    +--------------------------------------------------------------------------------------------+----+----+-----+-----------+



================================================================
== Interface
================================================================
* Summary: 
+--------------------------+-----+-----+------------+-----------------------------------------+--------------+
|         RTL Ports        | Dir | Bits|  Protocol  |              Source Object              |    C Type    |
+--------------------------+-----+-----+------------+-----------------------------------------+--------------+
|ap_clk                    |   in|    1|  ap_ctrl_hs|  (anonymous namespace)load_prefill_group|  return value|
|ap_rst                    |   in|    1|  ap_ctrl_hs|  (anonymous namespace)load_prefill_group|  return value|
|ap_start                  |   in|    1|  ap_ctrl_hs|  (anonymous namespace)load_prefill_group|  return value|
|ap_done                   |  out|    1|  ap_ctrl_hs|  (anonymous namespace)load_prefill_group|  return value|
|ap_idle                   |  out|    1|  ap_ctrl_hs|  (anonymous namespace)load_prefill_group|  return value|
|ap_ready                  |  out|    1|  ap_ctrl_hs|  (anonymous namespace)load_prefill_group|  return value|
|m_axi_gmem_w_0_AWVALID    |  out|    1|       m_axi|                                   gmem_w|       pointer|
|m_axi_gmem_w_0_AWREADY    |   in|    1|       m_axi|                                   gmem_w|       pointer|
|m_axi_gmem_w_0_AWADDR     |  out|   64|       m_axi|                                   gmem_w|       pointer|
|m_axi_gmem_w_0_AWID       |  out|    1|       m_axi|                                   gmem_w|       pointer|
|m_axi_gmem_w_0_AWLEN      |  out|   32|       m_axi|                                   gmem_w|       pointer|
|m_axi_gmem_w_0_AWSIZE     |  out|    3|       m_axi|                                   gmem_w|       pointer|
|m_axi_gmem_w_0_AWBURST    |  out|    2|       m_axi|                                   gmem_w|       pointer|
|m_axi_gmem_w_0_AWLOCK     |  out|    2|       m_axi|                                   gmem_w|       pointer|
|m_axi_gmem_w_0_AWCACHE    |  out|    4|       m_axi|                                   gmem_w|       pointer|
|m_axi_gmem_w_0_AWPROT     |  out|    3|       m_axi|                                   gmem_w|       pointer|
|m_axi_gmem_w_0_AWQOS      |  out|    4|       m_axi|                                   gmem_w|       pointer|
|m_axi_gmem_w_0_AWREGION   |  out|    4|       m_axi|                                   gmem_w|       pointer|
|m_axi_gmem_w_0_AWUSER     |  out|    1|       m_axi|                                   gmem_w|       pointer|
|m_axi_gmem_w_0_WVALID     |  out|    1|       m_axi|                                   gmem_w|       pointer|
|m_axi_gmem_w_0_WREADY     |   in|    1|       m_axi|                                   gmem_w|       pointer|
|m_axi_gmem_w_0_WDATA      |  out|  128|       m_axi|                                   gmem_w|       pointer|
|m_axi_gmem_w_0_WSTRB      |  out|   16|       m_axi|                                   gmem_w|       pointer|
|m_axi_gmem_w_0_WLAST      |  out|    1|       m_axi|                                   gmem_w|       pointer|
|m_axi_gmem_w_0_WID        |  out|    1|       m_axi|                                   gmem_w|       pointer|
|m_axi_gmem_w_0_WUSER      |  out|    1|       m_axi|                                   gmem_w|       pointer|
|m_axi_gmem_w_0_ARVALID    |  out|    1|       m_axi|                                   gmem_w|       pointer|
|m_axi_gmem_w_0_ARREADY    |   in|    1|       m_axi|                                   gmem_w|       pointer|
|m_axi_gmem_w_0_ARADDR     |  out|   64|       m_axi|                                   gmem_w|       pointer|
|m_axi_gmem_w_0_ARID       |  out|    1|       m_axi|                                   gmem_w|       pointer|
|m_axi_gmem_w_0_ARLEN      |  out|   32|       m_axi|                                   gmem_w|       pointer|
|m_axi_gmem_w_0_ARSIZE     |  out|    3|       m_axi|                                   gmem_w|       pointer|
|m_axi_gmem_w_0_ARBURST    |  out|    2|       m_axi|                                   gmem_w|       pointer|
|m_axi_gmem_w_0_ARLOCK     |  out|    2|       m_axi|                                   gmem_w|       pointer|
|m_axi_gmem_w_0_ARCACHE    |  out|    4|       m_axi|                                   gmem_w|       pointer|
|m_axi_gmem_w_0_ARPROT     |  out|    3|       m_axi|                                   gmem_w|       pointer|
|m_axi_gmem_w_0_ARQOS      |  out|    4|       m_axi|                                   gmem_w|       pointer|
|m_axi_gmem_w_0_ARREGION   |  out|    4|       m_axi|                                   gmem_w|       pointer|
|m_axi_gmem_w_0_ARUSER     |  out|    1|       m_axi|                                   gmem_w|       pointer|
|m_axi_gmem_w_0_RVALID     |   in|    1|       m_axi|                                   gmem_w|       pointer|
|m_axi_gmem_w_0_RREADY     |  out|    1|       m_axi|                                   gmem_w|       pointer|
|m_axi_gmem_w_0_RDATA      |   in|  128|       m_axi|                                   gmem_w|       pointer|
|m_axi_gmem_w_0_RLAST      |   in|    1|       m_axi|                                   gmem_w|       pointer|
|m_axi_gmem_w_0_RID        |   in|    1|       m_axi|                                   gmem_w|       pointer|
|m_axi_gmem_w_0_RFIFONUM   |   in|   12|       m_axi|                                   gmem_w|       pointer|
|m_axi_gmem_w_0_RUSER      |   in|    1|       m_axi|                                   gmem_w|       pointer|
|m_axi_gmem_w_0_RRESP      |   in|    2|       m_axi|                                   gmem_w|       pointer|
|m_axi_gmem_w_0_BVALID     |   in|    1|       m_axi|                                   gmem_w|       pointer|
|m_axi_gmem_w_0_BREADY     |  out|    1|       m_axi|                                   gmem_w|       pointer|
|m_axi_gmem_w_0_BRESP      |   in|    2|       m_axi|                                   gmem_w|       pointer|
|m_axi_gmem_w_0_BID        |   in|    1|       m_axi|                                   gmem_w|       pointer|
|m_axi_gmem_w_0_BUSER      |   in|    1|       m_axi|                                   gmem_w|       pointer|
|w_packed                  |   in|   64|     ap_none|                                 w_packed|        scalar|
|m_axi_gmem_sw_0_AWVALID   |  out|    1|       m_axi|                                  gmem_sw|       pointer|
|m_axi_gmem_sw_0_AWREADY   |   in|    1|       m_axi|                                  gmem_sw|       pointer|
|m_axi_gmem_sw_0_AWADDR    |  out|   64|       m_axi|                                  gmem_sw|       pointer|
|m_axi_gmem_sw_0_AWID      |  out|    1|       m_axi|                                  gmem_sw|       pointer|
|m_axi_gmem_sw_0_AWLEN     |  out|   32|       m_axi|                                  gmem_sw|       pointer|
|m_axi_gmem_sw_0_AWSIZE    |  out|    3|       m_axi|                                  gmem_sw|       pointer|
|m_axi_gmem_sw_0_AWBURST   |  out|    2|       m_axi|                                  gmem_sw|       pointer|
|m_axi_gmem_sw_0_AWLOCK    |  out|    2|       m_axi|                                  gmem_sw|       pointer|
|m_axi_gmem_sw_0_AWCACHE   |  out|    4|       m_axi|                                  gmem_sw|       pointer|
|m_axi_gmem_sw_0_AWPROT    |  out|    3|       m_axi|                                  gmem_sw|       pointer|
|m_axi_gmem_sw_0_AWQOS     |  out|    4|       m_axi|                                  gmem_sw|       pointer|
|m_axi_gmem_sw_0_AWREGION  |  out|    4|       m_axi|                                  gmem_sw|       pointer|
|m_axi_gmem_sw_0_AWUSER    |  out|    1|       m_axi|                                  gmem_sw|       pointer|
|m_axi_gmem_sw_0_WVALID    |  out|    1|       m_axi|                                  gmem_sw|       pointer|
|m_axi_gmem_sw_0_WREADY    |   in|    1|       m_axi|                                  gmem_sw|       pointer|
|m_axi_gmem_sw_0_WDATA     |  out|   32|       m_axi|                                  gmem_sw|       pointer|
|m_axi_gmem_sw_0_WSTRB     |  out|    4|       m_axi|                                  gmem_sw|       pointer|
|m_axi_gmem_sw_0_WLAST     |  out|    1|       m_axi|                                  gmem_sw|       pointer|
|m_axi_gmem_sw_0_WID       |  out|    1|       m_axi|                                  gmem_sw|       pointer|
|m_axi_gmem_sw_0_WUSER     |  out|    1|       m_axi|                                  gmem_sw|       pointer|
|m_axi_gmem_sw_0_ARVALID   |  out|    1|       m_axi|                                  gmem_sw|       pointer|
|m_axi_gmem_sw_0_ARREADY   |   in|    1|       m_axi|                                  gmem_sw|       pointer|
|m_axi_gmem_sw_0_ARADDR    |  out|   64|       m_axi|                                  gmem_sw|       pointer|
|m_axi_gmem_sw_0_ARID      |  out|    1|       m_axi|                                  gmem_sw|       pointer|
|m_axi_gmem_sw_0_ARLEN     |  out|   32|       m_axi|                                  gmem_sw|       pointer|
|m_axi_gmem_sw_0_ARSIZE    |  out|    3|       m_axi|                                  gmem_sw|       pointer|
|m_axi_gmem_sw_0_ARBURST   |  out|    2|       m_axi|                                  gmem_sw|       pointer|
|m_axi_gmem_sw_0_ARLOCK    |  out|    2|       m_axi|                                  gmem_sw|       pointer|
|m_axi_gmem_sw_0_ARCACHE   |  out|    4|       m_axi|                                  gmem_sw|       pointer|
|m_axi_gmem_sw_0_ARPROT    |  out|    3|       m_axi|                                  gmem_sw|       pointer|
|m_axi_gmem_sw_0_ARQOS     |  out|    4|       m_axi|                                  gmem_sw|       pointer|
|m_axi_gmem_sw_0_ARREGION  |  out|    4|       m_axi|                                  gmem_sw|       pointer|
|m_axi_gmem_sw_0_ARUSER    |  out|    1|       m_axi|                                  gmem_sw|       pointer|
|m_axi_gmem_sw_0_RVALID    |   in|    1|       m_axi|                                  gmem_sw|       pointer|
|m_axi_gmem_sw_0_RREADY    |  out|    1|       m_axi|                                  gmem_sw|       pointer|
|m_axi_gmem_sw_0_RDATA     |   in|   32|       m_axi|                                  gmem_sw|       pointer|
|m_axi_gmem_sw_0_RLAST     |   in|    1|       m_axi|                                  gmem_sw|       pointer|
|m_axi_gmem_sw_0_RID       |   in|    1|       m_axi|                                  gmem_sw|       pointer|
|m_axi_gmem_sw_0_RFIFONUM  |   in|   10|       m_axi|                                  gmem_sw|       pointer|
|m_axi_gmem_sw_0_RUSER     |   in|    1|       m_axi|                                  gmem_sw|       pointer|
|m_axi_gmem_sw_0_RRESP     |   in|    2|       m_axi|                                  gmem_sw|       pointer|
|m_axi_gmem_sw_0_BVALID    |   in|    1|       m_axi|                                  gmem_sw|       pointer|
|m_axi_gmem_sw_0_BREADY    |  out|    1|       m_axi|                                  gmem_sw|       pointer|
|m_axi_gmem_sw_0_BRESP     |   in|    2|       m_axi|                                  gmem_sw|       pointer|
|m_axi_gmem_sw_0_BID       |   in|    1|       m_axi|                                  gmem_sw|       pointer|
|m_axi_gmem_sw_0_BUSER     |   in|    1|       m_axi|                                  gmem_sw|       pointer|
|sw                        |   in|   64|     ap_none|                                       sw|        scalar|
|tile_group                |   in|   52|     ap_none|                               tile_group|        scalar|
|weights_address0          |  out|    7|   ap_memory|                                  weights|         array|
|weights_ce0               |  out|    1|   ap_memory|                                  weights|         array|
|weights_we0               |  out|    1|   ap_memory|                                  weights|         array|
|weights_d0                |  out|  128|   ap_memory|                                  weights|         array|
|scales_address0           |  out|    5|   ap_memory|                                   scales|         array|
|scales_ce0                |  out|    1|   ap_memory|                                   scales|         array|
|scales_we0                |  out|    1|   ap_memory|                                   scales|         array|
|scales_d0                 |  out|   32|   ap_memory|                                   scales|         array|
+--------------------------+-----+-----+------------+-----------------------------------------+--------------+

