

================================================================
== Vitis HLS Report for 'p_anonymous_namespace_load_prefill_group_1_Pipeline_VITIS_LOOP_51_1'
================================================================
* Date:           Sat Oct  3 03:34:17 2026

* Version:        2026.1 (Build 6493734 on Jun 16 2026)
* Project:        b03_double_hls
* Solution:       hls (Vitis Kernel Flow Target)
* Product family: zynquplus
* Target device:  xck26-sfvc784-2LV-c


================================================================
== Performance Estimates
================================================================
+ Timing: 
    * Summary: 
    +--------+---------+----------+------------+
    |  Clock |  Target | Estimated| Uncertainty|
    +--------+---------+----------+------------+
    |ap_clk  |  6.67 ns|  4.867 ns|     1.80 ns|
    +--------+---------+----------+------------+

+ Latency: 
    * Summary: 
    +---------+---------+----------+----------+-----+-----+-------------------+
    |  Latency (cycles) |  Latency (absolute) |  Interval |      Pipeline     |
    |   min   |   max   |    min   |    max   | min | max |        Type       |
    +---------+---------+----------+----------+-----+-----+-------------------+
    |      131|      131|  0.873 us|  0.873 us|    0|    0|  loop pipeline stp|
    +---------+---------+----------+----------+-----+-----+-------------------+

    + Detail: 
        * Instance: 
        N/A

        * Loop: 
        +-------------------+---------+---------+----------+-----------+-----------+------+----------+
        |                   |  Latency (cycles) | Iteration|  Initiation Interval  | Trip |          |
        |     Loop Name     |   min   |   max   |  Latency |  achieved |   target  | Count| Pipelined|
        +-------------------+---------+---------+----------+-----------+-----------+------+----------+
        |- VITIS_LOOP_51_1  |      129|      129|         3|          1|          1|   128|       yes|
        +-------------------+---------+---------+----------+-----------+-----------+------+----------+



================================================================
== Utilization Estimates
================================================================
* Summary: 
+-----------------+---------+------+--------+--------+-----+
|       Name      | BRAM_18K|  DSP |   FF   |   LUT  | URAM|
+-----------------+---------+------+--------+--------+-----+
|DSP              |        -|     -|       -|       -|    -|
|Expression       |        -|     -|       0|      35|    -|
|FIFO             |        -|     -|       -|       -|    -|
|Instance         |        -|     -|       -|       -|    -|
|Memory           |        -|     -|       -|       -|    -|
|Multiplexer      |        -|     -|       0|      45|    -|
|Register         |        -|     -|     158|       -|    -|
+-----------------+---------+------+--------+--------+-----+
|Total            |        0|     0|     158|      80|    0|
+-----------------+---------+------+--------+--------+-----+
|Available        |      288|  1248|  234240|  117120|   64|
+-----------------+---------+------+--------+--------+-----+
|Utilization (%)  |        0|     0|      ~0|      ~0|    0|
+-----------------+---------+------+--------+--------+-----+

+ Detail: 
    * Instance: 
    N/A

    * DSP: 
    N/A

    * Memory: 
    N/A

    * FIFO: 
    N/A

    * Expression: 
    +---------------------------+----------+----+---+----+------------+------------+
    |       Variable Name       | Operation| DSP| FF| LUT| Bitwidth P0| Bitwidth P1|
    +---------------------------+----------+----+---+----+------------+------------+
    |add_ln51_fu_104_p2         |         +|   0|  0|  15|           8|           1|
    |ap_block_pp0_stage0_11001  |       and|   0|  0|   2|           1|           1|
    |icmp_ln51_fu_98_p2         |      icmp|   0|  0|  16|           8|           9|
    |ap_enable_pp0              |       xor|   0|  0|   2|           1|           2|
    +---------------------------+----------+----+---+----+------------+------------+
    |Total                      |          |   0|  0|  35|          18|          13|
    +---------------------------+----------+----+---+----+------------+------------+

    * Multiplexer: 
    +-------------------------+----+-----------+-----+-----------+
    |           Name          | LUT| Input Size| Bits| Total Bits|
    +-------------------------+----+-----------+-----+-----------+
    |ap_done_int              |   9|          2|    1|          2|
    |ap_enable_reg_pp0_iter1  |   9|          2|    1|          2|
    |ap_sig_allocacmp_row_3   |   9|          2|    8|         16|
    |gmem_w_blk_n_R           |   9|          2|    1|          2|
    |row_fu_58                |   9|          2|    8|         16|
    +-------------------------+----+-----------+-----+-----------+
    |Total                    |  45|         10|   19|         38|
    +-------------------------+----+-----------+-----+-----------+

    * Register: 
    +-------------------------------------------+-----+----+-----+-----------+
    |                    Name                   |  FF | LUT| Bits| Const Bits|
    +-------------------------------------------+-----+----+-----+-----------+
    |ap_CS_fsm                                  |    1|   0|    1|          0|
    |ap_block_pp0_stage0_subdone_grp0_done_reg  |    1|   0|    1|          0|
    |ap_done_reg                                |    1|   0|    1|          0|
    |ap_enable_reg_pp0_iter1                    |    1|   0|    1|          0|
    |ap_enable_reg_pp0_iter2                    |    1|   0|    1|          0|
    |ap_loop_exit_ready_pp0_iter1_reg           |    1|   0|    1|          0|
    |gmem_w_addr_read_reg_146                   |  128|   0|  128|          0|
    |row_3_reg_137                              |    8|   0|    8|          0|
    |row_3_reg_137_pp0_iter1_reg                |    8|   0|    8|          0|
    |row_fu_58                                  |    8|   0|    8|          0|
    +-------------------------------------------+-----+----+-----+-----------+
    |Total                                      |  158|   0|  158|          0|
    +-------------------------------------------+-----+----+-----+-----------+



================================================================
== Interface
================================================================
* Summary: 
+-------------------------+-----+-----+------------+--------------------------------------------------------------------+--------------+
|        RTL Ports        | Dir | Bits|  Protocol  |                            Source Object                           |    C Type    |
+-------------------------+-----+-----+------------+--------------------------------------------------------------------+--------------+
|ap_clk                   |   in|    1|  ap_ctrl_hs|  (anonymous namespace)load_prefill_group.1_Pipeline_VITIS_LOOP_51_1|  return value|
|ap_rst                   |   in|    1|  ap_ctrl_hs|  (anonymous namespace)load_prefill_group.1_Pipeline_VITIS_LOOP_51_1|  return value|
|ap_start                 |   in|    1|  ap_ctrl_hs|  (anonymous namespace)load_prefill_group.1_Pipeline_VITIS_LOOP_51_1|  return value|
|ap_done                  |  out|    1|  ap_ctrl_hs|  (anonymous namespace)load_prefill_group.1_Pipeline_VITIS_LOOP_51_1|  return value|
|ap_idle                  |  out|    1|  ap_ctrl_hs|  (anonymous namespace)load_prefill_group.1_Pipeline_VITIS_LOOP_51_1|  return value|
|ap_ready                 |  out|    1|  ap_ctrl_hs|  (anonymous namespace)load_prefill_group.1_Pipeline_VITIS_LOOP_51_1|  return value|
|m_axi_gmem_w_0_AWVALID   |  out|    1|       m_axi|                                                              gmem_w|       pointer|
|m_axi_gmem_w_0_AWREADY   |   in|    1|       m_axi|                                                              gmem_w|       pointer|
|m_axi_gmem_w_0_AWADDR    |  out|   64|       m_axi|                                                              gmem_w|       pointer|
|m_axi_gmem_w_0_AWID      |  out|    1|       m_axi|                                                              gmem_w|       pointer|
|m_axi_gmem_w_0_AWLEN     |  out|   32|       m_axi|                                                              gmem_w|       pointer|
|m_axi_gmem_w_0_AWSIZE    |  out|    3|       m_axi|                                                              gmem_w|       pointer|
|m_axi_gmem_w_0_AWBURST   |  out|    2|       m_axi|                                                              gmem_w|       pointer|
|m_axi_gmem_w_0_AWLOCK    |  out|    2|       m_axi|                                                              gmem_w|       pointer|
|m_axi_gmem_w_0_AWCACHE   |  out|    4|       m_axi|                                                              gmem_w|       pointer|
|m_axi_gmem_w_0_AWPROT    |  out|    3|       m_axi|                                                              gmem_w|       pointer|
|m_axi_gmem_w_0_AWQOS     |  out|    4|       m_axi|                                                              gmem_w|       pointer|
|m_axi_gmem_w_0_AWREGION  |  out|    4|       m_axi|                                                              gmem_w|       pointer|
|m_axi_gmem_w_0_AWUSER    |  out|    1|       m_axi|                                                              gmem_w|       pointer|
|m_axi_gmem_w_0_WVALID    |  out|    1|       m_axi|                                                              gmem_w|       pointer|
|m_axi_gmem_w_0_WREADY    |   in|    1|       m_axi|                                                              gmem_w|       pointer|
|m_axi_gmem_w_0_WDATA     |  out|  128|       m_axi|                                                              gmem_w|       pointer|
|m_axi_gmem_w_0_WSTRB     |  out|   16|       m_axi|                                                              gmem_w|       pointer|
|m_axi_gmem_w_0_WLAST     |  out|    1|       m_axi|                                                              gmem_w|       pointer|
|m_axi_gmem_w_0_WID       |  out|    1|       m_axi|                                                              gmem_w|       pointer|
|m_axi_gmem_w_0_WUSER     |  out|    1|       m_axi|                                                              gmem_w|       pointer|
|m_axi_gmem_w_0_ARVALID   |  out|    1|       m_axi|                                                              gmem_w|       pointer|
|m_axi_gmem_w_0_ARREADY   |   in|    1|       m_axi|                                                              gmem_w|       pointer|
|m_axi_gmem_w_0_ARADDR    |  out|   64|       m_axi|                                                              gmem_w|       pointer|
|m_axi_gmem_w_0_ARID      |  out|    1|       m_axi|                                                              gmem_w|       pointer|
|m_axi_gmem_w_0_ARLEN     |  out|   32|       m_axi|                                                              gmem_w|       pointer|
|m_axi_gmem_w_0_ARSIZE    |  out|    3|       m_axi|                                                              gmem_w|       pointer|
|m_axi_gmem_w_0_ARBURST   |  out|    2|       m_axi|                                                              gmem_w|       pointer|
|m_axi_gmem_w_0_ARLOCK    |  out|    2|       m_axi|                                                              gmem_w|       pointer|
|m_axi_gmem_w_0_ARCACHE   |  out|    4|       m_axi|                                                              gmem_w|       pointer|
|m_axi_gmem_w_0_ARPROT    |  out|    3|       m_axi|                                                              gmem_w|       pointer|
|m_axi_gmem_w_0_ARQOS     |  out|    4|       m_axi|                                                              gmem_w|       pointer|
|m_axi_gmem_w_0_ARREGION  |  out|    4|       m_axi|                                                              gmem_w|       pointer|
|m_axi_gmem_w_0_ARUSER    |  out|    1|       m_axi|                                                              gmem_w|       pointer|
|m_axi_gmem_w_0_RVALID    |   in|    1|       m_axi|                                                              gmem_w|       pointer|
|m_axi_gmem_w_0_RREADY    |  out|    1|       m_axi|                                                              gmem_w|       pointer|
|m_axi_gmem_w_0_RDATA     |   in|  128|       m_axi|                                                              gmem_w|       pointer|
|m_axi_gmem_w_0_RLAST     |   in|    1|       m_axi|                                                              gmem_w|       pointer|
|m_axi_gmem_w_0_RID       |   in|    1|       m_axi|                                                              gmem_w|       pointer|
|m_axi_gmem_w_0_RFIFONUM  |   in|   12|       m_axi|                                                              gmem_w|       pointer|
|m_axi_gmem_w_0_RUSER     |   in|    1|       m_axi|                                                              gmem_w|       pointer|
|m_axi_gmem_w_0_RRESP     |   in|    2|       m_axi|                                                              gmem_w|       pointer|
|m_axi_gmem_w_0_BVALID    |   in|    1|       m_axi|                                                              gmem_w|       pointer|
|m_axi_gmem_w_0_BREADY    |  out|    1|       m_axi|                                                              gmem_w|       pointer|
|m_axi_gmem_w_0_BRESP     |   in|    2|       m_axi|                                                              gmem_w|       pointer|
|m_axi_gmem_w_0_BID       |   in|    1|       m_axi|                                                              gmem_w|       pointer|
|m_axi_gmem_w_0_BUSER     |   in|    1|       m_axi|                                                              gmem_w|       pointer|
|sext_ln51                |   in|   60|   ap_stable|                                                           sext_ln51|        scalar|
|weights_address0         |  out|    7|   ap_memory|                                                             weights|         array|
|weights_ce0              |  out|    1|   ap_memory|                                                             weights|         array|
|weights_we0              |  out|    1|   ap_memory|                                                             weights|         array|
|weights_d0               |  out|  128|   ap_memory|                                                             weights|         array|
+-------------------------+-----+-----+------------+--------------------------------------------------------------------+--------------+

