

================================================================
== Vitis HLS Report for 'p_anonymous_namespace_compute_prefill_Pipeline_VITIS_LOOP_387_4_VITIS_LOOP_390_5'
================================================================
* Date:           Sat Oct  3 03:34:14 2026

* Version:        2026.1 (Build 6493734 on Jun 16 2026)
* Project:        b03_double_hls
* Solution:       hls (Vitis Kernel Flow Target)
* Product family: zynquplus
* Target device:  xck26-sfvc784-2LV-c


================================================================
== Performance Estimates
================================================================
+ Timing: 
    * Summary: 
    +--------+---------+----------+------------+
    |  Clock |  Target | Estimated| Uncertainty|
    +--------+---------+----------+------------+
    |ap_clk  |  6.67 ns|  3.799 ns|     1.80 ns|
    +--------+---------+----------+------------+

+ Latency: 
    * Summary: 
    +---------+--------------+----------+-------------+-----+-----+-------------------+
    |    Latency (cycles)    |   Latency (absolute)   |  Interval |      Pipeline     |
    |   min   |      max     |    min   |     max     | min | max |        Type       |
    +---------+--------------+----------+-------------+-----+-----+-------------------+
    |       66|  137438953442|  0.440 us|  916.305 sec|    0|    0|  loop pipeline stp|
    +---------+--------------+----------+-------------+-----+-----+-------------------+

    + Detail: 
        * Instance: 
        N/A

        * Loop: 
        +-------------------------------------+---------+--------------+----------+-----------+-----------+-------------------+----------+
        |                                     |    Latency (cycles)    | Iteration|  Initiation Interval  |        Trip       |          |
        |              Loop Name              |   min   |      max     |  Latency |  achieved |   target  |       Count       | Pipelined|
        +-------------------------------------+---------+--------------+----------+-----------+-----------+-------------------+----------+
        |- VITIS_LOOP_387_4_VITIS_LOOP_390_5  |       64|  137438953440|         1|          1|          1|  64 ~ 137438953440|       yes|
        +-------------------------------------+---------+--------------+----------+-----------+-----------+-------------------+----------+



================================================================
== Utilization Estimates
================================================================
* Summary: 
+-----------------+---------+------+--------+--------+-----+
|       Name      | BRAM_18K|  DSP |   FF   |   LUT  | URAM|
+-----------------+---------+------+--------+--------+-----+
|DSP              |        -|     -|       -|       -|    -|
|Expression       |        -|     -|       0|     179|    -|
|FIFO             |        -|     -|       -|       -|    -|
|Instance         |        -|     -|       -|       -|    -|
|Memory           |        -|     -|       -|       -|    -|
|Multiplexer      |        -|     -|       0|      45|    -|
|Register         |        -|     -|      78|       -|    -|
+-----------------+---------+------+--------+--------+-----+
|Total            |        0|     0|      78|     224|    0|
+-----------------+---------+------+--------+--------+-----+
|Available        |      288|  1248|  234240|  117120|   64|
+-----------------+---------+------+--------+--------+-----+
|Utilization (%)  |        0|     0|      ~0|      ~0|    0|
+-----------------+---------+------+--------+--------+-----+

+ Detail: 
    * Instance: 
    N/A

    * DSP: 
    N/A

    * Memory: 
    N/A

    * FIFO: 
    N/A

    * Expression: 
    +------------------------+----------+----+---+----+------------+------------+
    |      Variable Name     | Operation| DSP| FF| LUT| Bitwidth P0| Bitwidth P1|
    +------------------------+----------+----+---+----+------------+------------+
    |add_ln387_1_fu_99_p2    |         +|   0|  0|  44|          37|           1|
    |add_ln387_fu_133_p2     |         +|   0|  0|  39|          32|          32|
    |add_ln390_fu_166_p2     |         +|   0|  0|  13|           6|           1|
    |add_ln396_fu_155_p2     |         +|   0|  0|  15|           8|           8|
    |icmp_ln387_fu_94_p2     |      icmp|   0|  0|  44|          37|          37|
    |icmp_ln390_fu_111_p2    |      icmp|   0|  0|  14|           6|           7|
    |empty_fu_125_p3         |    select|   0|  0|   2|           1|           1|
    |select_ln387_fu_117_p3  |    select|   0|  0|   6|           1|           1|
    |ap_enable_pp0           |       xor|   0|  0|   2|           1|           2|
    +------------------------+----------+----+---+----+------------+------------+
    |Total                   |          |   0|  0| 179|         129|          90|
    +------------------------+----------+----+---+----+------------+------------+

    * Multiplexer: 
    +-------------------------+----+-----------+-----+-----------+
    |           Name          | LUT| Input Size| Bits| Total Bits|
    +-------------------------+----+-----------+-----+-----------+
    |ap_done_int              |   9|          2|    1|          2|
    |ap_enable_reg_pp0_iter1  |   9|          2|    1|          2|
    |indvar_flatten_fu_52     |   9|          2|   37|         74|
    |lane_fu_44               |   9|          2|    6|         12|
    |token_1_fu_48            |   9|          2|   32|         64|
    +-------------------------+----+-----------+-----+-----------+
    |Total                    |  45|         10|   77|        154|
    +-------------------------+----+-----------+-----+-----------+

    * Register: 
    +-------------------------+----+----+-----+-----------+
    |           Name          | FF | LUT| Bits| Const Bits|
    +-------------------------+----+----+-----+-----------+
    |ap_CS_fsm                |   1|   0|    1|          0|
    |ap_done_reg              |   1|   0|    1|          0|
    |ap_enable_reg_pp0_iter1  |   1|   0|    1|          0|
    |indvar_flatten_fu_52     |  37|   0|   37|          0|
    |lane_fu_44               |   6|   0|    6|          0|
    |token_1_fu_48            |  32|   0|   32|          0|
    +-------------------------+----+----+-----+-----------+
    |Total                    |  78|   0|   78|          0|
    +-------------------------+----+----+-----+-----------+



================================================================
== Interface
================================================================
* Summary: 
+-----------------+-----+-----+------------+---------------------------------------------------------------------------------+--------------+
|    RTL Ports    | Dir | Bits|  Protocol  |                                  Source Object                                  |    C Type    |
+-----------------+-----+-----+------------+---------------------------------------------------------------------------------+--------------+
|ap_clk           |   in|    1|  ap_ctrl_hs|  (anonymous namespace)compute_prefill_Pipeline_VITIS_LOOP_387_4_VITIS_LOOP_390_5|  return value|
|ap_rst           |   in|    1|  ap_ctrl_hs|  (anonymous namespace)compute_prefill_Pipeline_VITIS_LOOP_387_4_VITIS_LOOP_390_5|  return value|
|ap_start         |   in|    1|  ap_ctrl_hs|  (anonymous namespace)compute_prefill_Pipeline_VITIS_LOOP_387_4_VITIS_LOOP_390_5|  return value|
|ap_done          |  out|    1|  ap_ctrl_hs|  (anonymous namespace)compute_prefill_Pipeline_VITIS_LOOP_387_4_VITIS_LOOP_390_5|  return value|
|ap_idle          |  out|    1|  ap_ctrl_hs|  (anonymous namespace)compute_prefill_Pipeline_VITIS_LOOP_387_4_VITIS_LOOP_390_5|  return value|
|ap_ready         |  out|    1|  ap_ctrl_hs|  (anonymous namespace)compute_prefill_Pipeline_VITIS_LOOP_387_4_VITIS_LOOP_390_5|  return value|
|tmp              |   in|   37|     ap_none|                                                                              tmp|        scalar|
|totals_address0  |  out|    8|   ap_memory|                                                                           totals|         array|
|totals_ce0       |  out|    1|   ap_memory|                                                                           totals|         array|
|totals_we0       |  out|    1|   ap_memory|                                                                           totals|         array|
|totals_d0        |  out|   32|   ap_memory|                                                                           totals|         array|
+-----------------+-----+-----+------------+---------------------------------------------------------------------------------+--------------+

