

================================================================
== Vitis HLS Report for 'p_anonymous_namespace_contains_invalid_w4_Pipeline_VITIS_LOOP_105_3'
================================================================
* Date:           Sat Oct  3 03:34:13 2026

* Version:        2026.1 (Build 6493734 on Jun 16 2026)
* Project:        b03_double_hls
* Solution:       hls (Vitis Kernel Flow Target)
* Product family: zynquplus
* Target device:  xck26-sfvc784-2LV-c


================================================================
== Performance Estimates
================================================================
+ Timing: 
    * Summary: 
    +--------+---------+----------+------------+
    |  Clock |  Target | Estimated| Uncertainty|
    +--------+---------+----------+------------+
    |ap_clk  |  6.67 ns|  3.764 ns|     1.80 ns|
    +--------+---------+----------+------------+

+ Latency: 
    * Summary: 
    +---------+---------+----------+----------+-----+-----+-------------------+
    |  Latency (cycles) |  Latency (absolute) |  Interval |      Pipeline     |
    |   min   |   max   |    min   |    max   | min | max |        Type       |
    +---------+---------+----------+----------+-----+-----+-------------------+
    |      130|      130|  0.867 us|  0.867 us|    0|    0|  loop pipeline stp|
    +---------+---------+----------+----------+-----+-----+-------------------+

    + Detail: 
        * Instance: 
        N/A

        * Loop: 
        +--------------------+---------+---------+----------+-----------+-----------+------+----------+
        |                    |  Latency (cycles) | Iteration|  Initiation Interval  | Trip |          |
        |      Loop Name     |   min   |   max   |  Latency |  achieved |   target  | Count| Pipelined|
        +--------------------+---------+---------+----------+-----------+-----------+------+----------+
        |- VITIS_LOOP_105_3  |      128|      128|         2|          1|          1|   128|       yes|
        +--------------------+---------+---------+----------+-----------+-----------+------+----------+



================================================================
== Utilization Estimates
================================================================
* Summary: 
+-----------------+---------+------+--------+--------+-----+
|       Name      | BRAM_18K|  DSP |   FF   |   LUT  | URAM|
+-----------------+---------+------+--------+--------+-----+
|DSP              |        -|     -|       -|       -|    -|
|Expression       |        -|     -|       0|     669|    -|
|FIFO             |        -|     -|       -|       -|    -|
|Instance         |        -|     -|       -|       -|    -|
|Memory           |        -|     -|       -|       -|    -|
|Multiplexer      |        -|     -|       0|      54|    -|
|Register         |        -|     -|      14|       -|    -|
+-----------------+---------+------+--------+--------+-----+
|Total            |        0|     0|      14|     723|    0|
+-----------------+---------+------+--------+--------+-----+
|Available        |      288|  1248|  234240|  117120|   64|
+-----------------+---------+------+--------+--------+-----+
|Utilization (%)  |        0|     0|      ~0|      ~0|    0|
+-----------------+---------+------+--------+--------+-----+

+ Detail: 
    * Instance: 
    N/A

    * DSP: 
    N/A

    * Memory: 
    N/A

    * FIFO: 
    N/A

    * Expression: 
    +--------------------------+----------+----+---+----+------------+------------+
    |       Variable Name      | Operation| DSP| FF| LUT| Bitwidth P0| Bitwidth P1|
    +--------------------------+----------+----+---+----+------------+------------+
    |add_ln105_fu_482_p2       |         +|   0|  0|  15|           8|           1|
    |and_ln126_10_fu_634_p2    |       and|   0|  0|   2|           1|           1|
    |and_ln126_12_fu_668_p2    |       and|   0|  0|   2|           1|           1|
    |and_ln126_14_fu_694_p2    |       and|   0|  0|   2|           1|           1|
    |and_ln126_16_fu_728_p2    |       and|   0|  0|   2|           1|           1|
    |and_ln126_18_fu_754_p2    |       and|   0|  0|   2|           1|           1|
    |and_ln126_20_fu_788_p2    |       and|   0|  0|   2|           1|           1|
    |and_ln126_22_fu_814_p2    |       and|   0|  0|   2|           1|           1|
    |and_ln126_24_fu_848_p2    |       and|   0|  0|   2|           1|           1|
    |and_ln126_26_fu_874_p2    |       and|   0|  0|   2|           1|           1|
    |and_ln126_28_fu_908_p2    |       and|   0|  0|   2|           1|           1|
    |and_ln126_30_fu_934_p2    |       and|   0|  0|   2|           1|           1|
    |and_ln126_32_fu_968_p2    |       and|   0|  0|   2|           1|           1|
    |and_ln126_34_fu_994_p2    |       and|   0|  0|   2|           1|           1|
    |and_ln126_36_fu_1028_p2   |       and|   0|  0|   2|           1|           1|
    |and_ln126_38_fu_1054_p2   |       and|   0|  0|   2|           1|           1|
    |and_ln126_3_fu_548_p2     |       and|   0|  0|   2|           1|           1|
    |and_ln126_40_fu_1088_p2   |       and|   0|  0|   2|           1|           1|
    |and_ln126_42_fu_1114_p2   |       and|   0|  0|   2|           1|           1|
    |and_ln126_44_fu_1148_p2   |       and|   0|  0|   2|           1|           1|
    |and_ln126_46_fu_1174_p2   |       and|   0|  0|   2|           1|           1|
    |and_ln126_48_fu_1208_p2   |       and|   0|  0|   2|           1|           1|
    |and_ln126_50_fu_1234_p2   |       and|   0|  0|   2|           1|           1|
    |and_ln126_52_fu_1268_p2   |       and|   0|  0|   2|           1|           1|
    |and_ln126_54_fu_1294_p2   |       and|   0|  0|   2|           1|           1|
    |and_ln126_56_fu_1328_p2   |       and|   0|  0|   2|           1|           1|
    |and_ln126_58_fu_1354_p2   |       and|   0|  0|   2|           1|           1|
    |and_ln126_5_fu_574_p2     |       and|   0|  0|   2|           1|           1|
    |and_ln126_60_fu_1388_p2   |       and|   0|  0|   2|           1|           1|
    |and_ln126_62_fu_1414_p2   |       and|   0|  0|   2|           1|           1|
    |and_ln126_64_fu_1448_p2   |       and|   0|  0|   2|           1|           1|
    |and_ln126_8_fu_608_p2     |       and|   0|  0|   2|           1|           1|
    |and_ln126_fu_514_p2       |       and|   0|  0|   2|           1|           1|
    |ap_condition_990          |       and|   0|  0|   2|           1|           1|
    |ap_condition_995          |       and|   0|  0|   2|           1|           1|
    |bad_lane_10_fu_819_p2     |       and|   0|  0|   2|           1|           1|
    |bad_lane_11_fu_853_p2     |       and|   0|  0|   2|           1|           1|
    |bad_lane_12_fu_879_p2     |       and|   0|  0|   2|           1|           1|
    |bad_lane_13_fu_913_p2     |       and|   0|  0|   2|           1|           1|
    |bad_lane_14_fu_939_p2     |       and|   0|  0|   2|           1|           1|
    |bad_lane_15_fu_973_p2     |       and|   0|  0|   2|           1|           1|
    |bad_lane_16_fu_999_p2     |       and|   0|  0|   2|           1|           1|
    |bad_lane_17_fu_1033_p2    |       and|   0|  0|   2|           1|           1|
    |bad_lane_18_fu_1059_p2    |       and|   0|  0|   2|           1|           1|
    |bad_lane_19_fu_1093_p2    |       and|   0|  0|   2|           1|           1|
    |bad_lane_1_fu_553_p2      |       and|   0|  0|   2|           1|           1|
    |bad_lane_20_fu_1119_p2    |       and|   0|  0|   2|           1|           1|
    |bad_lane_21_fu_1153_p2    |       and|   0|  0|   2|           1|           1|
    |bad_lane_22_fu_1179_p2    |       and|   0|  0|   2|           1|           1|
    |bad_lane_23_fu_1213_p2    |       and|   0|  0|   2|           1|           1|
    |bad_lane_24_fu_1239_p2    |       and|   0|  0|   2|           1|           1|
    |bad_lane_25_fu_1273_p2    |       and|   0|  0|   2|           1|           1|
    |bad_lane_26_fu_1299_p2    |       and|   0|  0|   2|           1|           1|
    |bad_lane_27_fu_1333_p2    |       and|   0|  0|   2|           1|           1|
    |bad_lane_28_fu_1359_p2    |       and|   0|  0|   2|           1|           1|
    |bad_lane_29_fu_1393_p2    |       and|   0|  0|   2|           1|           1|
    |bad_lane_2_fu_579_p2      |       and|   0|  0|   2|           1|           1|
    |bad_lane_30_fu_1419_p2    |       and|   0|  0|   2|           1|           1|
    |bad_lane_31_fu_1453_p2    |       and|   0|  0|   2|           1|           1|
    |bad_lane_3_fu_613_p2      |       and|   0|  0|   2|           1|           1|
    |bad_lane_4_fu_639_p2      |       and|   0|  0|   2|           1|           1|
    |bad_lane_5_fu_673_p2      |       and|   0|  0|   2|           1|           1|
    |bad_lane_6_fu_699_p2      |       and|   0|  0|   2|           1|           1|
    |bad_lane_7_fu_733_p2      |       and|   0|  0|   2|           1|           1|
    |bad_lane_8_fu_759_p2      |       and|   0|  0|   2|           1|           1|
    |bad_lane_9_fu_793_p2      |       and|   0|  0|   2|           1|           1|
    |bad_lane_fu_519_p2        |       and|   0|  0|   2|           1|           1|
    |icmp_ln105_fu_476_p2      |      icmp|   0|  0|  16|           8|           9|
    |icmp_ln126_15_fu_568_p2   |      icmp|   0|  0|  12|           4|           5|
    |icmp_ln126_1_fu_493_p2    |      icmp|   0|  0|  15|           8|           8|
    |icmp_ln126_31_fu_602_p2   |      icmp|   0|  0|  16|           8|           9|
    |icmp_ln126_32_fu_628_p2   |      icmp|   0|  0|  12|           4|           5|
    |icmp_ln126_33_fu_662_p2   |      icmp|   0|  0|  16|           8|           9|
    |icmp_ln126_34_fu_688_p2   |      icmp|   0|  0|  12|           4|           5|
    |icmp_ln126_35_fu_722_p2   |      icmp|   0|  0|  16|           8|           9|
    |icmp_ln126_36_fu_748_p2   |      icmp|   0|  0|  12|           4|           5|
    |icmp_ln126_37_fu_782_p2   |      icmp|   0|  0|  16|           8|           9|
    |icmp_ln126_38_fu_808_p2   |      icmp|   0|  0|  12|           4|           5|
    |icmp_ln126_39_fu_842_p2   |      icmp|   0|  0|  16|           8|           9|
    |icmp_ln126_3_fu_508_p2    |      icmp|   0|  0|  12|           4|           5|
    |icmp_ln126_40_fu_868_p2   |      icmp|   0|  0|  12|           4|           5|
    |icmp_ln126_41_fu_902_p2   |      icmp|   0|  0|  16|           8|           9|
    |icmp_ln126_42_fu_928_p2   |      icmp|   0|  0|  12|           4|           5|
    |icmp_ln126_43_fu_962_p2   |      icmp|   0|  0|  16|           8|           9|
    |icmp_ln126_44_fu_988_p2   |      icmp|   0|  0|  12|           4|           5|
    |icmp_ln126_45_fu_1022_p2  |      icmp|   0|  0|  16|           8|           9|
    |icmp_ln126_46_fu_1048_p2  |      icmp|   0|  0|  12|           4|           5|
    |icmp_ln126_47_fu_1082_p2  |      icmp|   0|  0|  16|           8|           9|
    |icmp_ln126_48_fu_1108_p2  |      icmp|   0|  0|  12|           4|           5|
    |icmp_ln126_49_fu_1142_p2  |      icmp|   0|  0|  16|           8|           9|
    |icmp_ln126_50_fu_1168_p2  |      icmp|   0|  0|  12|           4|           5|
    |icmp_ln126_51_fu_1202_p2  |      icmp|   0|  0|  16|           8|           9|
    |icmp_ln126_52_fu_1228_p2  |      icmp|   0|  0|  12|           4|           5|
    |icmp_ln126_53_fu_1262_p2  |      icmp|   0|  0|  16|           8|           9|
    |icmp_ln126_54_fu_1288_p2  |      icmp|   0|  0|  12|           4|           5|
    |icmp_ln126_55_fu_1322_p2  |      icmp|   0|  0|  16|           8|           9|
    |icmp_ln126_56_fu_1348_p2  |      icmp|   0|  0|  12|           4|           5|
    |icmp_ln126_57_fu_1382_p2  |      icmp|   0|  0|  16|           8|           9|
    |icmp_ln126_58_fu_1408_p2  |      icmp|   0|  0|  12|           4|           5|
    |icmp_ln126_59_fu_1442_p2  |      icmp|   0|  0|  16|           8|           9|
    |icmp_ln126_7_fu_542_p2    |      icmp|   0|  0|  16|           8|           9|
    |icmp_ln133_fu_1526_p2     |      icmp|   0|  0|  39|          32|           1|
    |invalid_2_fu_1532_p2      |        or|   0|  0|   2|           1|           1|
    |ap_enable_pp0             |       xor|   0|  0|   2|           1|           2|
    +--------------------------+----------+----+---+----+------------+------------+
    |Total                     |          |   0|  0| 669|         316|         312|
    +--------------------------+----------+----+---+----+------------+------------+

    * Multiplexer: 
    +----------------------------------+----+-----------+-----+-----------+
    |               Name               | LUT| Input Size| Bits| Total Bits|
    +----------------------------------+----+-----------+-----+-----------+
    |ap_done_int                       |   9|          2|    1|          2|
    |ap_enable_reg_pp0_iter1           |   9|          2|    1|          2|
    |ap_phi_mux_invalid_phi_fu_460_p4  |   9|          2|    1|          2|
    |ap_sig_allocacmp_remainder_3      |   9|          2|    8|         16|
    |invalid_reg_457                   |   9|          2|    1|          2|
    |remainder_fu_236                  |   9|          2|    8|         16|
    +----------------------------------+----+-----------+-----+-----------+
    |Total                             |  54|         12|   20|         40|
    +----------------------------------+----+-----------+-----+-----------+

    * Register: 
    +-------------------------+---+----+-----+-----------+
    |           Name          | FF| LUT| Bits| Const Bits|
    +-------------------------+---+----+-----+-----------+
    |ap_CS_fsm                |  1|   0|    1|          0|
    |ap_done_reg              |  1|   0|    1|          0|
    |ap_enable_reg_pp0_iter1  |  1|   0|    1|          0|
    |icmp_ln105_reg_1711      |  1|   0|    1|          0|
    |icmp_ln126_1_reg_1715    |  1|   0|    1|          0|
    |invalid_reg_457          |  1|   0|    1|          0|
    |remainder_fu_236         |  8|   0|    8|          0|
    +-------------------------+---+----+-----+-----------+
    |Total                    | 14|   0|   14|          0|
    +-------------------------+---+----+-----+-----------+



================================================================
== Interface
================================================================
* Summary: 
+----------------------+-----+-----+------------+--------------------------------------------------------------------+--------------+
|       RTL Ports      | Dir | Bits|  Protocol  |                            Source Object                           |    C Type    |
+----------------------+-----+-----+------------+--------------------------------------------------------------------+--------------+
|ap_clk                |   in|    1|  ap_ctrl_hs|  (anonymous namespace)contains_invalid_w4_Pipeline_VITIS_LOOP_105_3|  return value|
|ap_rst                |   in|    1|  ap_ctrl_hs|  (anonymous namespace)contains_invalid_w4_Pipeline_VITIS_LOOP_105_3|  return value|
|ap_start              |   in|    1|  ap_ctrl_hs|  (anonymous namespace)contains_invalid_w4_Pipeline_VITIS_LOOP_105_3|  return value|
|ap_done               |  out|    1|  ap_ctrl_hs|  (anonymous namespace)contains_invalid_w4_Pipeline_VITIS_LOOP_105_3|  return value|
|ap_idle               |  out|    1|  ap_ctrl_hs|  (anonymous namespace)contains_invalid_w4_Pipeline_VITIS_LOOP_105_3|  return value|
|ap_ready              |  out|    1|  ap_ctrl_hs|  (anonymous namespace)contains_invalid_w4_Pipeline_VITIS_LOOP_105_3|  return value|
|invalid_1             |   in|    1|     ap_none|                                                           invalid_1|        scalar|
|valid_inputs          |   in|    8|     ap_none|                                                        valid_inputs|        scalar|
|weight_tile_address0  |  out|    7|   ap_memory|                                                         weight_tile|         array|
|weight_tile_ce0       |  out|    1|   ap_memory|                                                         weight_tile|         array|
|weight_tile_q0        |   in|  128|   ap_memory|                                                         weight_tile|         array|
|icmp_ln126            |   in|    1|     ap_none|                                                          icmp_ln126|        scalar|
|icmp14                |   in|    1|     ap_none|                                                              icmp14|        scalar|
|icmp_ln126_2          |   in|    1|     ap_none|                                                        icmp_ln126_2|        scalar|
|icmp17                |   in|    1|     ap_none|                                                              icmp17|        scalar|
|icmp_ln126_4          |   in|    1|     ap_none|                                                        icmp_ln126_4|        scalar|
|icmp_ln126_5          |   in|    1|     ap_none|                                                        icmp_ln126_5|        scalar|
|icmp_ln126_6          |   in|    1|     ap_none|                                                        icmp_ln126_6|        scalar|
|icmp20                |   in|    1|     ap_none|                                                              icmp20|        scalar|
|icmp_ln126_8          |   in|    1|     ap_none|                                                        icmp_ln126_8|        scalar|
|icmp_ln126_9          |   in|    1|     ap_none|                                                        icmp_ln126_9|        scalar|
|icmp_ln126_10         |   in|    1|     ap_none|                                                       icmp_ln126_10|        scalar|
|icmp_ln126_11         |   in|    1|     ap_none|                                                       icmp_ln126_11|        scalar|
|icmp_ln126_12         |   in|    1|     ap_none|                                                       icmp_ln126_12|        scalar|
|icmp_ln126_13         |   in|    1|     ap_none|                                                       icmp_ln126_13|        scalar|
|icmp_ln126_14         |   in|    1|     ap_none|                                                       icmp_ln126_14|        scalar|
|icmp23                |   in|    1|     ap_none|                                                              icmp23|        scalar|
|icmp_ln126_16         |   in|    1|     ap_none|                                                       icmp_ln126_16|        scalar|
|icmp_ln126_17         |   in|    1|     ap_none|                                                       icmp_ln126_17|        scalar|
|icmp_ln126_18         |   in|    1|     ap_none|                                                       icmp_ln126_18|        scalar|
|icmp_ln126_19         |   in|    1|     ap_none|                                                       icmp_ln126_19|        scalar|
|icmp_ln126_20         |   in|    1|     ap_none|                                                       icmp_ln126_20|        scalar|
|icmp_ln126_21         |   in|    1|     ap_none|                                                       icmp_ln126_21|        scalar|
|icmp_ln126_22         |   in|    1|     ap_none|                                                       icmp_ln126_22|        scalar|
|icmp_ln126_23         |   in|    1|     ap_none|                                                       icmp_ln126_23|        scalar|
|icmp_ln126_24         |   in|    1|     ap_none|                                                       icmp_ln126_24|        scalar|
|icmp_ln126_25         |   in|    1|     ap_none|                                                       icmp_ln126_25|        scalar|
|icmp_ln126_26         |   in|    1|     ap_none|                                                       icmp_ln126_26|        scalar|
|icmp_ln126_27         |   in|    1|     ap_none|                                                       icmp_ln126_27|        scalar|
|icmp_ln126_28         |   in|    1|     ap_none|                                                       icmp_ln126_28|        scalar|
|icmp_ln126_29         |   in|    1|     ap_none|                                                       icmp_ln126_29|        scalar|
|icmp_ln126_30         |   in|    1|     ap_none|                                                       icmp_ln126_30|        scalar|
|empty                 |   in|    1|     ap_none|                                                               empty|        scalar|
|invalid_3_out         |  out|    1|      ap_vld|                                                       invalid_3_out|       pointer|
|invalid_3_out_ap_vld  |  out|    1|      ap_vld|                                                       invalid_3_out|       pointer|
+----------------------+-----+-----+------------+--------------------------------------------------------------------+--------------+

