

================================================================
== Vitis HLS Report for 'p_anonymous_namespace_compute_prefill_group_Pipeline_VITIS_LOOP_287_2'
================================================================
* Date:           Sat Oct  3 03:34:20 2026

* Version:        2026.1 (Build 6493734 on Jun 16 2026)
* Project:        b03_double_hls
* Solution:       hls (Vitis Kernel Flow Target)
* Product family: zynquplus
* Target device:  xck26-sfvc784-2LV-c


================================================================
== Performance Estimates
================================================================
+ Timing: 
    * Summary: 
    +--------+---------+----------+------------+
    |  Clock |  Target | Estimated| Uncertainty|
    +--------+---------+----------+------------+
    |ap_clk  |  6.67 ns|  4.828 ns|     1.80 ns|
    +--------+---------+----------+------------+

+ Latency: 
    * Summary: 
    +---------+---------+----------+----------+-----+-----+-------------------+
    |  Latency (cycles) |  Latency (absolute) |  Interval |      Pipeline     |
    |   min   |   max   |    min   |    max   | min | max |        Type       |
    +---------+---------+----------+----------+-----+-----+-------------------+
    |       53|       53|  0.353 us|  0.353 us|    0|    0|  loop pipeline stp|
    +---------+---------+----------+----------+-----+-----+-------------------+

    + Detail: 
        * Instance: 
        N/A

        * Loop: 
        +--------------------+---------+---------+----------+-----------+-----------+------+----------+
        |                    |  Latency (cycles) | Iteration|  Initiation Interval  | Trip |          |
        |      Loop Name     |   min   |   max   |  Latency |  achieved |   target  | Count| Pipelined|
        +--------------------+---------+---------+----------+-----------+-----------+------+----------+
        |- VITIS_LOOP_287_2  |       51|       51|        21|          1|          1|    32|       yes|
        +--------------------+---------+---------+----------+-----------+-----------+------+----------+



================================================================
== Utilization Estimates
================================================================
* Summary: 
+-----------------+---------+------+--------+--------+-----+
|       Name      | BRAM_18K|  DSP |   FF   |   LUT  | URAM|
+-----------------+---------+------+--------+--------+-----+
|DSP              |        -|     -|       -|       -|    -|
|Expression       |        -|     -|       0|      44|    -|
|FIFO             |        -|     -|       -|       -|    -|
|Instance         |        -|     8|     523|     642|    -|
|Memory           |        -|     -|       -|       -|    -|
|Multiplexer      |        -|     -|       0|      36|    -|
|Register         |        -|     -|     413|      64|    -|
+-----------------+---------+------+--------+--------+-----+
|Total            |        0|     8|     936|     786|    0|
+-----------------+---------+------+--------+--------+-----+
|Available        |      288|  1248|  234240|  117120|   64|
+-----------------+---------+------+--------+--------+-----+
|Utilization (%)  |        0|    ~0|      ~0|      ~0|    0|
+-----------------+---------+------+--------+--------+-----+

+ Detail: 
    * Instance: 
    +-------------------------------------+--------------------------------+---------+----+-----+-----+-----+
    |               Instance              |             Module             | BRAM_18K| DSP|  FF | LUT | URAM|
    +-------------------------------------+--------------------------------+---------+----+-----+-----+-----+
    |fadd_32ns_32ns_32_6_full_dsp_1_U164  |fadd_32ns_32ns_32_6_full_dsp_1  |        0|   2|  237|  216|    0|
    |fmul_32ns_32ns_32_4_max_dsp_1_U165   |fmul_32ns_32ns_32_4_max_dsp_1   |        0|   3|  143|  139|    0|
    |fmul_32ns_32ns_32_4_max_dsp_1_U166   |fmul_32ns_32ns_32_4_max_dsp_1   |        0|   3|  143|  139|    0|
    |sitofp_32ns_32_5_no_dsp_1_U167       |sitofp_32ns_32_5_no_dsp_1       |        0|   0|    0|    0|    0|
    |sparsemux_65_5_32_1_1_U168           |sparsemux_65_5_32_1_1           |        0|   0|    0|  148|    0|
    +-------------------------------------+--------------------------------+---------+----+-----+-----+-----+
    |Total                                |                                |        0|   8|  523|  642|    0|
    +-------------------------------------+--------------------------------+---------+----+-----+-----+-----+

    * DSP: 
    N/A

    * Memory: 
    N/A

    * FIFO: 
    N/A

    * Expression: 
    +----------------------+----------+----+---+----+------------+------------+
    |     Variable Name    | Operation| DSP| FF| LUT| Bitwidth P0| Bitwidth P1|
    +----------------------+----------+----+---+----+------------+------------+
    |add_ln287_fu_445_p2   |         +|   0|  0|  13|           6|           1|
    |add_ln296_fu_603_p2   |         +|   0|  0|  15|           8|           8|
    |icmp_ln287_fu_439_p2  |      icmp|   0|  0|  14|           6|           7|
    |ap_enable_pp0         |       xor|   0|  0|   2|           1|           2|
    +----------------------+----------+----+---+----+------------+------------+
    |Total                 |          |   0|  0|  44|          21|          18|
    +----------------------+----------+----+---+----+------------+------------+

    * Multiplexer: 
    +-------------------------+----+-----------+-----+-----------+
    |           Name          | LUT| Input Size| Bits| Total Bits|
    +-------------------------+----+-----------+-----+-----------+
    |ap_done_int              |   9|          2|    1|          2|
    |ap_enable_reg_pp0_iter1  |   9|          2|    1|          2|
    |ap_sig_allocacmp_lane_7  |   9|          2|    6|         12|
    |lane_fu_178              |   9|          2|    6|         12|
    +-------------------------+----+-----------+-----+-----------+
    |Total                    |  36|          8|   14|         28|
    +-------------------------+----+-----------+-----+-----------+

    * Register: 
    +-----------------------------------+----+----+-----+-----------+
    |                Name               | FF | LUT| Bits| Const Bits|
    +-----------------------------------+----+----+-----+-----------+
    |add_reg_681                        |  32|   0|   32|          0|
    |ap_CS_fsm                          |   1|   0|    1|          0|
    |ap_done_reg                        |   1|   0|    1|          0|
    |ap_enable_reg_pp0_iter1            |   1|   0|    1|          0|
    |ap_enable_reg_pp0_iter10           |   1|   0|    1|          0|
    |ap_enable_reg_pp0_iter11           |   1|   0|    1|          0|
    |ap_enable_reg_pp0_iter12           |   1|   0|    1|          0|
    |ap_enable_reg_pp0_iter13           |   1|   0|    1|          0|
    |ap_enable_reg_pp0_iter14           |   1|   0|    1|          0|
    |ap_enable_reg_pp0_iter15           |   1|   0|    1|          0|
    |ap_enable_reg_pp0_iter16           |   1|   0|    1|          0|
    |ap_enable_reg_pp0_iter17           |   1|   0|    1|          0|
    |ap_enable_reg_pp0_iter18           |   1|   0|    1|          0|
    |ap_enable_reg_pp0_iter19           |   1|   0|    1|          0|
    |ap_enable_reg_pp0_iter2            |   1|   0|    1|          0|
    |ap_enable_reg_pp0_iter20           |   1|   0|    1|          0|
    |ap_enable_reg_pp0_iter3            |   1|   0|    1|          0|
    |ap_enable_reg_pp0_iter4            |   1|   0|    1|          0|
    |ap_enable_reg_pp0_iter5            |   1|   0|    1|          0|
    |ap_enable_reg_pp0_iter6            |   1|   0|    1|          0|
    |ap_enable_reg_pp0_iter7            |   1|   0|    1|          0|
    |ap_enable_reg_pp0_iter8            |   1|   0|    1|          0|
    |ap_enable_reg_pp0_iter9            |   1|   0|    1|          0|
    |ap_loop_exit_ready_pp0_iter10_reg  |   1|   0|    1|          0|
    |ap_loop_exit_ready_pp0_iter11_reg  |   1|   0|    1|          0|
    |ap_loop_exit_ready_pp0_iter12_reg  |   1|   0|    1|          0|
    |ap_loop_exit_ready_pp0_iter13_reg  |   1|   0|    1|          0|
    |ap_loop_exit_ready_pp0_iter14_reg  |   1|   0|    1|          0|
    |ap_loop_exit_ready_pp0_iter15_reg  |   1|   0|    1|          0|
    |ap_loop_exit_ready_pp0_iter16_reg  |   1|   0|    1|          0|
    |ap_loop_exit_ready_pp0_iter17_reg  |   1|   0|    1|          0|
    |ap_loop_exit_ready_pp0_iter18_reg  |   1|   0|    1|          0|
    |ap_loop_exit_ready_pp0_iter19_reg  |   1|   0|    1|          0|
    |ap_loop_exit_ready_pp0_iter1_reg   |   1|   0|    1|          0|
    |ap_loop_exit_ready_pp0_iter2_reg   |   1|   0|    1|          0|
    |ap_loop_exit_ready_pp0_iter3_reg   |   1|   0|    1|          0|
    |ap_loop_exit_ready_pp0_iter4_reg   |   1|   0|    1|          0|
    |ap_loop_exit_ready_pp0_iter5_reg   |   1|   0|    1|          0|
    |ap_loop_exit_ready_pp0_iter6_reg   |   1|   0|    1|          0|
    |ap_loop_exit_ready_pp0_iter7_reg   |   1|   0|    1|          0|
    |ap_loop_exit_ready_pp0_iter8_reg   |   1|   0|    1|          0|
    |ap_loop_exit_ready_pp0_iter9_reg   |   1|   0|    1|          0|
    |conv_reg_650                       |  32|   0|   32|          0|
    |lane_7_reg_630                     |   6|   0|    6|          0|
    |lane_fu_178                        |   6|   0|    6|          0|
    |mul_reg_660                        |  32|   0|   32|          0|
    |restored_reg_671                   |  32|   0|   32|          0|
    |scales_load_reg_655                |  32|   0|   32|          0|
    |tmp_reg_640                        |  32|   0|   32|          0|
    |totals_addr_reg_665                |   8|   0|    8|          0|
    |totals_load_reg_676                |  32|   0|   32|          0|
    |lane_7_reg_630                     |  64|  32|    6|          0|
    |totals_addr_reg_665                |  64|  32|    8|          0|
    +-----------------------------------+----+----+-----+-----------+
    |Total                              | 413|  64|  299|          0|
    +-----------------------------------+----+----+-----+-----------+



================================================================
== Interface
================================================================
* Summary: 
+-------------------+-----+-----+------------+----------------------------------------------------------------------+--------------+
|     RTL Ports     | Dir | Bits|  Protocol  |                             Source Object                            |    C Type    |
+-------------------+-----+-----+------------+----------------------------------------------------------------------+--------------+
|ap_clk             |   in|    1|  ap_ctrl_hs|  (anonymous namespace)compute_prefill_group_Pipeline_VITIS_LOOP_287_2|  return value|
|ap_rst             |   in|    1|  ap_ctrl_hs|  (anonymous namespace)compute_prefill_group_Pipeline_VITIS_LOOP_287_2|  return value|
|ap_start           |   in|    1|  ap_ctrl_hs|  (anonymous namespace)compute_prefill_group_Pipeline_VITIS_LOOP_287_2|  return value|
|ap_done            |  out|    1|  ap_ctrl_hs|  (anonymous namespace)compute_prefill_group_Pipeline_VITIS_LOOP_287_2|  return value|
|ap_idle            |  out|    1|  ap_ctrl_hs|  (anonymous namespace)compute_prefill_group_Pipeline_VITIS_LOOP_287_2|  return value|
|ap_ready           |  out|    1|  ap_ctrl_hs|  (anonymous namespace)compute_prefill_group_Pipeline_VITIS_LOOP_287_2|  return value|
|zext_ln296         |   in|    8|     ap_none|                                                            zext_ln296|        scalar|
|totals_address0    |  out|    8|   ap_memory|                                                                totals|         array|
|totals_ce0         |  out|    1|   ap_memory|                                                                totals|         array|
|totals_we0         |  out|    1|   ap_memory|                                                                totals|         array|
|totals_d0          |  out|   32|   ap_memory|                                                                totals|         array|
|totals_address1    |  out|    8|   ap_memory|                                                                totals|         array|
|totals_ce1         |  out|    1|   ap_memory|                                                                totals|         array|
|totals_q1          |   in|   32|   ap_memory|                                                                totals|         array|
|sums               |   in|   32|     ap_none|                                                                  sums|        scalar|
|sums_1             |   in|   32|     ap_none|                                                                sums_1|        scalar|
|sums_2             |   in|   32|     ap_none|                                                                sums_2|        scalar|
|sums_3             |   in|   32|     ap_none|                                                                sums_3|        scalar|
|sums_4             |   in|   32|     ap_none|                                                                sums_4|        scalar|
|sums_5             |   in|   32|     ap_none|                                                                sums_5|        scalar|
|sums_6             |   in|   32|     ap_none|                                                                sums_6|        scalar|
|sums_7             |   in|   32|     ap_none|                                                                sums_7|        scalar|
|sums_8             |   in|   32|     ap_none|                                                                sums_8|        scalar|
|sums_9             |   in|   32|     ap_none|                                                                sums_9|        scalar|
|sums_32            |   in|   32|     ap_none|                                                               sums_32|        scalar|
|sums_33            |   in|   32|     ap_none|                                                               sums_33|        scalar|
|sums_34            |   in|   32|     ap_none|                                                               sums_34|        scalar|
|sums_35            |   in|   32|     ap_none|                                                               sums_35|        scalar|
|sums_36            |   in|   32|     ap_none|                                                               sums_36|        scalar|
|sums_37            |   in|   32|     ap_none|                                                               sums_37|        scalar|
|sums_38            |   in|   32|     ap_none|                                                               sums_38|        scalar|
|sums_39            |   in|   32|     ap_none|                                                               sums_39|        scalar|
|sums_40            |   in|   32|     ap_none|                                                               sums_40|        scalar|
|sums_41            |   in|   32|     ap_none|                                                               sums_41|        scalar|
|sums_42            |   in|   32|     ap_none|                                                               sums_42|        scalar|
|sums_43            |   in|   32|     ap_none|                                                               sums_43|        scalar|
|sums_44            |   in|   32|     ap_none|                                                               sums_44|        scalar|
|sums_45            |   in|   32|     ap_none|                                                               sums_45|        scalar|
|sums_46            |   in|   32|     ap_none|                                                               sums_46|        scalar|
|sums_47            |   in|   32|     ap_none|                                                               sums_47|        scalar|
|sums_48            |   in|   32|     ap_none|                                                               sums_48|        scalar|
|sums_49            |   in|   32|     ap_none|                                                               sums_49|        scalar|
|sums_50            |   in|   32|     ap_none|                                                               sums_50|        scalar|
|sums_51            |   in|   32|     ap_none|                                                               sums_51|        scalar|
|sums_52            |   in|   32|     ap_none|                                                               sums_52|        scalar|
|sums_53            |   in|   32|     ap_none|                                                               sums_53|        scalar|
|scales_address0    |  out|    5|   ap_stable|                                                                scales|         array|
|scales_ce0         |  out|    1|   ap_stable|                                                                scales|         array|
|scales_q0          |   in|   32|   ap_stable|                                                                scales|         array|
|token_scales_load  |   in|   32|     ap_none|                                                     token_scales_load|        scalar|
+-------------------+-----+-----+------------+----------------------------------------------------------------------+--------------+

