

================================================================
== Vitis HLS Report for 'w4a8_linear_v1_Pipeline_VITIS_LOOP_723_7'
================================================================
* Date:           Sat Oct  3 03:34:29 2026

* Version:        2026.1 (Build 6493734 on Jun 16 2026)
* Project:        b03_double_hls
* Solution:       hls (Vitis Kernel Flow Target)
* Product family: zynquplus
* Target device:  xck26-sfvc784-2LV-c


================================================================
== Performance Estimates
================================================================
+ Timing: 
    * Summary: 
    +--------+---------+----------+------------+
    |  Clock |  Target | Estimated| Uncertainty|
    +--------+---------+----------+------------+
    |ap_clk  |  6.67 ns|  4.828 ns|     1.80 ns|
    +--------+---------+----------+------------+

+ Latency: 
    * Summary: 
    +---------+---------+----------+----------+-----+-----+-------------------+
    |  Latency (cycles) |  Latency (absolute) |  Interval |      Pipeline     |
    |   min   |   max   |    min   |    max   | min | max |        Type       |
    +---------+---------+----------+----------+-----+-----+-------------------+
    |       53|       53|  0.353 us|  0.353 us|    0|    0|  loop pipeline stp|
    +---------+---------+----------+----------+-----+-----+-------------------+

    + Detail: 
        * Instance: 
        N/A

        * Loop: 
        +--------------------+---------+---------+----------+-----------+-----------+------+----------+
        |                    |  Latency (cycles) | Iteration|  Initiation Interval  | Trip |          |
        |      Loop Name     |   min   |   max   |  Latency |  achieved |   target  | Count| Pipelined|
        +--------------------+---------+---------+----------+-----------+-----------+------+----------+
        |- VITIS_LOOP_723_7  |       51|       51|        21|          1|          1|    32|       yes|
        +--------------------+---------+---------+----------+-----------+-----------+------+----------+



================================================================
== Utilization Estimates
================================================================
* Summary: 
+-----------------+---------+------+--------+--------+-----+
|       Name      | BRAM_18K|  DSP |   FF   |   LUT  | URAM|
+-----------------+---------+------+--------+--------+-----+
|DSP              |        -|     -|       -|       -|    -|
|Expression       |        -|     -|       0|      29|    -|
|FIFO             |        -|     -|       -|       -|    -|
|Instance         |        -|     8|     523|     642|    -|
|Memory           |        -|     -|       -|       -|    -|
|Multiplexer      |        -|     -|       0|      36|    -|
|Register         |        -|     -|     410|      64|    -|
+-----------------+---------+------+--------+--------+-----+
|Total            |        0|     8|     933|     771|    0|
+-----------------+---------+------+--------+--------+-----+
|Available        |      288|  1248|  234240|  117120|   64|
+-----------------+---------+------+--------+--------+-----+
|Utilization (%)  |        0|    ~0|      ~0|      ~0|    0|
+-----------------+---------+------+--------+--------+-----+

+ Detail: 
    * Instance: 
    +-------------------------------------+--------------------------------+---------+----+-----+-----+-----+
    |               Instance              |             Module             | BRAM_18K| DSP|  FF | LUT | URAM|
    +-------------------------------------+--------------------------------+---------+----+-----+-----+-----+
    |fadd_32ns_32ns_32_6_full_dsp_1_U306  |fadd_32ns_32ns_32_6_full_dsp_1  |        0|   2|  237|  216|    0|
    |fmul_32ns_32ns_32_4_max_dsp_1_U307   |fmul_32ns_32ns_32_4_max_dsp_1   |        0|   3|  143|  139|    0|
    |fmul_32ns_32ns_32_4_max_dsp_1_U308   |fmul_32ns_32ns_32_4_max_dsp_1   |        0|   3|  143|  139|    0|
    |sitofp_32ns_32_5_no_dsp_1_U309       |sitofp_32ns_32_5_no_dsp_1       |        0|   0|    0|    0|    0|
    |sparsemux_65_5_32_1_1_U310           |sparsemux_65_5_32_1_1           |        0|   0|    0|  148|    0|
    +-------------------------------------+--------------------------------+---------+----+-----+-----+-----+
    |Total                                |                                |        0|   8|  523|  642|    0|
    +-------------------------------------+--------------------------------+---------+----+-----+-----+-----+

    * DSP: 
    N/A

    * Memory: 
    N/A

    * FIFO: 
    N/A

    * Expression: 
    +----------------------+----------+----+---+----+------------+------------+
    |     Variable Name    | Operation| DSP| FF| LUT| Bitwidth P0| Bitwidth P1|
    +----------------------+----------+----+---+----+------------+------------+
    |add_ln723_fu_428_p2   |         +|   0|  0|  13|           6|           1|
    |icmp_ln723_fu_422_p2  |      icmp|   0|  0|  14|           6|           7|
    |ap_enable_pp0         |       xor|   0|  0|   2|           1|           2|
    +----------------------+----------+----+---+----+------------+------------+
    |Total                 |          |   0|  0|  29|          13|          10|
    +----------------------+----------+----+---+----+------------+------------+

    * Multiplexer: 
    +-------------------------+----+-----------+-----+-----------+
    |           Name          | LUT| Input Size| Bits| Total Bits|
    +-------------------------+----+-----------+-----+-----------+
    |ap_done_int              |   9|          2|    1|          2|
    |ap_enable_reg_pp0_iter1  |   9|          2|    1|          2|
    |ap_sig_allocacmp_lane_2  |   9|          2|    6|         12|
    |lane_fu_168              |   9|          2|    6|         12|
    +-------------------------+----+-----------+-----+-----------+
    |Total                    |  36|          8|   14|         28|
    +-------------------------+----+-----------+-----+-----------+

    * Register: 
    +-----------------------------------+----+----+-----+-----------+
    |                Name               | FF | LUT| Bits| Const Bits|
    +-----------------------------------+----+----+-----+-----------+
    |add_reg_646                        |  32|   0|   32|          0|
    |ap_CS_fsm                          |   1|   0|    1|          0|
    |ap_done_reg                        |   1|   0|    1|          0|
    |ap_enable_reg_pp0_iter1            |   1|   0|    1|          0|
    |ap_enable_reg_pp0_iter10           |   1|   0|    1|          0|
    |ap_enable_reg_pp0_iter11           |   1|   0|    1|          0|
    |ap_enable_reg_pp0_iter12           |   1|   0|    1|          0|
    |ap_enable_reg_pp0_iter13           |   1|   0|    1|          0|
    |ap_enable_reg_pp0_iter14           |   1|   0|    1|          0|
    |ap_enable_reg_pp0_iter15           |   1|   0|    1|          0|
    |ap_enable_reg_pp0_iter16           |   1|   0|    1|          0|
    |ap_enable_reg_pp0_iter17           |   1|   0|    1|          0|
    |ap_enable_reg_pp0_iter18           |   1|   0|    1|          0|
    |ap_enable_reg_pp0_iter19           |   1|   0|    1|          0|
    |ap_enable_reg_pp0_iter2            |   1|   0|    1|          0|
    |ap_enable_reg_pp0_iter20           |   1|   0|    1|          0|
    |ap_enable_reg_pp0_iter3            |   1|   0|    1|          0|
    |ap_enable_reg_pp0_iter4            |   1|   0|    1|          0|
    |ap_enable_reg_pp0_iter5            |   1|   0|    1|          0|
    |ap_enable_reg_pp0_iter6            |   1|   0|    1|          0|
    |ap_enable_reg_pp0_iter7            |   1|   0|    1|          0|
    |ap_enable_reg_pp0_iter8            |   1|   0|    1|          0|
    |ap_enable_reg_pp0_iter9            |   1|   0|    1|          0|
    |ap_loop_exit_ready_pp0_iter10_reg  |   1|   0|    1|          0|
    |ap_loop_exit_ready_pp0_iter11_reg  |   1|   0|    1|          0|
    |ap_loop_exit_ready_pp0_iter12_reg  |   1|   0|    1|          0|
    |ap_loop_exit_ready_pp0_iter13_reg  |   1|   0|    1|          0|
    |ap_loop_exit_ready_pp0_iter14_reg  |   1|   0|    1|          0|
    |ap_loop_exit_ready_pp0_iter15_reg  |   1|   0|    1|          0|
    |ap_loop_exit_ready_pp0_iter16_reg  |   1|   0|    1|          0|
    |ap_loop_exit_ready_pp0_iter17_reg  |   1|   0|    1|          0|
    |ap_loop_exit_ready_pp0_iter18_reg  |   1|   0|    1|          0|
    |ap_loop_exit_ready_pp0_iter19_reg  |   1|   0|    1|          0|
    |ap_loop_exit_ready_pp0_iter1_reg   |   1|   0|    1|          0|
    |ap_loop_exit_ready_pp0_iter2_reg   |   1|   0|    1|          0|
    |ap_loop_exit_ready_pp0_iter3_reg   |   1|   0|    1|          0|
    |ap_loop_exit_ready_pp0_iter4_reg   |   1|   0|    1|          0|
    |ap_loop_exit_ready_pp0_iter5_reg   |   1|   0|    1|          0|
    |ap_loop_exit_ready_pp0_iter6_reg   |   1|   0|    1|          0|
    |ap_loop_exit_ready_pp0_iter7_reg   |   1|   0|    1|          0|
    |ap_loop_exit_ready_pp0_iter8_reg   |   1|   0|    1|          0|
    |ap_loop_exit_ready_pp0_iter9_reg   |   1|   0|    1|          0|
    |conv_reg_621                       |  32|   0|   32|          0|
    |lane_2_reg_596                     |   6|   0|    6|          0|
    |lane_fu_168                        |   6|   0|    6|          0|
    |mul_reg_631                        |  32|   0|   32|          0|
    |restored_reg_636                   |  32|   0|   32|          0|
    |scale_tile_load_reg_626            |  32|   0|   32|          0|
    |tmp_1_reg_605                      |  32|   0|   32|          0|
    |totals_addr_reg_615                |   5|   0|    5|          0|
    |totals_load_reg_641                |  32|   0|   32|          0|
    |lane_2_reg_596                     |  64|  32|    6|          0|
    |totals_addr_reg_615                |  64|  32|    5|          0|
    +-----------------------------------+----+----+-----+-----------+
    |Total                              | 410|  64|  293|          0|
    +-----------------------------------+----+----+-----+-----------+



================================================================
== Interface
================================================================
* Summary: 
+---------------------+-----+-----+------------+------------------------------------------+--------------+
|      RTL Ports      | Dir | Bits|  Protocol  |               Source Object              |    C Type    |
+---------------------+-----+-----+------------+------------------------------------------+--------------+
|ap_clk               |   in|    1|  ap_ctrl_hs|  w4a8_linear_v1_Pipeline_VITIS_LOOP_723_7|  return value|
|ap_rst               |   in|    1|  ap_ctrl_hs|  w4a8_linear_v1_Pipeline_VITIS_LOOP_723_7|  return value|
|ap_start             |   in|    1|  ap_ctrl_hs|  w4a8_linear_v1_Pipeline_VITIS_LOOP_723_7|  return value|
|ap_done              |  out|    1|  ap_ctrl_hs|  w4a8_linear_v1_Pipeline_VITIS_LOOP_723_7|  return value|
|ap_idle              |  out|    1|  ap_ctrl_hs|  w4a8_linear_v1_Pipeline_VITIS_LOOP_723_7|  return value|
|ap_ready             |  out|    1|  ap_ctrl_hs|  w4a8_linear_v1_Pipeline_VITIS_LOOP_723_7|  return value|
|sums                 |   in|   32|     ap_none|                                      sums|        scalar|
|sums_1               |   in|   32|     ap_none|                                    sums_1|        scalar|
|sums_2               |   in|   32|     ap_none|                                    sums_2|        scalar|
|sums_3               |   in|   32|     ap_none|                                    sums_3|        scalar|
|sums_4               |   in|   32|     ap_none|                                    sums_4|        scalar|
|sums_5               |   in|   32|     ap_none|                                    sums_5|        scalar|
|sums_6               |   in|   32|     ap_none|                                    sums_6|        scalar|
|sums_7               |   in|   32|     ap_none|                                    sums_7|        scalar|
|sums_8               |   in|   32|     ap_none|                                    sums_8|        scalar|
|sums_9               |   in|   32|     ap_none|                                    sums_9|        scalar|
|sums_10              |   in|   32|     ap_none|                                   sums_10|        scalar|
|sums_11              |   in|   32|     ap_none|                                   sums_11|        scalar|
|sums_12              |   in|   32|     ap_none|                                   sums_12|        scalar|
|sums_13              |   in|   32|     ap_none|                                   sums_13|        scalar|
|sums_14              |   in|   32|     ap_none|                                   sums_14|        scalar|
|sums_15              |   in|   32|     ap_none|                                   sums_15|        scalar|
|sums_16              |   in|   32|     ap_none|                                   sums_16|        scalar|
|sums_17              |   in|   32|     ap_none|                                   sums_17|        scalar|
|sums_18              |   in|   32|     ap_none|                                   sums_18|        scalar|
|sums_19              |   in|   32|     ap_none|                                   sums_19|        scalar|
|sums_20              |   in|   32|     ap_none|                                   sums_20|        scalar|
|sums_21              |   in|   32|     ap_none|                                   sums_21|        scalar|
|sums_22              |   in|   32|     ap_none|                                   sums_22|        scalar|
|sums_23              |   in|   32|     ap_none|                                   sums_23|        scalar|
|sums_24              |   in|   32|     ap_none|                                   sums_24|        scalar|
|sums_25              |   in|   32|     ap_none|                                   sums_25|        scalar|
|sums_26              |   in|   32|     ap_none|                                   sums_26|        scalar|
|sums_27              |   in|   32|     ap_none|                                   sums_27|        scalar|
|sums_28              |   in|   32|     ap_none|                                   sums_28|        scalar|
|sums_29              |   in|   32|     ap_none|                                   sums_29|        scalar|
|sums_30              |   in|   32|     ap_none|                                   sums_30|        scalar|
|sums_31              |   in|   32|     ap_none|                                   sums_31|        scalar|
|scale_tile_address0  |  out|    5|   ap_memory|                                scale_tile|         array|
|scale_tile_ce0       |  out|    1|   ap_memory|                                scale_tile|         array|
|scale_tile_q0        |   in|   32|   ap_memory|                                scale_tile|         array|
|token_scale          |   in|   32|     ap_none|                               token_scale|        scalar|
|totals_address0      |  out|    5|   ap_memory|                                    totals|         array|
|totals_ce0           |  out|    1|   ap_memory|                                    totals|         array|
|totals_we0           |  out|    1|   ap_memory|                                    totals|         array|
|totals_d0            |  out|   32|   ap_memory|                                    totals|         array|
|totals_address1      |  out|    5|   ap_memory|                                    totals|         array|
|totals_ce1           |  out|    1|   ap_memory|                                    totals|         array|
|totals_q1            |   in|   32|   ap_memory|                                    totals|         array|
+---------------------+-----+-----+------------+------------------------------------------+--------------+

