

================================================================
== Vitis HLS Report for 'w4a8_tile_group_sums'
================================================================
* Date:           Sat Oct  3 03:34:20 2026

* Version:        2026.1 (Build 6493734 on Jun 16 2026)
* Project:        b03_double_hls
* Solution:       hls (Vitis Kernel Flow Target)
* Product family: zynquplus
* Target device:  xck26-sfvc784-2LV-c


================================================================
== Performance Estimates
================================================================
+ Timing: 
    * Summary: 
    +--------+---------+----------+------------+
    |  Clock |  Target | Estimated| Uncertainty|
    +--------+---------+----------+------------+
    |ap_clk  |  6.67 ns|  2.658 ns|     1.80 ns|
    +--------+---------+----------+------------+

+ Latency: 
    * Summary: 
    +---------+---------+----------+----------+-----+-----+---------+
    |  Latency (cycles) |  Latency (absolute) |  Interval | Pipeline|
    |   min   |   max   |    min   |    max   | min | max |   Type  |
    +---------+---------+----------+----------+-----+-----+---------+
    |      135|      135|  0.900 us|  0.900 us|  135|  135|       no|
    +---------+---------+----------+----------+-----+-----+---------+

    + Detail: 
        * Instance: 
        +-----------------------------------------------------------+------------------------------------------------+---------+---------+----------+----------+-----+-----+-------------------+
        |                                                           |                                                |  Latency (cycles) |  Latency (absolute) |  Interval |      Pipeline     |
        |                          Instance                         |                     Module                     |   min   |   max   |    min   |    max   | min | max |        Type       |
        +-----------------------------------------------------------+------------------------------------------------+---------+---------+----------+----------+-----+-----+-------------------+
        |grp_w4a8_tile_group_sums_Pipeline_VITIS_LOOP_165_2_fu_184  |w4a8_tile_group_sums_Pipeline_VITIS_LOOP_165_2  |      133|      133|  0.887 us|  0.887 us|    0|    0|  loop pipeline stp|
        +-----------------------------------------------------------+------------------------------------------------+---------+---------+----------+----------+-----+-----+-------------------+

        * Loop: 
        N/A



================================================================
== Utilization Estimates
================================================================
* Summary: 
+-----------------+---------+------+--------+--------+-----+
|       Name      | BRAM_18K|  DSP |   FF   |   LUT  | URAM|
+-----------------+---------+------+--------+--------+-----+
|DSP              |        -|     -|       -|       -|    -|
|Expression       |        -|     -|       0|      66|    -|
|FIFO             |        -|     -|       -|       -|    -|
|Instance         |        -|    32|     690|     709|    -|
|Memory           |        -|     -|       -|       -|    -|
|Multiplexer      |        -|     -|       0|      20|    -|
|Register         |        -|     -|      28|       -|    -|
+-----------------+---------+------+--------+--------+-----+
|Total            |        0|    32|     718|     795|    0|
+-----------------+---------+------+--------+--------+-----+
|Available        |      288|  1248|  234240|  117120|   64|
+-----------------+---------+------+--------+--------+-----+
|Utilization (%)  |        0|     2|      ~0|      ~0|    0|
+-----------------+---------+------+--------+--------+-----+

+ Detail: 
    * Instance: 
    +-----------------------------------------------------------+------------------------------------------------+---------+----+-----+-----+-----+
    |                          Instance                         |                     Module                     | BRAM_18K| DSP|  FF | LUT | URAM|
    +-----------------------------------------------------------+------------------------------------------------+---------+----+-----+-----+-----+
    |grp_w4a8_tile_group_sums_Pipeline_VITIS_LOOP_165_2_fu_184  |w4a8_tile_group_sums_Pipeline_VITIS_LOOP_165_2  |        0|  32|  690|  709|    0|
    +-----------------------------------------------------------+------------------------------------------------+---------+----+-----+-----+-----+
    |Total                                                      |                                                |        0|  32|  690|  709|    0|
    +-----------------------------------------------------------+------------------------------------------------+---------+----+-----+-----+-----+

    * DSP: 
    N/A

    * Memory: 
    N/A

    * FIFO: 
    N/A

    * Expression: 
    +---------------------+----------+----+---+----+------------+------------+
    |    Variable Name    | Operation| DSP| FF| LUT| Bitwidth P0| Bitwidth P1|
    +---------------------+----------+----+---+----+------------+------------+
    |add_ln171_fu_250_p2  |         +|   0|  0|  33|          33|          33|
    |sub_ln171_fu_268_p2  |         -|   0|  0|  33|          33|          33|
    +---------------------+----------+----+---+----+------------+------------+
    |Total                |          |   0|  0|  66|          66|          66|
    +---------------------+----------+----+---+----+------------+------------+

    * Multiplexer: 
    +-----------+----+-----------+-----+-----------+
    |    Name   | LUT| Input Size| Bits| Total Bits|
    +-----------+----+-----------+-----+-----------+
    |ap_NS_fsm  |  20|          4|    1|          4|
    +-----------+----+-----------+-----+-----------+
    |Total      |  20|          4|    1|          4|
    +-----------+----+-----------+-----+-----------+

    * Register: 
    +------------------------------------------------------------------------+----+----+-----+-----------+
    |                                  Name                                  | FF | LUT| Bits| Const Bits|
    +------------------------------------------------------------------------+----+----+-----+-----------+
    |ap_CS_fsm                                                               |   3|   0|    3|          0|
    |empty_reg_897                                                           |  16|   0|   16|          0|
    |grp_w4a8_tile_group_sums_Pipeline_VITIS_LOOP_165_2_fu_184_ap_start_reg  |   1|   0|    1|          0|
    |trunc_ln171_3_reg_892                                                   |   8|   0|   16|          8|
    +------------------------------------------------------------------------+----+----+-----+-----------+
    |Total                                                                   |  28|   0|   36|          8|
    +------------------------------------------------------------------------+----+----+-----+-----------+



================================================================
== Interface
================================================================
* Summary: 
+----------------------+-----+-----+------------+----------------------+--------------+
|       RTL Ports      | Dir | Bits|  Protocol  |     Source Object    |    C Type    |
+----------------------+-----+-----+------------+----------------------+--------------+
|ap_clk                |   in|    1|  ap_ctrl_hs|  w4a8_tile_group_sums|  return value|
|ap_rst                |   in|    1|  ap_ctrl_hs|  w4a8_tile_group_sums|  return value|
|ap_start              |   in|    1|  ap_ctrl_hs|  w4a8_tile_group_sums|  return value|
|ap_done               |  out|    1|  ap_ctrl_hs|  w4a8_tile_group_sums|  return value|
|ap_idle               |  out|    1|  ap_ctrl_hs|  w4a8_tile_group_sums|  return value|
|ap_ready              |  out|    1|  ap_ctrl_hs|  w4a8_tile_group_sums|  return value|
|ap_return_0           |  out|   32|  ap_ctrl_hs|  w4a8_tile_group_sums|  return value|
|ap_return_1           |  out|   32|  ap_ctrl_hs|  w4a8_tile_group_sums|  return value|
|ap_return_2           |  out|   32|  ap_ctrl_hs|  w4a8_tile_group_sums|  return value|
|ap_return_3           |  out|   32|  ap_ctrl_hs|  w4a8_tile_group_sums|  return value|
|ap_return_4           |  out|   32|  ap_ctrl_hs|  w4a8_tile_group_sums|  return value|
|ap_return_5           |  out|   32|  ap_ctrl_hs|  w4a8_tile_group_sums|  return value|
|ap_return_6           |  out|   32|  ap_ctrl_hs|  w4a8_tile_group_sums|  return value|
|ap_return_7           |  out|   32|  ap_ctrl_hs|  w4a8_tile_group_sums|  return value|
|ap_return_8           |  out|   32|  ap_ctrl_hs|  w4a8_tile_group_sums|  return value|
|ap_return_9           |  out|   32|  ap_ctrl_hs|  w4a8_tile_group_sums|  return value|
|ap_return_10          |  out|   32|  ap_ctrl_hs|  w4a8_tile_group_sums|  return value|
|ap_return_11          |  out|   32|  ap_ctrl_hs|  w4a8_tile_group_sums|  return value|
|ap_return_12          |  out|   32|  ap_ctrl_hs|  w4a8_tile_group_sums|  return value|
|ap_return_13          |  out|   32|  ap_ctrl_hs|  w4a8_tile_group_sums|  return value|
|ap_return_14          |  out|   32|  ap_ctrl_hs|  w4a8_tile_group_sums|  return value|
|ap_return_15          |  out|   32|  ap_ctrl_hs|  w4a8_tile_group_sums|  return value|
|ap_return_16          |  out|   32|  ap_ctrl_hs|  w4a8_tile_group_sums|  return value|
|ap_return_17          |  out|   32|  ap_ctrl_hs|  w4a8_tile_group_sums|  return value|
|ap_return_18          |  out|   32|  ap_ctrl_hs|  w4a8_tile_group_sums|  return value|
|ap_return_19          |  out|   32|  ap_ctrl_hs|  w4a8_tile_group_sums|  return value|
|ap_return_20          |  out|   32|  ap_ctrl_hs|  w4a8_tile_group_sums|  return value|
|ap_return_21          |  out|   32|  ap_ctrl_hs|  w4a8_tile_group_sums|  return value|
|ap_return_22          |  out|   32|  ap_ctrl_hs|  w4a8_tile_group_sums|  return value|
|ap_return_23          |  out|   32|  ap_ctrl_hs|  w4a8_tile_group_sums|  return value|
|ap_return_24          |  out|   32|  ap_ctrl_hs|  w4a8_tile_group_sums|  return value|
|ap_return_25          |  out|   32|  ap_ctrl_hs|  w4a8_tile_group_sums|  return value|
|ap_return_26          |  out|   32|  ap_ctrl_hs|  w4a8_tile_group_sums|  return value|
|ap_return_27          |  out|   32|  ap_ctrl_hs|  w4a8_tile_group_sums|  return value|
|ap_return_28          |  out|   32|  ap_ctrl_hs|  w4a8_tile_group_sums|  return value|
|ap_return_29          |  out|   32|  ap_ctrl_hs|  w4a8_tile_group_sums|  return value|
|ap_return_30          |  out|   32|  ap_ctrl_hs|  w4a8_tile_group_sums|  return value|
|ap_return_31          |  out|   32|  ap_ctrl_hs|  w4a8_tile_group_sums|  return value|
|weights_address0      |  out|    7|   ap_stable|               weights|         array|
|weights_ce0           |  out|    1|   ap_stable|               weights|         array|
|weights_q0            |   in|  128|   ap_stable|               weights|         array|
|activations_address0  |  out|   16|   ap_stable|           activations|         array|
|activations_ce0       |  out|    1|   ap_stable|           activations|         array|
|activations_q0        |   in|    8|   ap_stable|           activations|         array|
|activations_offset    |   in|   32|     ap_none|    activations_offset|        scalar|
|idx1                  |   in|   32|   ap_stable|                  idx1|        scalar|
+----------------------+-----+-----+------------+----------------------+--------------+

