

================================================================
== Vitis HLS Report for 'w4a8_linear_v1_Pipeline_VITIS_LOOP_675_4'
================================================================
* Date:           Sat Oct  3 03:34:25 2026

* Version:        2026.1 (Build 6493734 on Jun 16 2026)
* Project:        b03_double_hls
* Solution:       hls (Vitis Kernel Flow Target)
* Product family: zynquplus
* Target device:  xck26-sfvc784-2LV-c


================================================================
== Performance Estimates
================================================================
+ Timing: 
    * Summary: 
    +--------+---------+----------+------------+
    |  Clock |  Target | Estimated| Uncertainty|
    +--------+---------+----------+------------+
    |ap_clk  |  6.67 ns|  2.445 ns|     1.80 ns|
    +--------+---------+----------+------------+

+ Latency: 
    * Summary: 
    +---------+---------+----------+----------+-----+-----+-------------------+
    |  Latency (cycles) |  Latency (absolute) |  Interval |      Pipeline     |
    |   min   |   max   |    min   |    max   | min | max |        Type       |
    +---------+---------+----------+----------+-----+-----+-------------------+
    |       34|       34|  0.227 us|  0.227 us|    0|    0|  loop pipeline stp|
    +---------+---------+----------+----------+-----+-----+-------------------+

    + Detail: 
        * Instance: 
        N/A

        * Loop: 
        +--------------------+---------+---------+----------+-----------+-----------+------+----------+
        |                    |  Latency (cycles) | Iteration|  Initiation Interval  | Trip |          |
        |      Loop Name     |   min   |   max   |  Latency |  achieved |   target  | Count| Pipelined|
        +--------------------+---------+---------+----------+-----------+-----------+------+----------+
        |- VITIS_LOOP_675_4  |       32|       32|         1|          1|          1|    32|       yes|
        +--------------------+---------+---------+----------+-----------+-----------+------+----------+



================================================================
== Utilization Estimates
================================================================
* Summary: 
+-----------------+---------+------+--------+--------+-----+
|       Name      | BRAM_18K|  DSP |   FF   |   LUT  | URAM|
+-----------------+---------+------+--------+--------+-----+
|DSP              |        -|     -|       -|       -|    -|
|Expression       |        -|     -|       0|      27|    -|
|FIFO             |        -|     -|       -|       -|    -|
|Instance         |        -|     -|       -|       -|    -|
|Memory           |        -|     -|       -|       -|    -|
|Multiplexer      |        -|     -|       0|      27|    -|
|Register         |        -|     -|       8|       -|    -|
+-----------------+---------+------+--------+--------+-----+
|Total            |        0|     0|       8|      54|    0|
+-----------------+---------+------+--------+--------+-----+
|Available        |      288|  1248|  234240|  117120|   64|
+-----------------+---------+------+--------+--------+-----+
|Utilization (%)  |        0|     0|      ~0|      ~0|    0|
+-----------------+---------+------+--------+--------+-----+

+ Detail: 
    * Instance: 
    N/A

    * DSP: 
    N/A

    * Memory: 
    N/A

    * FIFO: 
    N/A

    * Expression: 
    +---------------------+----------+----+---+----+------------+------------+
    |    Variable Name    | Operation| DSP| FF| LUT| Bitwidth P0| Bitwidth P1|
    +---------------------+----------+----+---+----+------------+------------+
    |add_ln675_fu_62_p2   |         +|   0|  0|  13|           6|           1|
    |icmp_ln675_fu_56_p2  |      icmp|   0|  0|  14|           6|           7|
    +---------------------+----------+----+---+----+------------+------------+
    |Total                |          |   0|  0|  27|          12|           8|
    +---------------------+----------+----+---+----+------------+------------+

    * Multiplexer: 
    +-------------------------+----+-----------+-----+-----------+
    |           Name          | LUT| Input Size| Bits| Total Bits|
    +-------------------------+----+-----------+-----+-----------+
    |ap_done_int              |   9|          2|    1|          2|
    |ap_sig_allocacmp_lane_4  |   9|          2|    6|         12|
    |lane_fu_30               |   9|          2|    6|         12|
    +-------------------------+----+-----------+-----+-----------+
    |Total                    |  27|          6|   13|         26|
    +-------------------------+----+-----------+-----+-----------+

    * Register: 
    +-------------+---+----+-----+-----------+
    |     Name    | FF| LUT| Bits| Const Bits|
    +-------------+---+----+-----+-----------+
    |ap_CS_fsm    |  1|   0|    1|          0|
    |ap_done_reg  |  1|   0|    1|          0|
    |lane_fu_30   |  6|   0|    6|          0|
    +-------------+---+----+-----+-----------+
    |Total        |  8|   0|    8|          0|
    +-------------+---+----+-----+-----------+



================================================================
== Interface
================================================================
* Summary: 
+-----------------+-----+-----+------------+------------------------------------------+--------------+
|    RTL Ports    | Dir | Bits|  Protocol  |               Source Object              |    C Type    |
+-----------------+-----+-----+------------+------------------------------------------+--------------+
|ap_clk           |   in|    1|  ap_ctrl_hs|  w4a8_linear_v1_Pipeline_VITIS_LOOP_675_4|  return value|
|ap_rst           |   in|    1|  ap_ctrl_hs|  w4a8_linear_v1_Pipeline_VITIS_LOOP_675_4|  return value|
|ap_start         |   in|    1|  ap_ctrl_hs|  w4a8_linear_v1_Pipeline_VITIS_LOOP_675_4|  return value|
|ap_done          |  out|    1|  ap_ctrl_hs|  w4a8_linear_v1_Pipeline_VITIS_LOOP_675_4|  return value|
|ap_idle          |  out|    1|  ap_ctrl_hs|  w4a8_linear_v1_Pipeline_VITIS_LOOP_675_4|  return value|
|ap_ready         |  out|    1|  ap_ctrl_hs|  w4a8_linear_v1_Pipeline_VITIS_LOOP_675_4|  return value|
|totals_address0  |  out|    5|   ap_memory|                                    totals|         array|
|totals_ce0       |  out|    1|   ap_memory|                                    totals|         array|
|totals_we0       |  out|    1|   ap_memory|                                    totals|         array|
|totals_d0        |  out|   32|   ap_memory|                                    totals|         array|
+-----------------+-----+-----+------------+------------------------------------------+--------------+

