

================================================================
== Vitis HLS Report for 'w4a8_linear_v1'
================================================================
* Date:           Sat Oct  3 03:34:31 2026

* Version:        2026.1 (Build 6493734 on Jun 16 2026)
* Project:        b03_double_hls
* Solution:       hls (Vitis Kernel Flow Target)
* Product family: zynquplus
* Target device:  xck26-sfvc784-2LV-c


================================================================
== Performance Estimates
================================================================
+ Timing: 
    * Summary: 
    +--------+---------+----------+------------+
    |  Clock |  Target | Estimated| Uncertainty|
    +--------+---------+----------+------------+
    |ap_clk  |  6.67 ns|  5.270 ns|     1.80 ns|
    +--------+---------+----------+------------+

+ Latency: 
    * Summary: 
    +---------+---------+----------+----------+-----+-----+---------+
    |  Latency (cycles) |  Latency (absolute) |  Interval | Pipeline|
    |   min   |   max   |    min   |    max   | min | max |   Type  |
    +---------+---------+----------+----------+-----+-----+---------+
    |        1|        ?|  6.667 ns|         ?|    2|    ?|       no|
    +---------+---------+----------+----------+-----+-----+---------+

    + Detail: 
        * Instance: 
        +------------------------------------------------------+-------------------------------------------+---------+---------------------+-----------+-------------+-----+---------------------+-------------------+
        |                                                      |                                           |        Latency (cycles)       |    Latency (absolute)   |          Interval         |      Pipeline     |
        |                       Instance                       |                   Module                  |   min   |         max         |    min    |     max     | min |         max         |        Type       |
        +------------------------------------------------------+-------------------------------------------+---------+---------------------+-----------+-------------+-----+---------------------+-------------------+
        |grp_p_anonymous_namespace_write_meta_fu_508           |p_anonymous_namespace_write_meta           |       73|                   73|   0.487 us|     0.487 us|   73|                   73|                 no|
        |grp_p_anonymous_namespace_contains_invalid_w4_fu_531  |p_anonymous_namespace_contains_invalid_w4  |       73|  1193453857061994752|   0.487 us|  8.0e+09 sec|   73|  1193453857061994752|                 no|
        |grp_p_anonymous_namespace_compute_prefill_fu_541      |p_anonymous_namespace_compute_prefill      |      156|                    ?|   1.040 us|            ?|  156|                    ?|                 no|
        |grp_w4a8_linear_v1_Pipeline_VITIS_LOOP_665_2_fu_563   |w4a8_linear_v1_Pipeline_VITIS_LOOP_665_2   |        4|           4294967171|  26.668 ns|   28.635 sec|    0|                    0|  loop pipeline stp|
        |grp_w4a8_linear_v1_Pipeline_VITIS_LOOP_675_4_fu_572   |w4a8_linear_v1_Pipeline_VITIS_LOOP_675_4   |       34|                   34|   0.227 us|     0.227 us|    0|                    0|  loop pipeline stp|
        |grp_w4a8_linear_v1_Pipeline_VITIS_LOOP_51_1_fu_577    |w4a8_linear_v1_Pipeline_VITIS_LOOP_51_1    |      131|                  131|   0.873 us|     0.873 us|    0|                    0|  loop pipeline stp|
        |grp_w4a8_linear_v1_Pipeline_VITIS_LOOP_706_6_fu_585   |w4a8_linear_v1_Pipeline_VITIS_LOOP_706_6   |       35|                   35|   0.233 us|     0.233 us|    0|                    0|  loop pipeline stp|
        |grp_w4a8_linear_v1_Pipeline_VITIS_LOOP_737_8_fu_593   |w4a8_linear_v1_Pipeline_VITIS_LOOP_737_8   |       34|                   34|   0.227 us|     0.227 us|    0|                    0|  loop pipeline stp|
        |grp_w4a8_tile_group_sums_1_fu_600                     |w4a8_tile_group_sums_1                     |      133|                  133|   0.887 us|     0.887 us|    0|                    0|  loop pipeline stp|
        |grp_w4a8_linear_v1_Pipeline_VITIS_LOOP_723_7_fu_607   |w4a8_linear_v1_Pipeline_VITIS_LOOP_723_7   |       53|                   53|   0.353 us|     0.353 us|    0|                    0|  loop pipeline stp|
        |grp_w4a8_linear_v1_Pipeline_VITIS_LOOP_747_9_fu_646   |w4a8_linear_v1_Pipeline_VITIS_LOOP_747_9   |       35|                   35|   0.233 us|     0.233 us|    0|                    0|  loop pipeline stp|
        +------------------------------------------------------+-------------------------------------------+---------+---------------------+-----------+-------------+-----+---------------------+-------------------+

        * Loop: 
        +-----------------------+---------+---------------------+---------------------------+-----------+-----------+---------------+----------+
        |                       |        Latency (cycles)       |         Iteration         |  Initiation Interval  |      Trip     |          |
        |       Loop Name       |   min   |         max         |          Latency          |  achieved |   target  |     Count     | Pipelined|
        +-----------------------+---------+---------------------+---------------------------+-----------+-----------+---------------+----------+
        |- VITIS_LOOP_658_1     |      579|                    ?|  579 ~ 1450159044915364072|          -|          -|          1 ~ ?|        no|
        | + VITIS_LOOP_672_3    |      431|  1450159040620396800|          431 ~ 10804526891|          -|          -|  1 ~ 134217727|        no|
        |  ++ VITIS_LOOP_685_5  |      322|          10804526782|                        322|          -|          -|   1 ~ 33554431|        no|
        +-----------------------+---------+---------------------+---------------------------+-----------+-----------+---------------+----------+



================================================================
== Utilization Estimates
================================================================
* Summary: 
+-----------------+---------+------+--------+--------+-----+
|       Name      | BRAM_18K|  DSP |   FF   |   LUT  | URAM|
+-----------------+---------+------+--------+--------+-----+
|DSP              |        -|     -|       -|       -|    -|
|Expression       |        -|     -|       0|    4144|    -|
|FIFO             |        -|     -|       -|       -|    -|
|Instance         |       99|   102|   16842|   29556|    0|
|Memory           |       11|     -|       0|       0|    0|
|Multiplexer      |        -|     -|       0|    2113|    -|
|Register         |        -|     -|    4006|       -|    -|
+-----------------+---------+------+--------+--------+-----+
|Total            |      110|   102|   20848|   35813|    0|
+-----------------+---------+------+--------+--------+-----+
|Available        |      288|  1248|  234240|  117120|   64|
+-----------------+---------+------+--------+--------+-----+
|Utilization (%)  |       38|     8|       8|      30|    0|
+-----------------+---------+------+--------+--------+-----+

+ Detail: 
    * Instance: 
    +------------------------------------------------------+-------------------------------------------+---------+----+------+-------+-----+
    |                       Instance                       |                   Module                  | BRAM_18K| DSP|  FF  |  LUT  | URAM|
    +------------------------------------------------------+-------------------------------------------+---------+----+------+-------+-----+
    |control_s_axi_U                                       |control_s_axi                              |        0|   0|  1098|   1960|    0|
    |gmem_meta_m_axi_U                                     |gmem_meta_m_axi                            |       29|   0|  1673|   1728|    0|
    |gmem_sw_m_axi_U                                       |gmem_sw_m_axi                              |        2|   0|   673|    636|    0|
    |gmem_w_m_axi_U                                        |gmem_w_m_axi                               |       15|   0|   776|    849|    0|
    |gmem_x_m_axi_U                                        |gmem_x_m_axi                               |       15|   0|   776|    849|    0|
    |gmem_y_m_axi_U                                        |gmem_y_m_axi                               |        2|   0|   667|    629|    0|
    |mul_25ns_27ns_52_1_1_U352                             |mul_25ns_27ns_52_1_1                       |        0|   2|     0|     40|    0|
    |mul_32ns_25ns_57_1_1_U353                             |mul_32ns_25ns_57_1_1                       |        0|   2|     0|     20|    0|
    |mul_32ns_32ns_62_1_1_U354                             |mul_32ns_32ns_62_1_1                       |        0|   4|     0|     20|    0|
    |mul_32ns_32ns_64_1_1_U355                             |mul_32ns_32ns_64_1_1                       |        0|   4|     0|     20|    0|
    |mul_32ns_32ns_64_1_1_U356                             |mul_32ns_32ns_64_1_1                       |        0|   4|     0|     20|    0|
    |grp_p_anonymous_namespace_compute_prefill_fu_541      |p_anonymous_namespace_compute_prefill      |       32|  44|  5815|   7783|    0|
    |grp_p_anonymous_namespace_contains_invalid_w4_fu_531  |p_anonymous_namespace_contains_invalid_w4  |        4|   2|   539|   2373|    0|
    |grp_p_anonymous_namespace_write_meta_fu_508           |p_anonymous_namespace_write_meta           |        0|   0|  2634|  10278|    0|
    |grp_w4a8_linear_v1_Pipeline_VITIS_LOOP_51_1_fu_577    |w4a8_linear_v1_Pipeline_VITIS_LOOP_51_1    |        0|   0|   158|     80|    0|
    |grp_w4a8_linear_v1_Pipeline_VITIS_LOOP_665_2_fu_563   |w4a8_linear_v1_Pipeline_VITIS_LOOP_665_2   |        0|   0|   353|    166|    0|
    |grp_w4a8_linear_v1_Pipeline_VITIS_LOOP_675_4_fu_572   |w4a8_linear_v1_Pipeline_VITIS_LOOP_675_4   |        0|   0|     8|     54|    0|
    |grp_w4a8_linear_v1_Pipeline_VITIS_LOOP_706_6_fu_585   |w4a8_linear_v1_Pipeline_VITIS_LOOP_706_6   |        0|   0|    56|     76|    0|
    |grp_w4a8_linear_v1_Pipeline_VITIS_LOOP_723_7_fu_607   |w4a8_linear_v1_Pipeline_VITIS_LOOP_723_7   |        0|   8|   933|    771|    0|
    |grp_w4a8_linear_v1_Pipeline_VITIS_LOOP_737_8_fu_593   |w4a8_linear_v1_Pipeline_VITIS_LOOP_737_8   |        0|   0|    15|    175|    0|
    |grp_w4a8_linear_v1_Pipeline_VITIS_LOOP_747_9_fu_646   |w4a8_linear_v1_Pipeline_VITIS_LOOP_747_9   |        0|   0|    43|     76|    0|
    |grp_w4a8_tile_group_sums_1_fu_600                     |w4a8_tile_group_sums_1                     |        0|  32|   625|    953|    0|
    +------------------------------------------------------+-------------------------------------------+---------+----+------+-------+-----+
    |Total                                                 |                                           |       99| 102| 16842|  29556|    0|
    +------------------------------------------------------+-------------------------------------------+---------+----+------+-------+-----+

    * DSP: 
    N/A

    * Memory: 
    +---------------------+------------------------------------+---------+---+----+-----+------+-----+------+-------------+
    |        Memory       |               Module               | BRAM_18K| FF| LUT| URAM| Words| Bits| Banks| W*Bits*Banks|
    +---------------------+------------------------------------+---------+---+----+-----+------+-----+------+-------------+
    |scale_tile_U         |scale_tile_RAM_AUTO_1R1W            |        1|  0|   0|    0|    32|   32|     1|         1024|
    |token_activations_U  |token_activations_RAM_1P_BRAM_1R1W  |        4|  0|   0|    0|  4864|    8|     1|        38912|
    |totals_U             |totals_RAM_AUTO_1R1W                |        2|  0|   0|    0|    32|   32|     1|         1024|
    |weight_tile_U        |weight_tile_RAM_AUTO_1R1W           |        4|  0|   0|    0|   128|  128|     1|        16384|
    +---------------------+------------------------------------+---------+---+----+-----+------+-----+------+-------------+
    |Total                |                                    |       11|  0|   0|    0|  5056|  200|     4|        57344|
    +---------------------+------------------------------------+---------+---+----+-----+------+-----+------+-------------+

    * FIFO: 
    N/A

    * Expression: 
    +-----------------------------------+----------+----+---+------+------------+------------+
    |           Variable Name           | Operation| DSP| FF|  LUT | Bitwidth P0| Bitwidth P1|
    +-----------------------------------+----------+----+---+------+------------+------------+
    |add_ln10_1_fu_806_p2               |         +|   0|  0|    39|          32|           5|
    |add_ln10_fu_791_p2                 |         +|   0|  0|    39|          32|           7|
    |add_ln523_fu_680_p2                |         +|   0|  0|    71|          64|           5|
    |add_ln548_1_fu_757_p2              |         +|   0|  0|    39|          32|           2|
    |add_ln548_2_fu_768_p2              |         +|   0|  0|    39|          32|           2|
    |add_ln548_fu_736_p2                |         +|   0|  0|    39|          32|           2|
    |add_ln661_1_fu_1144_p2             |         +|   0|  0|    71|          64|          64|
    |add_ln661_2_fu_1190_p2             |         +|   0|  0|    71|          64|          64|
    |add_ln661_fu_1127_p2               |         +|   0|  0|    71|          64|          64|
    |add_ln672_fu_1263_p2               |         +|   0|  0|    34|          27|           1|
    |add_ln685_fu_1280_p2               |         +|   0|  0|    32|          25|           1|
    |and_ln661_1_fu_1173_p2             |       and|   0|  0|    32|          32|          32|
    |and_ln661_fu_1118_p2               |       and|   0|  0|    32|          32|          32|
    |ap_block_state238_on_subcall_done  |       and|   0|  0|     2|           1|           1|
    |ap_predicate_op949_call_state238   |       and|   0|  0|     2|           1|           1|
    |icmp_ln519_fu_674_p2               |      icmp|   0|  0|    71|          64|           6|
    |icmp_ln535_fu_700_p2               |      icmp|   0|  0|    39|          32|           1|
    |icmp_ln548_1_fu_762_p2             |      icmp|   0|  0|    39|          32|          13|
    |icmp_ln548_2_fu_773_p2             |      icmp|   0|  0|    39|          32|          13|
    |icmp_ln548_fu_751_p2               |      icmp|   0|  0|    36|          29|           1|
    |icmp_ln576_1_fu_923_p2             |      icmp|   0|  0|    71|          64|          64|
    |icmp_ln576_fu_918_p2               |      icmp|   0|  0|    71|          64|          64|
    |icmp_ln577_1_fu_832_p2             |      icmp|   0|  0|    71|          64|          64|
    |icmp_ln577_fu_928_p2               |      icmp|   0|  0|    71|          64|          64|
    |icmp_ln578_fu_933_p2               |      icmp|   0|  0|    71|          64|          64|
    |icmp_ln618_fu_976_p2               |      icmp|   0|  0|    38|          31|           1|
    |icmp_ln658_fu_1059_p2              |      icmp|   0|  0|    39|          32|           1|
    |icmp_ln665_fu_1069_p2              |      icmp|   0|  0|    39|          32|           1|
    |icmp_ln672_1_fu_1258_p2            |      icmp|   0|  0|    34|          27|          27|
    |icmp_ln672_fu_1081_p2              |      icmp|   0|  0|    34|          27|           1|
    |icmp_ln685_1_fu_1275_p2            |      icmp|   0|  0|    32|          25|          25|
    |icmp_ln685_fu_1093_p2              |      icmp|   0|  0|    32|          25|           1|
    |lshr_ln523_fu_727_p2               |      lshr|   0|  0|  2171|         512|         512|
    |lshr_ln661_fu_1246_p2              |      lshr|   0|  0|   423|         128|         128|
    |ap_block_state162_on_subcall_done  |        or|   0|  0|     2|           1|           1|
    |ap_block_state83_on_subcall_done   |        or|   0|  0|     2|           1|           1|
    |ap_block_state85_io                |        or|   0|  0|     2|           1|           1|
    |or_ln548_1_fu_785_p2               |        or|   0|  0|     2|           1|           1|
    |or_ln548_fu_779_p2                 |        or|   0|  0|     2|           1|           1|
    |or_ln576_1_fu_944_p2               |        or|   0|  0|     2|           1|           1|
    |or_ln576_2_fu_950_p2               |        or|   0|  0|     2|           1|           1|
    |or_ln576_3_fu_955_p2               |        or|   0|  0|     2|           1|           1|
    |or_ln576_fu_938_p2                 |        or|   0|  0|     2|           1|           1|
    |or_ln658_fu_1064_p2                |        or|   0|  0|     2|           1|           1|
    |select_ln661_fu_1110_p3            |    select|   0|  0|     2|           1|           2|
    |select_ln665_fu_1074_p3            |    select|   0|  0|    32|           1|          32|
    |select_ln672_fu_1086_p3            |    select|   0|  0|    27|           1|          27|
    |select_ln685_fu_1098_p3            |    select|   0|  0|    25|           1|          25|
    |xor_ln658_1_fu_1269_p2             |       xor|   0|  0|     2|           1|           2|
    |xor_ln658_fu_1105_p2               |       xor|   0|  0|     2|           1|           1|
    +-----------------------------------+----------+----+---+------+------------+------------+
    |Total                              |          |   0|  0|  4144|        1898|        1433|
    +-----------------------------------+----------+----+---+------+------------+------------+

    * Multiplexer: 
    +-----------------------------------------------------------------------+------+-----------+-----+-----------+
    |                                  Name                                 |  LUT | Input Size| Bits| Total Bits|
    +-----------------------------------------------------------------------+------+-----------+-----+-----------+
    |ap_NS_fsm                                                              |  1297|        244|    1|        244|
    |gmem_meta_0_AWVALID                                                    |     9|          2|    1|          2|
    |gmem_meta_0_BREADY                                                     |     9|          2|    1|          2|
    |gmem_meta_0_WVALID                                                     |     9|          2|    1|          2|
    |gmem_meta_blk_n_AR                                                     |     9|          2|    1|          2|
    |gmem_meta_blk_n_R                                                      |     9|          2|    1|          2|
    |gmem_sw_0_ARADDR                                                       |    20|          4|   64|        256|
    |gmem_sw_0_ARLEN                                                        |    20|          4|   32|        128|
    |gmem_sw_0_ARVALID                                                      |    20|          4|    1|          4|
    |gmem_sw_0_RREADY                                                       |    14|          3|    1|          3|
    |gmem_sw_blk_n_AR                                                       |     9|          2|    1|          2|
    |gmem_w_0_ARADDR                                                        |    26|          5|   64|        320|
    |gmem_w_0_ARLEN                                                         |    26|          5|   32|        160|
    |gmem_w_0_ARVALID                                                       |    26|          5|    1|          5|
    |gmem_w_0_RREADY                                                        |    20|          4|    1|          4|
    |gmem_w_blk_n_AR                                                        |     9|          2|    1|          2|
    |gmem_x_0_ARADDR                                                        |    26|          5|   64|        320|
    |gmem_x_0_ARLEN                                                         |    26|          5|   32|        160|
    |gmem_x_0_ARVALID                                                       |    20|          4|    1|          4|
    |gmem_x_0_RREADY                                                        |    20|          4|    1|          4|
    |gmem_x_blk_n_AR                                                        |     9|          2|    1|          2|
    |gmem_x_blk_n_R                                                         |     9|          2|    1|          2|
    |gmem_y_0_AWADDR                                                        |    20|          4|   64|        256|
    |gmem_y_0_AWLEN                                                         |    20|          4|   32|        128|
    |gmem_y_0_AWVALID                                                       |    20|          4|    1|          4|
    |gmem_y_0_BREADY                                                        |    20|          4|    1|          4|
    |gmem_y_0_WDATA                                                         |    14|          3|   32|         96|
    |gmem_y_0_WSTRB                                                         |    14|          3|    4|         12|
    |gmem_y_0_WVALID                                                        |    14|          3|    1|          3|
    |gmem_y_blk_n_AW                                                        |     9|          2|    1|          2|
    |gmem_y_blk_n_B                                                         |     9|          2|    1|          2|
    |group_reg_496                                                          |     9|          2|   25|         50|
    |grp_p_anonymous_namespace_write_meta_fu_508_algorithm_weight_bytes     |    14|          3|   63|        189|
    |grp_p_anonymous_namespace_write_meta_fu_508_done                       |    14|          3|    1|          3|
    |grp_p_anonymous_namespace_write_meta_fu_508_increment_completed_count  |    14|          3|    1|          3|
    |grp_p_anonymous_namespace_write_meta_fu_508_status                     |    31|          6|    3|         18|
    |output_block_reg_484                                                   |     9|          2|   27|         54|
    |scale_tile_address0                                                    |    14|          3|    5|         15|
    |scale_tile_ce0                                                         |    14|          3|    1|          3|
    |scale_tile_we0                                                         |     9|          2|    1|          2|
    |token_activations_address0                                             |    14|          3|   13|         39|
    |token_activations_ce0                                                  |    14|          3|    1|          3|
    |token_activations_we0                                                  |     9|          2|    1|          2|
    |token_reg_472                                                          |     9|          2|    1|          2|
    |totals_address0                                                        |    26|          5|    5|         25|
    |totals_address1                                                        |    14|          3|    5|         15|
    |totals_ce0                                                             |    26|          5|    1|          5|
    |totals_ce1                                                             |    14|          3|    1|          3|
    |totals_d0                                                              |    20|          4|   32|        128|
    |totals_we0                                                             |    20|          4|    1|          4|
    |weight_tile_address0                                                   |    14|          3|    7|         21|
    |weight_tile_ce0                                                        |    14|          3|    1|          3|
    |weight_tile_we0                                                        |     9|          2|    1|          2|
    +-----------------------------------------------------------------------+------+-----------+-----+-----------+
    |Total                                                                  |  2113|        412|  638|       2726|
    +-----------------------------------------------------------------------+------+-----------+-----+-----------+

    * Register: 
    +-------------------------------------------------------------------+-----+----+-----+-----------+
    |                                Name                               |  FF | LUT| Bits| Const Bits|
    +-------------------------------------------------------------------+-----+----+-----+-----------+
    |add_ln672_reg_1781                                                 |   27|   0|   27|          0|
    |add_ln685_reg_1794                                                 |   25|   0|   25|          0|
    |ap_CS_fsm                                                          |  243|   0|  243|          0|
    |ap_rst_n_inv                                                       |    1|   0|    1|          0|
    |ap_rst_reg_1                                                       |    1|   0|    1|          0|
    |ap_rst_reg_2                                                       |    1|   0|    1|          0|
    |gmem_meta_addr_read_reg_1582                                       |  512|   0|  512|          0|
    |gmem_sw_addr_reg_1697                                              |   64|   0|   64|          0|
    |gmem_w_addr_reg_1687                                               |   64|   0|   64|          0|
    |gmem_x_addr_read_reg_1763                                          |  128|   0|  128|          0|
    |group_count_reg_1596                                               |   25|   0|   25|          0|
    |group_reg_496                                                      |   25|   0|   25|          0|
    |grp_p_anonymous_namespace_compute_prefill_fu_541_ap_start_reg      |    1|   0|    1|          0|
    |grp_p_anonymous_namespace_contains_invalid_w4_fu_531_ap_start_reg  |    1|   0|    1|          0|
    |grp_p_anonymous_namespace_write_meta_fu_508_ap_start_reg           |    1|   0|    1|          0|
    |grp_w4a8_linear_v1_Pipeline_VITIS_LOOP_51_1_fu_577_ap_start_reg    |    1|   0|    1|          0|
    |grp_w4a8_linear_v1_Pipeline_VITIS_LOOP_665_2_fu_563_ap_start_reg   |    1|   0|    1|          0|
    |grp_w4a8_linear_v1_Pipeline_VITIS_LOOP_675_4_fu_572_ap_start_reg   |    1|   0|    1|          0|
    |grp_w4a8_linear_v1_Pipeline_VITIS_LOOP_706_6_fu_585_ap_start_reg   |    1|   0|    1|          0|
    |grp_w4a8_linear_v1_Pipeline_VITIS_LOOP_723_7_fu_607_ap_start_reg   |    1|   0|    1|          0|
    |grp_w4a8_linear_v1_Pipeline_VITIS_LOOP_737_8_fu_593_ap_start_reg   |    1|   0|    1|          0|
    |grp_w4a8_linear_v1_Pipeline_VITIS_LOOP_747_9_fu_646_ap_start_reg   |    1|   0|    1|          0|
    |grp_w4a8_tile_group_sums_1_fu_600_ap_start_reg                     |    1|   0|    1|          0|
    |icmp_ln519_reg_1558                                                |    1|   0|    1|          0|
    |icmp_ln535_reg_1572                                                |    1|   0|    1|          0|
    |icmp_ln577_1_reg_1616                                              |    1|   0|    1|          0|
    |icmp_ln618_reg_1663                                                |    1|   0|    1|          0|
    |job_id_read_reg_1464                                               |   64|   0|   64|          0|
    |k_read_reg_1494                                                    |   32|   0|   32|          0|
    |lshr_ln10_1_reg_1608                                               |   27|   0|   27|          0|
    |meta_read_reg_1522                                                 |   64|   0|   64|          0|
    |n_read_reg_1501                                                    |   32|   0|   32|          0|
    |or_ln548_1_reg_1592                                                |    1|   0|    1|          0|
    |or_ln576_3_reg_1645                                                |    1|   0|    1|          0|
    |or_ln658_reg_1702                                                  |    1|   0|    1|          0|
    |output_block_reg_484                                               |   27|   0|   27|          0|
    |padded_k_reg_1621                                                  |   25|   0|   32|          7|
    |padded_n_reg_1629                                                  |   27|   0|   32|          5|
    |previous_completed_count_reg_1587                                  |   64|   0|   64|          0|
    |required_w_bytes_reg_1640                                          |   63|   0|   63|          0|
    |select_ln665_reg_1707                                              |   26|   0|   32|          6|
    |select_ln672_reg_1712                                              |   27|   0|   27|          0|
    |select_ln685_reg_1717                                              |   25|   0|   25|          0|
    |shl_ln3_reg_1799                                                   |   27|   0|   32|          5|
    |shl_ln4_reg_1804                                                   |   25|   0|   32|          7|
    |sums_10_reg_1859                                                   |   32|   0|   32|          0|
    |sums_11_reg_1864                                                   |   32|   0|   32|          0|
    |sums_12_reg_1869                                                   |   32|   0|   32|          0|
    |sums_13_reg_1874                                                   |   32|   0|   32|          0|
    |sums_14_reg_1879                                                   |   32|   0|   32|          0|
    |sums_15_reg_1884                                                   |   32|   0|   32|          0|
    |sums_16_reg_1889                                                   |   32|   0|   32|          0|
    |sums_17_reg_1894                                                   |   32|   0|   32|          0|
    |sums_18_reg_1899                                                   |   32|   0|   32|          0|
    |sums_19_reg_1904                                                   |   32|   0|   32|          0|
    |sums_1_reg_1814                                                    |   32|   0|   32|          0|
    |sums_20_reg_1909                                                   |   32|   0|   32|          0|
    |sums_21_reg_1914                                                   |   32|   0|   32|          0|
    |sums_22_reg_1919                                                   |   32|   0|   32|          0|
    |sums_23_reg_1924                                                   |   32|   0|   32|          0|
    |sums_24_reg_1929                                                   |   32|   0|   32|          0|
    |sums_25_reg_1934                                                   |   32|   0|   32|          0|
    |sums_26_reg_1939                                                   |   32|   0|   32|          0|
    |sums_27_reg_1944                                                   |   32|   0|   32|          0|
    |sums_28_reg_1949                                                   |   32|   0|   32|          0|
    |sums_29_reg_1954                                                   |   32|   0|   32|          0|
    |sums_2_reg_1819                                                    |   32|   0|   32|          0|
    |sums_30_reg_1959                                                   |   32|   0|   32|          0|
    |sums_31_reg_1964                                                   |   32|   0|   32|          0|
    |sums_3_reg_1824                                                    |   32|   0|   32|          0|
    |sums_4_reg_1829                                                    |   32|   0|   32|          0|
    |sums_5_reg_1834                                                    |   32|   0|   32|          0|
    |sums_6_reg_1839                                                    |   32|   0|   32|          0|
    |sums_7_reg_1844                                                    |   32|   0|   32|          0|
    |sums_8_reg_1849                                                    |   32|   0|   32|          0|
    |sums_9_reg_1854                                                    |   32|   0|   32|          0|
    |sums_reg_1809                                                      |   32|   0|   32|          0|
    |sw_bytes_read_reg_1484                                             |   64|   0|   64|          0|
    |sw_read_reg_1545                                                   |   64|   0|   64|          0|
    |sx_bytes_read_reg_1474                                             |   64|   0|   64|          0|
    |sx_read_reg_1533                                                   |   64|   0|   64|          0|
    |t_read_reg_1510                                                    |   32|   0|   32|          0|
    |tmp_reg_1659                                                       |    1|   0|    1|          0|
    |token_reg_472                                                      |    1|   0|    1|          0|
    |token_scale_reg_1773                                               |   32|   0|   32|          0|
    |trunc_ln3_reg_1682                                                 |   60|   0|   60|          0|
    |trunc_ln4_reg_1735                                                 |   60|   0|   60|          0|
    |trunc_ln523_1_reg_1562                                             |   58|   0|   58|          0|
    |trunc_ln523_reg_1567                                               |    6|   0|    6|          0|
    |trunc_ln569_reg_1654                                               |    1|   0|    1|          0|
    |trunc_ln661_1_reg_1768                                             |   32|   0|   32|          0|
    |trunc_ln661_2_reg_1725                                             |   60|   0|   60|          0|
    |trunc_ln661_reg_1730                                               |    4|   0|    4|          0|
    |trunc_ln672_1_reg_1692                                             |   62|   0|   62|          0|
    |trunc_ln672_2_reg_1741                                             |   62|   0|   62|          0|
    |w_bytes_read_reg_1489                                              |   64|   0|   64|          0|
    |w_packed_read_reg_1551                                             |   64|   0|   64|          0|
    |x_bytes_read_reg_1479                                              |   64|   0|   64|          0|
    |xor_ln658_1_reg_1786                                               |    1|   0|    1|          0|
    |xq_read_reg_1539                                                   |   64|   0|   64|          0|
    |y_bytes_read_reg_1469                                              |   64|   0|   64|          0|
    |y_read_reg_1527                                                    |   64|   0|   64|          0|
    |zext_ln565_reg_1635                                                |   27|   0|   64|         37|
    |zext_ln567_reg_1649                                                |   25|   0|   52|         27|
    |zext_ln658_1_reg_1667                                              |   52|   0|   64|         12|
    |zext_ln658_2_reg_1672                                              |   52|   0|   64|         12|
    |zext_ln672_reg_1677                                                |   25|   0|   64|         39|
    +-------------------------------------------------------------------+-----+----+-----+-----------+
    |Total                                                              | 4006|   0| 4163|        157|
    +-------------------------------------------------------------------+-----+----+-----+-----------+



================================================================
== Interface
================================================================
* Summary: 
+--------------------------+-----+-----+------------+----------------+--------------+
|         RTL Ports        | Dir | Bits|  Protocol  |  Source Object |    C Type    |
+--------------------------+-----+-----+------------+----------------+--------------+
|s_axi_control_AWVALID     |   in|    1|       s_axi|         control|        scalar|
|s_axi_control_AWREADY     |  out|    1|       s_axi|         control|        scalar|
|s_axi_control_AWADDR      |   in|    8|       s_axi|         control|        scalar|
|s_axi_control_WVALID      |   in|    1|       s_axi|         control|        scalar|
|s_axi_control_WREADY      |  out|    1|       s_axi|         control|        scalar|
|s_axi_control_WDATA       |   in|   32|       s_axi|         control|        scalar|
|s_axi_control_WSTRB       |   in|    4|       s_axi|         control|        scalar|
|s_axi_control_ARVALID     |   in|    1|       s_axi|         control|        scalar|
|s_axi_control_ARREADY     |  out|    1|       s_axi|         control|        scalar|
|s_axi_control_ARADDR      |   in|    8|       s_axi|         control|        scalar|
|s_axi_control_RVALID      |  out|    1|       s_axi|         control|        scalar|
|s_axi_control_RREADY      |   in|    1|       s_axi|         control|        scalar|
|s_axi_control_RDATA       |  out|   32|       s_axi|         control|        scalar|
|s_axi_control_RRESP       |  out|    2|       s_axi|         control|        scalar|
|s_axi_control_BVALID      |  out|    1|       s_axi|         control|        scalar|
|s_axi_control_BREADY      |   in|    1|       s_axi|         control|        scalar|
|s_axi_control_BRESP       |  out|    2|       s_axi|         control|        scalar|
|ap_clk                    |   in|    1|  ap_ctrl_hs|  w4a8_linear_v1|  return value|
|ap_rst_n                  |   in|    1|  ap_ctrl_hs|  w4a8_linear_v1|  return value|
|interrupt                 |  out|    1|  ap_ctrl_hs|  w4a8_linear_v1|  return value|
|m_axi_gmem_w_AWVALID      |  out|    1|       m_axi|          gmem_w|       pointer|
|m_axi_gmem_w_AWREADY      |   in|    1|       m_axi|          gmem_w|       pointer|
|m_axi_gmem_w_AWADDR       |  out|   64|       m_axi|          gmem_w|       pointer|
|m_axi_gmem_w_AWID         |  out|    1|       m_axi|          gmem_w|       pointer|
|m_axi_gmem_w_AWLEN        |  out|    8|       m_axi|          gmem_w|       pointer|
|m_axi_gmem_w_AWSIZE       |  out|    3|       m_axi|          gmem_w|       pointer|
|m_axi_gmem_w_AWBURST      |  out|    2|       m_axi|          gmem_w|       pointer|
|m_axi_gmem_w_AWLOCK       |  out|    2|       m_axi|          gmem_w|       pointer|
|m_axi_gmem_w_AWCACHE      |  out|    4|       m_axi|          gmem_w|       pointer|
|m_axi_gmem_w_AWPROT       |  out|    3|       m_axi|          gmem_w|       pointer|
|m_axi_gmem_w_AWQOS        |  out|    4|       m_axi|          gmem_w|       pointer|
|m_axi_gmem_w_AWREGION     |  out|    4|       m_axi|          gmem_w|       pointer|
|m_axi_gmem_w_AWUSER       |  out|    1|       m_axi|          gmem_w|       pointer|
|m_axi_gmem_w_WVALID       |  out|    1|       m_axi|          gmem_w|       pointer|
|m_axi_gmem_w_WREADY       |   in|    1|       m_axi|          gmem_w|       pointer|
|m_axi_gmem_w_WDATA        |  out|  128|       m_axi|          gmem_w|       pointer|
|m_axi_gmem_w_WSTRB        |  out|   16|       m_axi|          gmem_w|       pointer|
|m_axi_gmem_w_WLAST        |  out|    1|       m_axi|          gmem_w|       pointer|
|m_axi_gmem_w_WID          |  out|    1|       m_axi|          gmem_w|       pointer|
|m_axi_gmem_w_WUSER        |  out|    1|       m_axi|          gmem_w|       pointer|
|m_axi_gmem_w_ARVALID      |  out|    1|       m_axi|          gmem_w|       pointer|
|m_axi_gmem_w_ARREADY      |   in|    1|       m_axi|          gmem_w|       pointer|
|m_axi_gmem_w_ARADDR       |  out|   64|       m_axi|          gmem_w|       pointer|
|m_axi_gmem_w_ARID         |  out|    1|       m_axi|          gmem_w|       pointer|
|m_axi_gmem_w_ARLEN        |  out|    8|       m_axi|          gmem_w|       pointer|
|m_axi_gmem_w_ARSIZE       |  out|    3|       m_axi|          gmem_w|       pointer|
|m_axi_gmem_w_ARBURST      |  out|    2|       m_axi|          gmem_w|       pointer|
|m_axi_gmem_w_ARLOCK       |  out|    2|       m_axi|          gmem_w|       pointer|
|m_axi_gmem_w_ARCACHE      |  out|    4|       m_axi|          gmem_w|       pointer|
|m_axi_gmem_w_ARPROT       |  out|    3|       m_axi|          gmem_w|       pointer|
|m_axi_gmem_w_ARQOS        |  out|    4|       m_axi|          gmem_w|       pointer|
|m_axi_gmem_w_ARREGION     |  out|    4|       m_axi|          gmem_w|       pointer|
|m_axi_gmem_w_ARUSER       |  out|    1|       m_axi|          gmem_w|       pointer|
|m_axi_gmem_w_RVALID       |   in|    1|       m_axi|          gmem_w|       pointer|
|m_axi_gmem_w_RREADY       |  out|    1|       m_axi|          gmem_w|       pointer|
|m_axi_gmem_w_RDATA        |   in|  128|       m_axi|          gmem_w|       pointer|
|m_axi_gmem_w_RLAST        |   in|    1|       m_axi|          gmem_w|       pointer|
|m_axi_gmem_w_RID          |   in|    1|       m_axi|          gmem_w|       pointer|
|m_axi_gmem_w_RUSER        |   in|    1|       m_axi|          gmem_w|       pointer|
|m_axi_gmem_w_RRESP        |   in|    2|       m_axi|          gmem_w|       pointer|
|m_axi_gmem_w_BVALID       |   in|    1|       m_axi|          gmem_w|       pointer|
|m_axi_gmem_w_BREADY       |  out|    1|       m_axi|          gmem_w|       pointer|
|m_axi_gmem_w_BRESP        |   in|    2|       m_axi|          gmem_w|       pointer|
|m_axi_gmem_w_BID          |   in|    1|       m_axi|          gmem_w|       pointer|
|m_axi_gmem_w_BUSER        |   in|    1|       m_axi|          gmem_w|       pointer|
|m_axi_gmem_sw_AWVALID     |  out|    1|       m_axi|         gmem_sw|       pointer|
|m_axi_gmem_sw_AWREADY     |   in|    1|       m_axi|         gmem_sw|       pointer|
|m_axi_gmem_sw_AWADDR      |  out|   64|       m_axi|         gmem_sw|       pointer|
|m_axi_gmem_sw_AWID        |  out|    1|       m_axi|         gmem_sw|       pointer|
|m_axi_gmem_sw_AWLEN       |  out|    8|       m_axi|         gmem_sw|       pointer|
|m_axi_gmem_sw_AWSIZE      |  out|    3|       m_axi|         gmem_sw|       pointer|
|m_axi_gmem_sw_AWBURST     |  out|    2|       m_axi|         gmem_sw|       pointer|
|m_axi_gmem_sw_AWLOCK      |  out|    2|       m_axi|         gmem_sw|       pointer|
|m_axi_gmem_sw_AWCACHE     |  out|    4|       m_axi|         gmem_sw|       pointer|
|m_axi_gmem_sw_AWPROT      |  out|    3|       m_axi|         gmem_sw|       pointer|
|m_axi_gmem_sw_AWQOS       |  out|    4|       m_axi|         gmem_sw|       pointer|
|m_axi_gmem_sw_AWREGION    |  out|    4|       m_axi|         gmem_sw|       pointer|
|m_axi_gmem_sw_AWUSER      |  out|    1|       m_axi|         gmem_sw|       pointer|
|m_axi_gmem_sw_WVALID      |  out|    1|       m_axi|         gmem_sw|       pointer|
|m_axi_gmem_sw_WREADY      |   in|    1|       m_axi|         gmem_sw|       pointer|
|m_axi_gmem_sw_WDATA       |  out|   32|       m_axi|         gmem_sw|       pointer|
|m_axi_gmem_sw_WSTRB       |  out|    4|       m_axi|         gmem_sw|       pointer|
|m_axi_gmem_sw_WLAST       |  out|    1|       m_axi|         gmem_sw|       pointer|
|m_axi_gmem_sw_WID         |  out|    1|       m_axi|         gmem_sw|       pointer|
|m_axi_gmem_sw_WUSER       |  out|    1|       m_axi|         gmem_sw|       pointer|
|m_axi_gmem_sw_ARVALID     |  out|    1|       m_axi|         gmem_sw|       pointer|
|m_axi_gmem_sw_ARREADY     |   in|    1|       m_axi|         gmem_sw|       pointer|
|m_axi_gmem_sw_ARADDR      |  out|   64|       m_axi|         gmem_sw|       pointer|
|m_axi_gmem_sw_ARID        |  out|    1|       m_axi|         gmem_sw|       pointer|
|m_axi_gmem_sw_ARLEN       |  out|    8|       m_axi|         gmem_sw|       pointer|
|m_axi_gmem_sw_ARSIZE      |  out|    3|       m_axi|         gmem_sw|       pointer|
|m_axi_gmem_sw_ARBURST     |  out|    2|       m_axi|         gmem_sw|       pointer|
|m_axi_gmem_sw_ARLOCK      |  out|    2|       m_axi|         gmem_sw|       pointer|
|m_axi_gmem_sw_ARCACHE     |  out|    4|       m_axi|         gmem_sw|       pointer|
|m_axi_gmem_sw_ARPROT      |  out|    3|       m_axi|         gmem_sw|       pointer|
|m_axi_gmem_sw_ARQOS       |  out|    4|       m_axi|         gmem_sw|       pointer|
|m_axi_gmem_sw_ARREGION    |  out|    4|       m_axi|         gmem_sw|       pointer|
|m_axi_gmem_sw_ARUSER      |  out|    1|       m_axi|         gmem_sw|       pointer|
|m_axi_gmem_sw_RVALID      |   in|    1|       m_axi|         gmem_sw|       pointer|
|m_axi_gmem_sw_RREADY      |  out|    1|       m_axi|         gmem_sw|       pointer|
|m_axi_gmem_sw_RDATA       |   in|   32|       m_axi|         gmem_sw|       pointer|
|m_axi_gmem_sw_RLAST       |   in|    1|       m_axi|         gmem_sw|       pointer|
|m_axi_gmem_sw_RID         |   in|    1|       m_axi|         gmem_sw|       pointer|
|m_axi_gmem_sw_RUSER       |   in|    1|       m_axi|         gmem_sw|       pointer|
|m_axi_gmem_sw_RRESP       |   in|    2|       m_axi|         gmem_sw|       pointer|
|m_axi_gmem_sw_BVALID      |   in|    1|       m_axi|         gmem_sw|       pointer|
|m_axi_gmem_sw_BREADY      |  out|    1|       m_axi|         gmem_sw|       pointer|
|m_axi_gmem_sw_BRESP       |   in|    2|       m_axi|         gmem_sw|       pointer|
|m_axi_gmem_sw_BID         |   in|    1|       m_axi|         gmem_sw|       pointer|
|m_axi_gmem_sw_BUSER       |   in|    1|       m_axi|         gmem_sw|       pointer|
|m_axi_gmem_x_AWVALID      |  out|    1|       m_axi|          gmem_x|       pointer|
|m_axi_gmem_x_AWREADY      |   in|    1|       m_axi|          gmem_x|       pointer|
|m_axi_gmem_x_AWADDR       |  out|   64|       m_axi|          gmem_x|       pointer|
|m_axi_gmem_x_AWID         |  out|    1|       m_axi|          gmem_x|       pointer|
|m_axi_gmem_x_AWLEN        |  out|    8|       m_axi|          gmem_x|       pointer|
|m_axi_gmem_x_AWSIZE       |  out|    3|       m_axi|          gmem_x|       pointer|
|m_axi_gmem_x_AWBURST      |  out|    2|       m_axi|          gmem_x|       pointer|
|m_axi_gmem_x_AWLOCK       |  out|    2|       m_axi|          gmem_x|       pointer|
|m_axi_gmem_x_AWCACHE      |  out|    4|       m_axi|          gmem_x|       pointer|
|m_axi_gmem_x_AWPROT       |  out|    3|       m_axi|          gmem_x|       pointer|
|m_axi_gmem_x_AWQOS        |  out|    4|       m_axi|          gmem_x|       pointer|
|m_axi_gmem_x_AWREGION     |  out|    4|       m_axi|          gmem_x|       pointer|
|m_axi_gmem_x_AWUSER       |  out|    1|       m_axi|          gmem_x|       pointer|
|m_axi_gmem_x_WVALID       |  out|    1|       m_axi|          gmem_x|       pointer|
|m_axi_gmem_x_WREADY       |   in|    1|       m_axi|          gmem_x|       pointer|
|m_axi_gmem_x_WDATA        |  out|  128|       m_axi|          gmem_x|       pointer|
|m_axi_gmem_x_WSTRB        |  out|   16|       m_axi|          gmem_x|       pointer|
|m_axi_gmem_x_WLAST        |  out|    1|       m_axi|          gmem_x|       pointer|
|m_axi_gmem_x_WID          |  out|    1|       m_axi|          gmem_x|       pointer|
|m_axi_gmem_x_WUSER        |  out|    1|       m_axi|          gmem_x|       pointer|
|m_axi_gmem_x_ARVALID      |  out|    1|       m_axi|          gmem_x|       pointer|
|m_axi_gmem_x_ARREADY      |   in|    1|       m_axi|          gmem_x|       pointer|
|m_axi_gmem_x_ARADDR       |  out|   64|       m_axi|          gmem_x|       pointer|
|m_axi_gmem_x_ARID         |  out|    1|       m_axi|          gmem_x|       pointer|
|m_axi_gmem_x_ARLEN        |  out|    8|       m_axi|          gmem_x|       pointer|
|m_axi_gmem_x_ARSIZE       |  out|    3|       m_axi|          gmem_x|       pointer|
|m_axi_gmem_x_ARBURST      |  out|    2|       m_axi|          gmem_x|       pointer|
|m_axi_gmem_x_ARLOCK       |  out|    2|       m_axi|          gmem_x|       pointer|
|m_axi_gmem_x_ARCACHE      |  out|    4|       m_axi|          gmem_x|       pointer|
|m_axi_gmem_x_ARPROT       |  out|    3|       m_axi|          gmem_x|       pointer|
|m_axi_gmem_x_ARQOS        |  out|    4|       m_axi|          gmem_x|       pointer|
|m_axi_gmem_x_ARREGION     |  out|    4|       m_axi|          gmem_x|       pointer|
|m_axi_gmem_x_ARUSER       |  out|    1|       m_axi|          gmem_x|       pointer|
|m_axi_gmem_x_RVALID       |   in|    1|       m_axi|          gmem_x|       pointer|
|m_axi_gmem_x_RREADY       |  out|    1|       m_axi|          gmem_x|       pointer|
|m_axi_gmem_x_RDATA        |   in|  128|       m_axi|          gmem_x|       pointer|
|m_axi_gmem_x_RLAST        |   in|    1|       m_axi|          gmem_x|       pointer|
|m_axi_gmem_x_RID          |   in|    1|       m_axi|          gmem_x|       pointer|
|m_axi_gmem_x_RUSER        |   in|    1|       m_axi|          gmem_x|       pointer|
|m_axi_gmem_x_RRESP        |   in|    2|       m_axi|          gmem_x|       pointer|
|m_axi_gmem_x_BVALID       |   in|    1|       m_axi|          gmem_x|       pointer|
|m_axi_gmem_x_BREADY       |  out|    1|       m_axi|          gmem_x|       pointer|
|m_axi_gmem_x_BRESP        |   in|    2|       m_axi|          gmem_x|       pointer|
|m_axi_gmem_x_BID          |   in|    1|       m_axi|          gmem_x|       pointer|
|m_axi_gmem_x_BUSER        |   in|    1|       m_axi|          gmem_x|       pointer|
|m_axi_gmem_y_AWVALID      |  out|    1|       m_axi|          gmem_y|       pointer|
|m_axi_gmem_y_AWREADY      |   in|    1|       m_axi|          gmem_y|       pointer|
|m_axi_gmem_y_AWADDR       |  out|   64|       m_axi|          gmem_y|       pointer|
|m_axi_gmem_y_AWID         |  out|    1|       m_axi|          gmem_y|       pointer|
|m_axi_gmem_y_AWLEN        |  out|    8|       m_axi|          gmem_y|       pointer|
|m_axi_gmem_y_AWSIZE       |  out|    3|       m_axi|          gmem_y|       pointer|
|m_axi_gmem_y_AWBURST      |  out|    2|       m_axi|          gmem_y|       pointer|
|m_axi_gmem_y_AWLOCK       |  out|    2|       m_axi|          gmem_y|       pointer|
|m_axi_gmem_y_AWCACHE      |  out|    4|       m_axi|          gmem_y|       pointer|
|m_axi_gmem_y_AWPROT       |  out|    3|       m_axi|          gmem_y|       pointer|
|m_axi_gmem_y_AWQOS        |  out|    4|       m_axi|          gmem_y|       pointer|
|m_axi_gmem_y_AWREGION     |  out|    4|       m_axi|          gmem_y|       pointer|
|m_axi_gmem_y_AWUSER       |  out|    1|       m_axi|          gmem_y|       pointer|
|m_axi_gmem_y_WVALID       |  out|    1|       m_axi|          gmem_y|       pointer|
|m_axi_gmem_y_WREADY       |   in|    1|       m_axi|          gmem_y|       pointer|
|m_axi_gmem_y_WDATA        |  out|   32|       m_axi|          gmem_y|       pointer|
|m_axi_gmem_y_WSTRB        |  out|    4|       m_axi|          gmem_y|       pointer|
|m_axi_gmem_y_WLAST        |  out|    1|       m_axi|          gmem_y|       pointer|
|m_axi_gmem_y_WID          |  out|    1|       m_axi|          gmem_y|       pointer|
|m_axi_gmem_y_WUSER        |  out|    1|       m_axi|          gmem_y|       pointer|
|m_axi_gmem_y_ARVALID      |  out|    1|       m_axi|          gmem_y|       pointer|
|m_axi_gmem_y_ARREADY      |   in|    1|       m_axi|          gmem_y|       pointer|
|m_axi_gmem_y_ARADDR       |  out|   64|       m_axi|          gmem_y|       pointer|
|m_axi_gmem_y_ARID         |  out|    1|       m_axi|          gmem_y|       pointer|
|m_axi_gmem_y_ARLEN        |  out|    8|       m_axi|          gmem_y|       pointer|
|m_axi_gmem_y_ARSIZE       |  out|    3|       m_axi|          gmem_y|       pointer|
|m_axi_gmem_y_ARBURST      |  out|    2|       m_axi|          gmem_y|       pointer|
|m_axi_gmem_y_ARLOCK       |  out|    2|       m_axi|          gmem_y|       pointer|
|m_axi_gmem_y_ARCACHE      |  out|    4|       m_axi|          gmem_y|       pointer|
|m_axi_gmem_y_ARPROT       |  out|    3|       m_axi|          gmem_y|       pointer|
|m_axi_gmem_y_ARQOS        |  out|    4|       m_axi|          gmem_y|       pointer|
|m_axi_gmem_y_ARREGION     |  out|    4|       m_axi|          gmem_y|       pointer|
|m_axi_gmem_y_ARUSER       |  out|    1|       m_axi|          gmem_y|       pointer|
|m_axi_gmem_y_RVALID       |   in|    1|       m_axi|          gmem_y|       pointer|
|m_axi_gmem_y_RREADY       |  out|    1|       m_axi|          gmem_y|       pointer|
|m_axi_gmem_y_RDATA        |   in|   32|       m_axi|          gmem_y|       pointer|
|m_axi_gmem_y_RLAST        |   in|    1|       m_axi|          gmem_y|       pointer|
|m_axi_gmem_y_RID          |   in|    1|       m_axi|          gmem_y|       pointer|
|m_axi_gmem_y_RUSER        |   in|    1|       m_axi|          gmem_y|       pointer|
|m_axi_gmem_y_RRESP        |   in|    2|       m_axi|          gmem_y|       pointer|
|m_axi_gmem_y_BVALID       |   in|    1|       m_axi|          gmem_y|       pointer|
|m_axi_gmem_y_BREADY       |  out|    1|       m_axi|          gmem_y|       pointer|
|m_axi_gmem_y_BRESP        |   in|    2|       m_axi|          gmem_y|       pointer|
|m_axi_gmem_y_BID          |   in|    1|       m_axi|          gmem_y|       pointer|
|m_axi_gmem_y_BUSER        |   in|    1|       m_axi|          gmem_y|       pointer|
|m_axi_gmem_meta_AWVALID   |  out|    1|       m_axi|       gmem_meta|       pointer|
|m_axi_gmem_meta_AWREADY   |   in|    1|       m_axi|       gmem_meta|       pointer|
|m_axi_gmem_meta_AWADDR    |  out|   64|       m_axi|       gmem_meta|       pointer|
|m_axi_gmem_meta_AWID      |  out|    1|       m_axi|       gmem_meta|       pointer|
|m_axi_gmem_meta_AWLEN     |  out|    8|       m_axi|       gmem_meta|       pointer|
|m_axi_gmem_meta_AWSIZE    |  out|    3|       m_axi|       gmem_meta|       pointer|
|m_axi_gmem_meta_AWBURST   |  out|    2|       m_axi|       gmem_meta|       pointer|
|m_axi_gmem_meta_AWLOCK    |  out|    2|       m_axi|       gmem_meta|       pointer|
|m_axi_gmem_meta_AWCACHE   |  out|    4|       m_axi|       gmem_meta|       pointer|
|m_axi_gmem_meta_AWPROT    |  out|    3|       m_axi|       gmem_meta|       pointer|
|m_axi_gmem_meta_AWQOS     |  out|    4|       m_axi|       gmem_meta|       pointer|
|m_axi_gmem_meta_AWREGION  |  out|    4|       m_axi|       gmem_meta|       pointer|
|m_axi_gmem_meta_AWUSER    |  out|    1|       m_axi|       gmem_meta|       pointer|
|m_axi_gmem_meta_WVALID    |  out|    1|       m_axi|       gmem_meta|       pointer|
|m_axi_gmem_meta_WREADY    |   in|    1|       m_axi|       gmem_meta|       pointer|
|m_axi_gmem_meta_WDATA     |  out|  512|       m_axi|       gmem_meta|       pointer|
|m_axi_gmem_meta_WSTRB     |  out|   64|       m_axi|       gmem_meta|       pointer|
|m_axi_gmem_meta_WLAST     |  out|    1|       m_axi|       gmem_meta|       pointer|
|m_axi_gmem_meta_WID       |  out|    1|       m_axi|       gmem_meta|       pointer|
|m_axi_gmem_meta_WUSER     |  out|    1|       m_axi|       gmem_meta|       pointer|
|m_axi_gmem_meta_ARVALID   |  out|    1|       m_axi|       gmem_meta|       pointer|
|m_axi_gmem_meta_ARREADY   |   in|    1|       m_axi|       gmem_meta|       pointer|
|m_axi_gmem_meta_ARADDR    |  out|   64|       m_axi|       gmem_meta|       pointer|
|m_axi_gmem_meta_ARID      |  out|    1|       m_axi|       gmem_meta|       pointer|
|m_axi_gmem_meta_ARLEN     |  out|    8|       m_axi|       gmem_meta|       pointer|
|m_axi_gmem_meta_ARSIZE    |  out|    3|       m_axi|       gmem_meta|       pointer|
|m_axi_gmem_meta_ARBURST   |  out|    2|       m_axi|       gmem_meta|       pointer|
|m_axi_gmem_meta_ARLOCK    |  out|    2|       m_axi|       gmem_meta|       pointer|
|m_axi_gmem_meta_ARCACHE   |  out|    4|       m_axi|       gmem_meta|       pointer|
|m_axi_gmem_meta_ARPROT    |  out|    3|       m_axi|       gmem_meta|       pointer|
|m_axi_gmem_meta_ARQOS     |  out|    4|       m_axi|       gmem_meta|       pointer|
|m_axi_gmem_meta_ARREGION  |  out|    4|       m_axi|       gmem_meta|       pointer|
|m_axi_gmem_meta_ARUSER    |  out|    1|       m_axi|       gmem_meta|       pointer|
|m_axi_gmem_meta_RVALID    |   in|    1|       m_axi|       gmem_meta|       pointer|
|m_axi_gmem_meta_RREADY    |  out|    1|       m_axi|       gmem_meta|       pointer|
|m_axi_gmem_meta_RDATA     |   in|  512|       m_axi|       gmem_meta|       pointer|
|m_axi_gmem_meta_RLAST     |   in|    1|       m_axi|       gmem_meta|       pointer|
|m_axi_gmem_meta_RID       |   in|    1|       m_axi|       gmem_meta|       pointer|
|m_axi_gmem_meta_RUSER     |   in|    1|       m_axi|       gmem_meta|       pointer|
|m_axi_gmem_meta_RRESP     |   in|    2|       m_axi|       gmem_meta|       pointer|
|m_axi_gmem_meta_BVALID    |   in|    1|       m_axi|       gmem_meta|       pointer|
|m_axi_gmem_meta_BREADY    |  out|    1|       m_axi|       gmem_meta|       pointer|
|m_axi_gmem_meta_BRESP     |   in|    2|       m_axi|       gmem_meta|       pointer|
|m_axi_gmem_meta_BID       |   in|    1|       m_axi|       gmem_meta|       pointer|
|m_axi_gmem_meta_BUSER     |   in|    1|       m_axi|       gmem_meta|       pointer|
+--------------------------+-----+-----+------------+----------------+--------------+

