

================================================================
== Vitis HLS Report for 'w4a8_linear_v1_Pipeline_VITIS_LOOP_665_2'
================================================================
* Date:           Sat Oct  3 03:34:25 2026

* Version:        2026.1 (Build 6493734 on Jun 16 2026)
* Project:        b03_double_hls
* Solution:       hls (Vitis Kernel Flow Target)
* Product family: zynquplus
* Target device:  xck26-sfvc784-2LV-c


================================================================
== Performance Estimates
================================================================
+ Timing: 
    * Summary: 
    +--------+---------+----------+------------+
    |  Clock |  Target | Estimated| Uncertainty|
    +--------+---------+----------+------------+
    |ap_clk  |  6.67 ns|  4.867 ns|     1.80 ns|
    +--------+---------+----------+------------+

+ Latency: 
    * Summary: 
    +---------+------------+-----------+------------+-----+-----+-------------------+
    |   Latency (cycles)   |   Latency (absolute)   |  Interval |      Pipeline     |
    |   min   |     max    |    min    |     max    | min | max |        Type       |
    +---------+------------+-----------+------------+-----+-----+-------------------+
    |        4|  4294967171|  26.668 ns|  28.635 sec|    0|    0|  loop pipeline stp|
    +---------+------------+-----------+------------+-----+-----+-------------------+

    + Detail: 
        * Instance: 
        N/A

        * Loop: 
        +--------------------+---------+------------+----------+-----------+-----------+----------------+----------+
        |                    |   Latency (cycles)   | Iteration|  Initiation Interval  |      Trip      |          |
        |      Loop Name     |   min   |     max    |  Latency |  achieved |   target  |      Count     | Pipelined|
        +--------------------+---------+------------+----------+-----------+-----------+----------------+----------+
        |- VITIS_LOOP_665_2  |        2|  4294967169|         3|          1|          1|  1 ~ 4294967168|       yes|
        +--------------------+---------+------------+----------+-----------+-----------+----------------+----------+



================================================================
== Utilization Estimates
================================================================
* Summary: 
+-----------------+---------+------+--------+--------+-----+
|       Name      | BRAM_18K|  DSP |   FF   |   LUT  | URAM|
+-----------------+---------+------+--------+--------+-----+
|DSP              |        -|     -|       -|       -|    -|
|Expression       |        -|     -|       0|      98|    -|
|FIFO             |        -|     -|       -|       -|    -|
|Instance         |        -|     -|       -|       -|    -|
|Memory           |        -|     -|       -|       -|    -|
|Multiplexer      |        -|     -|       0|      68|    -|
|Register         |        -|     -|     353|       -|    -|
+-----------------+---------+------+--------+--------+-----+
|Total            |        0|     0|     353|     166|    0|
+-----------------+---------+------+--------+--------+-----+
|Available        |      288|  1248|  234240|  117120|   64|
+-----------------+---------+------+--------+--------+-----+
|Utilization (%)  |        0|     0|      ~0|      ~0|    0|
+-----------------+---------+------+--------+--------+-----+

+ Detail: 
    * Instance: 
    N/A

    * DSP: 
    N/A

    * Memory: 
    N/A

    * FIFO: 
    N/A

    * Expression: 
    +----------------------------------+----------+----+---+----+------------+------------+
    |           Variable Name          | Operation| DSP| FF| LUT| Bitwidth P0| Bitwidth P1|
    +----------------------------------+----------+----+---+----+------------+------------+
    |add_ln665_fu_144_p2               |         +|   0|  0|  39|          32|           1|
    |ap_block_pp0_stage0_11001         |       and|   0|  0|   2|           1|           1|
    |ap_block_state2_pp0_stage0_iter1  |       and|   0|  0|   2|           1|           1|
    |ap_predicate_op27_read_state2     |       and|   0|  0|   2|           1|           1|
    |icmp_ln665_fu_138_p2              |      icmp|   0|  0|  39|          32|          32|
    |icmp_ln667_fu_154_p2              |      icmp|   0|  0|  12|           4|           1|
    |ap_enable_pp0                     |       xor|   0|  0|   2|           1|           2|
    +----------------------------------+----------+----+---+----+------------+------------+
    |Total                             |          |   0|  0|  98|          72|          39|
    +----------------------------------+----------+----+---+----+------------+------------+

    * Multiplexer: 
    +--------------------------------+----+-----------+-----+-----------+
    |              Name              | LUT| Input Size| Bits| Total Bits|
    +--------------------------------+----+-----------+-----+-----------+
    |ap_done_int                     |   9|          2|    1|          2|
    |ap_enable_reg_pp0_iter1         |   9|          2|    1|          2|
    |ap_phi_mux_empty_phi_fu_115_p4  |  14|          3|  128|        384|
    |ap_sig_allocacmp_input_1        |   9|          2|   32|         64|
    |gmem_x_blk_n_R                  |   9|          2|    1|          2|
    |input_fu_78                     |   9|          2|   32|         64|
    |shiftreg_fu_74                  |   9|          2|  120|        240|
    +--------------------------------+----+-----------+-----+-----------+
    |Total                           |  68|         15|  315|        758|
    +--------------------------------+----+-----------+-----+-----------+

    * Register: 
    +----------------------------------+-----+----+-----+-----------+
    |               Name               |  FF | LUT| Bits| Const Bits|
    +----------------------------------+-----+----+-----+-----------+
    |ap_CS_fsm                         |    1|   0|    1|          0|
    |ap_done_reg                       |    1|   0|    1|          0|
    |ap_enable_reg_pp0_iter1           |    1|   0|    1|          0|
    |ap_enable_reg_pp0_iter2           |    1|   0|    1|          0|
    |ap_loop_exit_ready_pp0_iter1_reg  |    1|   0|    1|          0|
    |gmem_x_addr_read_reg_235          |  128|   0|  128|          0|
    |icmp_ln665_reg_227                |    1|   0|    1|          0|
    |icmp_ln665_reg_227_pp0_iter1_reg  |    1|   0|    1|          0|
    |icmp_ln667_reg_231                |    1|   0|    1|          0|
    |icmp_ln667_reg_231_pp0_iter1_reg  |    1|   0|    1|          0|
    |input_1_reg_222                   |   32|   0|   32|          0|
    |input_1_reg_222_pp0_iter1_reg     |   32|   0|   32|          0|
    |input_fu_78                       |   32|   0|   32|          0|
    |shiftreg_fu_74                    |  120|   0|  120|          0|
    +----------------------------------+-----+----+-----+-----------+
    |Total                             |  353|   0|  353|          0|
    +----------------------------------+-----+----+-----+-----------+



================================================================
== Interface
================================================================
* Summary: 
+----------------------------+-----+-----+------------+------------------------------------------+--------------+
|          RTL Ports         | Dir | Bits|  Protocol  |               Source Object              |    C Type    |
+----------------------------+-----+-----+------------+------------------------------------------+--------------+
|ap_clk                      |   in|    1|  ap_ctrl_hs|  w4a8_linear_v1_Pipeline_VITIS_LOOP_665_2|  return value|
|ap_rst                      |   in|    1|  ap_ctrl_hs|  w4a8_linear_v1_Pipeline_VITIS_LOOP_665_2|  return value|
|ap_start                    |   in|    1|  ap_ctrl_hs|  w4a8_linear_v1_Pipeline_VITIS_LOOP_665_2|  return value|
|ap_done                     |  out|    1|  ap_ctrl_hs|  w4a8_linear_v1_Pipeline_VITIS_LOOP_665_2|  return value|
|ap_idle                     |  out|    1|  ap_ctrl_hs|  w4a8_linear_v1_Pipeline_VITIS_LOOP_665_2|  return value|
|ap_ready                    |  out|    1|  ap_ctrl_hs|  w4a8_linear_v1_Pipeline_VITIS_LOOP_665_2|  return value|
|m_axi_gmem_x_0_AWVALID      |  out|    1|       m_axi|                                    gmem_x|       pointer|
|m_axi_gmem_x_0_AWREADY      |   in|    1|       m_axi|                                    gmem_x|       pointer|
|m_axi_gmem_x_0_AWADDR       |  out|   64|       m_axi|                                    gmem_x|       pointer|
|m_axi_gmem_x_0_AWID         |  out|    1|       m_axi|                                    gmem_x|       pointer|
|m_axi_gmem_x_0_AWLEN        |  out|   32|       m_axi|                                    gmem_x|       pointer|
|m_axi_gmem_x_0_AWSIZE       |  out|    3|       m_axi|                                    gmem_x|       pointer|
|m_axi_gmem_x_0_AWBURST      |  out|    2|       m_axi|                                    gmem_x|       pointer|
|m_axi_gmem_x_0_AWLOCK       |  out|    2|       m_axi|                                    gmem_x|       pointer|
|m_axi_gmem_x_0_AWCACHE      |  out|    4|       m_axi|                                    gmem_x|       pointer|
|m_axi_gmem_x_0_AWPROT       |  out|    3|       m_axi|                                    gmem_x|       pointer|
|m_axi_gmem_x_0_AWQOS        |  out|    4|       m_axi|                                    gmem_x|       pointer|
|m_axi_gmem_x_0_AWREGION     |  out|    4|       m_axi|                                    gmem_x|       pointer|
|m_axi_gmem_x_0_AWUSER       |  out|    1|       m_axi|                                    gmem_x|       pointer|
|m_axi_gmem_x_0_WVALID       |  out|    1|       m_axi|                                    gmem_x|       pointer|
|m_axi_gmem_x_0_WREADY       |   in|    1|       m_axi|                                    gmem_x|       pointer|
|m_axi_gmem_x_0_WDATA        |  out|  128|       m_axi|                                    gmem_x|       pointer|
|m_axi_gmem_x_0_WSTRB        |  out|   16|       m_axi|                                    gmem_x|       pointer|
|m_axi_gmem_x_0_WLAST        |  out|    1|       m_axi|                                    gmem_x|       pointer|
|m_axi_gmem_x_0_WID          |  out|    1|       m_axi|                                    gmem_x|       pointer|
|m_axi_gmem_x_0_WUSER        |  out|    1|       m_axi|                                    gmem_x|       pointer|
|m_axi_gmem_x_0_ARVALID      |  out|    1|       m_axi|                                    gmem_x|       pointer|
|m_axi_gmem_x_0_ARREADY      |   in|    1|       m_axi|                                    gmem_x|       pointer|
|m_axi_gmem_x_0_ARADDR       |  out|   64|       m_axi|                                    gmem_x|       pointer|
|m_axi_gmem_x_0_ARID         |  out|    1|       m_axi|                                    gmem_x|       pointer|
|m_axi_gmem_x_0_ARLEN        |  out|   32|       m_axi|                                    gmem_x|       pointer|
|m_axi_gmem_x_0_ARSIZE       |  out|    3|       m_axi|                                    gmem_x|       pointer|
|m_axi_gmem_x_0_ARBURST      |  out|    2|       m_axi|                                    gmem_x|       pointer|
|m_axi_gmem_x_0_ARLOCK       |  out|    2|       m_axi|                                    gmem_x|       pointer|
|m_axi_gmem_x_0_ARCACHE      |  out|    4|       m_axi|                                    gmem_x|       pointer|
|m_axi_gmem_x_0_ARPROT       |  out|    3|       m_axi|                                    gmem_x|       pointer|
|m_axi_gmem_x_0_ARQOS        |  out|    4|       m_axi|                                    gmem_x|       pointer|
|m_axi_gmem_x_0_ARREGION     |  out|    4|       m_axi|                                    gmem_x|       pointer|
|m_axi_gmem_x_0_ARUSER       |  out|    1|       m_axi|                                    gmem_x|       pointer|
|m_axi_gmem_x_0_RVALID       |   in|    1|       m_axi|                                    gmem_x|       pointer|
|m_axi_gmem_x_0_RREADY       |  out|    1|       m_axi|                                    gmem_x|       pointer|
|m_axi_gmem_x_0_RDATA        |   in|  128|       m_axi|                                    gmem_x|       pointer|
|m_axi_gmem_x_0_RLAST        |   in|    1|       m_axi|                                    gmem_x|       pointer|
|m_axi_gmem_x_0_RID          |   in|    1|       m_axi|                                    gmem_x|       pointer|
|m_axi_gmem_x_0_RFIFONUM     |   in|   12|       m_axi|                                    gmem_x|       pointer|
|m_axi_gmem_x_0_RUSER        |   in|    1|       m_axi|                                    gmem_x|       pointer|
|m_axi_gmem_x_0_RRESP        |   in|    2|       m_axi|                                    gmem_x|       pointer|
|m_axi_gmem_x_0_BVALID       |   in|    1|       m_axi|                                    gmem_x|       pointer|
|m_axi_gmem_x_0_BREADY       |  out|    1|       m_axi|                                    gmem_x|       pointer|
|m_axi_gmem_x_0_BRESP        |   in|    2|       m_axi|                                    gmem_x|       pointer|
|m_axi_gmem_x_0_BID          |   in|    1|       m_axi|                                    gmem_x|       pointer|
|m_axi_gmem_x_0_BUSER        |   in|    1|       m_axi|                                    gmem_x|       pointer|
|select_ln665                |   in|   32|     ap_none|                              select_ln665|        scalar|
|token_activations_address0  |  out|   13|   ap_memory|                         token_activations|         array|
|token_activations_ce0       |  out|    1|   ap_memory|                         token_activations|         array|
|token_activations_we0       |  out|    1|   ap_memory|                         token_activations|         array|
|token_activations_d0        |  out|    8|   ap_memory|                         token_activations|         array|
|sext_ln665                  |   in|   60|     ap_none|                                sext_ln665|        scalar|
+----------------------------+-----+-----+------------+------------------------------------------+--------------+

