

================================================================
== Vitis HLS Report for 'w4a8_linear_v1_Pipeline_VITIS_LOOP_737_8'
================================================================
* Date:           Sat Oct  3 03:34:29 2026

* Version:        2026.1 (Build 6493734 on Jun 16 2026)
* Project:        b03_double_hls
* Solution:       hls (Vitis Kernel Flow Target)
* Product family: zynquplus
* Target device:  xck26-sfvc784-2LV-c


================================================================
== Performance Estimates
================================================================
+ Timing: 
    * Summary: 
    +--------+---------+----------+------------+
    |  Clock |  Target | Estimated| Uncertainty|
    +--------+---------+----------+------------+
    |ap_clk  |  6.67 ns|  2.923 ns|     1.80 ns|
    +--------+---------+----------+------------+

+ Latency: 
    * Summary: 
    +---------+---------+----------+----------+-----+-----+-------------------+
    |  Latency (cycles) |  Latency (absolute) |  Interval |      Pipeline     |
    |   min   |   max   |    min   |    max   | min | max |        Type       |
    +---------+---------+----------+----------+-----+-----+-------------------+
    |       34|       34|  0.227 us|  0.227 us|    0|    0|  loop pipeline stp|
    +---------+---------+----------+----------+-----+-----+-------------------+

    + Detail: 
        * Instance: 
        N/A

        * Loop: 
        +--------------------+---------+---------+----------+-----------+-----------+------+----------+
        |                    |  Latency (cycles) | Iteration|  Initiation Interval  | Trip |          |
        |      Loop Name     |   min   |   max   |  Latency |  achieved |   target  | Count| Pipelined|
        +--------------------+---------+---------+----------+-----------+-----------+------+----------+
        |- VITIS_LOOP_737_8  |       32|       32|         2|          1|          1|    32|       yes|
        +--------------------+---------+---------+----------+-----------+-----------+------+----------+



================================================================
== Utilization Estimates
================================================================
* Summary: 
+-----------------+---------+------+--------+--------+-----+
|       Name      | BRAM_18K|  DSP |   FF   |   LUT  | URAM|
+-----------------+---------+------+--------+--------+-----+
|DSP              |        -|     -|       -|       -|    -|
|Expression       |        -|     -|       0|     139|    -|
|FIFO             |        -|     -|       -|       -|    -|
|Instance         |        -|     -|       -|       -|    -|
|Memory           |        -|     -|       -|       -|    -|
|Multiplexer      |        -|     -|       0|      36|    -|
|Register         |        -|     -|      15|       -|    -|
+-----------------+---------+------+--------+--------+-----+
|Total            |        0|     0|      15|     175|    0|
+-----------------+---------+------+--------+--------+-----+
|Available        |      288|  1248|  234240|  117120|   64|
+-----------------+---------+------+--------+--------+-----+
|Utilization (%)  |        0|     0|      ~0|      ~0|    0|
+-----------------+---------+------+--------+--------+-----+

+ Detail: 
    * Instance: 
    N/A

    * DSP: 
    N/A

    * Memory: 
    N/A

    * FIFO: 
    N/A

    * Expression: 
    +----------------------+----------+----+---+----+------------+------------+
    |     Variable Name    | Operation| DSP| FF| LUT| Bitwidth P0| Bitwidth P1|
    +----------------------+----------+----+---+----+------------+------------+
    |add_ln737_fu_83_p2    |         +|   0|  0|  13|           6|           1|
    |add_ln743_fu_98_p2    |         +|   0|  0|  39|          32|          32|
    |icmp_ln737_fu_77_p2   |      icmp|   0|  0|  14|           6|           7|
    |icmp_ln743_fu_104_p2  |      icmp|   0|  0|  39|          32|          32|
    |cond_fu_115_p3        |    select|   0|  0|  32|           1|          32|
    |ap_enable_pp0         |       xor|   0|  0|   2|           1|           2|
    +----------------------+----------+----+---+----+------------+------------+
    |Total                 |          |   0|  0| 139|          78|         106|
    +----------------------+----------+----+---+----+------------+------------+

    * Multiplexer: 
    +-------------------------+----+-----------+-----+-----------+
    |           Name          | LUT| Input Size| Bits| Total Bits|
    +-------------------------+----+-----------+-----+-----------+
    |ap_done_int              |   9|          2|    1|          2|
    |ap_enable_reg_pp0_iter1  |   9|          2|    1|          2|
    |ap_sig_allocacmp_lane    |   9|          2|    6|         12|
    |lane_1_fu_36             |   9|          2|    6|         12|
    +-------------------------+----+-----------+-----+-----------+
    |Total                    |  36|          8|   14|         28|
    +-------------------------+----+-----------+-----+-----------+

    * Register: 
    +-------------------------+---+----+-----+-----------+
    |           Name          | FF| LUT| Bits| Const Bits|
    +-------------------------+---+----+-----+-----------+
    |ap_CS_fsm                |  1|   0|    1|          0|
    |ap_done_reg              |  1|   0|    1|          0|
    |ap_enable_reg_pp0_iter1  |  1|   0|    1|          0|
    |icmp_ln743_reg_133       |  1|   0|    1|          0|
    |lane_1_fu_36             |  6|   0|    6|          0|
    |totals_addr_reg_138      |  5|   0|    5|          0|
    +-------------------------+---+----+-----+-----------+
    |Total                    | 15|   0|   15|          0|
    +-------------------------+---+----+-----+-----------+



================================================================
== Interface
================================================================
* Summary: 
+-----------------+-----+-----+------------+------------------------------------------+--------------+
|    RTL Ports    | Dir | Bits|  Protocol  |               Source Object              |    C Type    |
+-----------------+-----+-----+------------+------------------------------------------+--------------+
|ap_clk           |   in|    1|  ap_ctrl_hs|  w4a8_linear_v1_Pipeline_VITIS_LOOP_737_8|  return value|
|ap_rst           |   in|    1|  ap_ctrl_hs|  w4a8_linear_v1_Pipeline_VITIS_LOOP_737_8|  return value|
|ap_start         |   in|    1|  ap_ctrl_hs|  w4a8_linear_v1_Pipeline_VITIS_LOOP_737_8|  return value|
|ap_done          |  out|    1|  ap_ctrl_hs|  w4a8_linear_v1_Pipeline_VITIS_LOOP_737_8|  return value|
|ap_idle          |  out|    1|  ap_ctrl_hs|  w4a8_linear_v1_Pipeline_VITIS_LOOP_737_8|  return value|
|ap_ready         |  out|    1|  ap_ctrl_hs|  w4a8_linear_v1_Pipeline_VITIS_LOOP_737_8|  return value|
|shl_ln3          |   in|   32|     ap_none|                                   shl_ln3|        scalar|
|n                |   in|   32|     ap_none|                                         n|        scalar|
|totals_address0  |  out|    5|   ap_memory|                                    totals|         array|
|totals_ce0       |  out|    1|   ap_memory|                                    totals|         array|
|totals_we0       |  out|    1|   ap_memory|                                    totals|         array|
|totals_d0        |  out|   32|   ap_memory|                                    totals|         array|
|totals_address1  |  out|    5|   ap_memory|                                    totals|         array|
|totals_ce1       |  out|    1|   ap_memory|                                    totals|         array|
|totals_q1        |   in|   32|   ap_memory|                                    totals|         array|
+-----------------+-----+-----+------------+------------------------------------------+--------------+

