

================================================================
== Vitis HLS Report for 'w4a8_linear_v1'
================================================================
* Date:           Thu Oct  1 20:59:47 2026

* Version:        2026.1 (Build 6493734 on Jun 16 2026)
* Project:        hls
* Solution:       hls (Vitis Kernel Flow Target)
* Product family: zynquplus
* Target device:  xck26-sfvc784-2LV-c


================================================================
== Performance Estimates
================================================================
+ Timing: 
    * Summary: 
    +--------+---------+----------+------------+
    |  Clock |  Target | Estimated| Uncertainty|
    +--------+---------+----------+------------+
    |ap_clk  |  6.67 ns|  5.241 ns|     1.80 ns|
    +--------+---------+----------+------------+

+ Latency: 
    * Summary: 
    +---------+---------+----------+----------+-----+-----+---------+
    |  Latency (cycles) |  Latency (absolute) |  Interval | Pipeline|
    |   min   |   max   |    min   |    max   | min | max |   Type  |
    +---------+---------+----------+----------+-----+-----+---------+
    |        1|        ?|  6.667 ns|         ?|    2|    ?|       no|
    +---------+---------+----------+----------+-----+-----+---------+

    + Detail: 
        * Instance: 
        +------------------------------------------------------+-------------------------------------------+---------+---------+-----------+-----------+------+------+-------------------+
        |                                                      |                                           |  Latency (cycles) |   Latency (absolute)  |   Interval  |      Pipeline     |
        |                       Instance                       |                   Module                  |   min   |   max   |    min    |    max    |  min |  max |        Type       |
        +------------------------------------------------------+-------------------------------------------+---------+---------+-----------+-----------+------+------+-------------------+
        |grp_p_anonymous_namespace_write_meta_fu_524           |p_anonymous_namespace_write_meta           |       73|       73|   0.487 us|   0.487 us|    73|    73|                 no|
        |grp_p_anonymous_namespace_contains_invalid_w4_fu_547  |p_anonymous_namespace_contains_invalid_w4  |       73|        ?|   0.487 us|          ?|    73|     ?|                 no|
        |grp_w4a8_linear_v1_Pipeline_VITIS_LOOP_394_3_fu_557   |w4a8_linear_v1_Pipeline_VITIS_LOOP_394_3   |       34|       34|   0.227 us|   0.227 us|     0|     0|  loop pipeline stp|
        |grp_w4a8_linear_v1_Outline_2_fu_562                   |w4a8_linear_v1_Outline_2                   |     6145|     6145|  40.969 us|  40.969 us|  6145|  6145|                 no|
        |grp_w4a8_linear_v1_Outline_3_fu_570                   |w4a8_linear_v1_Outline_3                   |      385|      385|   2.567 us|   2.567 us|   385|   385|                 no|
        |grp_w4a8_linear_v1_Outline_4_fu_578                   |w4a8_linear_v1_Outline_4                   |       97|       97|   0.647 us|   0.647 us|    97|    97|                 no|
        |grp_w4a8_linear_v1_Pipeline_VITIS_LOOP_436_6_fu_586   |w4a8_linear_v1_Pipeline_VITIS_LOOP_436_6   |       34|       34|   0.227 us|   0.227 us|     0|     0|  loop pipeline stp|
        |grp_w4a8_tile_group_sums_fu_593                       |w4a8_tile_group_sums                       |      133|      133|   0.887 us|   0.887 us|     0|     0|  loop pipeline stp|
        |grp_w4a8_linear_v1_Pipeline_VITIS_LOOP_422_5_fu_599   |w4a8_linear_v1_Pipeline_VITIS_LOOP_422_5   |       53|       53|   0.353 us|   0.353 us|     0|     0|  loop pipeline stp|
        +------------------------------------------------------+-------------------------------------------+---------+---------+-----------+-----------+------+------+-------------------+

        * Loop: 
        +-------------------------+---------+--------------+---------------------+-----------+-----------+---------------+----------+
        |                         |    Latency (cycles)    |      Iteration      |  Initiation Interval  |      Trip     |          |
        |        Loop Name        |   min   |      max     |       Latency       |  achieved |   target  |     Count     | Pipelined|
        +-------------------------+---------+--------------+---------------------+-----------+-----------+---------------+----------+
        |- VITIS_LOOP_385_1       |     6719|             ?|             6719 ~ ?|          -|          -|          1 ~ ?|        no|
        | + VITIS_LOOP_391_2      |     6576|             ?|  6576 ~ 212600875056|          -|          -|  1 ~ 134217727|        no|
        |  ++ VITIS_LOOP_404_4    |     6336|  212600874816|                 6336|          -|          -|   1 ~ 33554431|        no|
        |  ++ VITIS_LOOP_391_2.2  |       96|            96|                    3|          -|          -|             32|        no|
        +-------------------------+---------+--------------+---------------------+-----------+-----------+---------------+----------+



================================================================
== Utilization Estimates
================================================================
* Summary: 
+-----------------+---------+------+--------+--------+-----+
|       Name      | BRAM_18K|  DSP |   FF   |   LUT  | URAM|
+-----------------+---------+------+--------+--------+-----+
|DSP              |        -|     -|       -|       -|    -|
|Expression       |        -|     -|       0|    5846|    -|
|FIFO             |        -|     -|       -|       -|    -|
|Instance         |      109|    58|   13465|   22797|    0|
|Memory           |        8|     -|       0|       0|    0|
|Multiplexer      |        -|     -|       0|    2343|    -|
|Register         |        -|     -|    4573|       -|    -|
+-----------------+---------+------+--------+--------+-----+
|Total            |      117|    58|   18038|   30986|    0|
+-----------------+---------+------+--------+--------+-----+
|Available        |      288|  1248|  234240|  117120|   64|
+-----------------+---------+------+--------+--------+-----+
|Utilization (%)  |       40|     4|       7|      26|    0|
+-----------------+---------+------+--------+--------+-----+

+ Detail: 
    * Instance: 
    +------------------------------------------------------+-------------------------------------------+---------+----+------+-------+-----+
    |                       Instance                       |                   Module                  | BRAM_18K| DSP|  FF  |  LUT  | URAM|
    +------------------------------------------------------+-------------------------------------------+---------+----+------+-------+-----+
    |control_s_axi_U                                       |control_s_axi                              |        0|   0|  1098|   1960|    0|
    |gmem_meta_m_axi_U                                     |gmem_meta_m_axi                            |       29|   0|  1673|   1728|    0|
    |gmem_sw_m_axi_U                                       |gmem_sw_m_axi                              |        2|   0|   673|    636|    0|
    |gmem_w_m_axi_U                                        |gmem_w_m_axi                               |       15|   0|   776|    849|    0|
    |gmem_x_m_axi_U                                        |gmem_x_m_axi                               |       57|   0|  1578|   1647|    0|
    |gmem_y_m_axi_U                                        |gmem_y_m_axi                               |        2|   0|   667|    629|    0|
    |mul_25ns_27ns_52_1_1_U149                             |mul_25ns_27ns_52_1_1                       |        0|   2|     0|     40|    0|
    |mul_32ns_25ns_57_1_1_U150                             |mul_32ns_25ns_57_1_1                       |        0|   2|     0|     20|    0|
    |mul_32ns_32ns_62_1_1_U151                             |mul_32ns_32ns_62_1_1                       |        0|   4|     0|     20|    0|
    |mul_32ns_32ns_64_1_1_U152                             |mul_32ns_32ns_64_1_1                       |        0|   4|     0|     20|    0|
    |mul_32ns_32ns_64_1_1_U153                             |mul_32ns_32ns_64_1_1                       |        0|   4|     0|     20|    0|
    |grp_p_anonymous_namespace_contains_invalid_w4_fu_547  |p_anonymous_namespace_contains_invalid_w4  |        4|   2|   741|   2437|    0|
    |grp_p_anonymous_namespace_write_meta_fu_524           |p_anonymous_namespace_write_meta           |        0|   0|  2634|  10278|    0|
    |grp_w4a8_linear_v1_Outline_2_fu_562                   |w4a8_linear_v1_Outline_2                   |        0|   0|   423|    312|    0|
    |grp_w4a8_linear_v1_Outline_3_fu_570                   |w4a8_linear_v1_Outline_3                   |        0|   0|  1557|    117|    0|
    |grp_w4a8_linear_v1_Outline_4_fu_578                   |w4a8_linear_v1_Outline_4                   |        0|   0|    48|     71|    0|
    |grp_w4a8_linear_v1_Pipeline_VITIS_LOOP_394_3_fu_557   |w4a8_linear_v1_Pipeline_VITIS_LOOP_394_3   |        0|   0|     8|     54|    0|
    |grp_w4a8_linear_v1_Pipeline_VITIS_LOOP_422_5_fu_599   |w4a8_linear_v1_Pipeline_VITIS_LOOP_422_5   |        0|   8|   933|    771|    0|
    |grp_w4a8_linear_v1_Pipeline_VITIS_LOOP_436_6_fu_586   |w4a8_linear_v1_Pipeline_VITIS_LOOP_436_6   |        0|   0|    15|    175|    0|
    |grp_w4a8_tile_group_sums_fu_593                       |w4a8_tile_group_sums                       |        0|  32|   641|   1013|    0|
    +------------------------------------------------------+-------------------------------------------+---------+----+------+-------+-----+
    |Total                                                 |                                           |      109|  58| 13465|  22797|    0|
    +------------------------------------------------------+-------------------------------------------+---------+----+------+-------+-----+

    * DSP: 
    N/A

    * Memory: 
    +-------------------+---------------------------------------------------------------------+---------+---+----+-----+------+-----+------+-------------+
    |       Memory      |                                Module                               | BRAM_18K| FF| LUT| URAM| Words| Bits| Banks| W*Bits*Banks|
    +-------------------+---------------------------------------------------------------------+---------+---+----+-----+------+-----+------+-------------+
    |activation_tile_U  |activation_tile_RAM_AUTO_1R1W                                        |        1|  0|   0|    0|   128|    8|     1|         1024|
    |weight_tile_U      |p_anonymous_namespace_contains_invalid_w4_weight_tile_RAM_AUTO_1R1W  |        4|  0|   0|    0|   128|  128|     1|        16384|
    |scale_tile_U       |scale_tile_RAM_AUTO_1R1W                                             |        1|  0|   0|    0|    32|   32|     1|         1024|
    |totals_U           |totals_RAM_AUTO_1R1W                                                 |        2|  0|   0|    0|    32|   32|     1|         1024|
    +-------------------+---------------------------------------------------------------------+---------+---+----+-----+------+-----+------+-------------+
    |Total              |                                                                     |        8|  0|   0|    0|   320|  200|     4|        19456|
    +-------------------+---------------------------------------------------------------------+---------+---+----+-----+------+-----+------+-------------+

    * FIFO: 
    N/A

    * Expression: 
    +-----------------------------------+----------+----+---+------+------------+------------+
    |           Variable Name           | Operation| DSP| FF|  LUT | Bitwidth P0| Bitwidth P1|
    +-----------------------------------+----------+----+---+------+------------+------------+
    |add_ln13_1_fu_790_p2               |         +|   0|  0|    39|          32|           5|
    |add_ln13_fu_775_p2                 |         +|   0|  0|    39|          32|           7|
    |add_ln269_fu_664_p2                |         +|   0|  0|    71|          64|           5|
    |add_ln294_1_fu_741_p2              |         +|   0|  0|    39|          32|           2|
    |add_ln294_2_fu_752_p2              |         +|   0|  0|    39|          32|           2|
    |add_ln294_fu_720_p2                |         +|   0|  0|    39|          32|           2|
    |add_ln385_fu_1074_p2               |         +|   0|  0|    39|          32|           1|
    |add_ln388_1_fu_1103_p2             |         +|   0|  0|    71|          64|          64|
    |add_ln388_2_fu_1120_p2             |         +|   0|  0|    71|          64|          64|
    |add_ln388_fu_1098_p2               |         +|   0|  0|    71|          64|          64|
    |add_ln391_fu_1217_p2               |         +|   0|  0|    34|          27|           1|
    |add_ln404_fu_1232_p2               |         +|   0|  0|    32|          25|           1|
    |empty_71_fu_1413_p2                |         +|   0|  0|    13|           6|           1|
    |ap_block_state307_on_subcall_done  |       and|   0|  0|     2|           1|           1|
    |ap_predicate_op1019_call_state307  |       and|   0|  0|     2|           1|           1|
    |exitcond4312_fu_1407_p2            |      icmp|   0|  0|    14|           6|           7|
    |icmp_ln265_fu_658_p2               |      icmp|   0|  0|    71|          64|           6|
    |icmp_ln281_fu_684_p2               |      icmp|   0|  0|    39|          32|           1|
    |icmp_ln294_1_fu_746_p2             |      icmp|   0|  0|    39|          32|          13|
    |icmp_ln294_2_fu_757_p2             |      icmp|   0|  0|    39|          32|          13|
    |icmp_ln294_fu_735_p2               |      icmp|   0|  0|    36|          29|           1|
    |icmp_ln322_1_fu_907_p2             |      icmp|   0|  0|    71|          64|          64|
    |icmp_ln322_fu_902_p2               |      icmp|   0|  0|    71|          64|          64|
    |icmp_ln323_1_fu_816_p2             |      icmp|   0|  0|    71|          64|          64|
    |icmp_ln323_fu_912_p2               |      icmp|   0|  0|    71|          64|          64|
    |icmp_ln324_fu_917_p2               |      icmp|   0|  0|    71|          64|          64|
    |icmp_ln385_1_fu_1069_p2            |      icmp|   0|  0|    39|          32|          32|
    |icmp_ln385_fu_1025_p2              |      icmp|   0|  0|    39|          32|           1|
    |icmp_ln391_1_fu_1212_p2            |      icmp|   0|  0|    34|          27|          27|
    |icmp_ln391_fu_1037_p2              |      icmp|   0|  0|    34|          27|           1|
    |icmp_ln404_1_fu_1227_p2            |      icmp|   0|  0|    32|          25|          25|
    |icmp_ln404_fu_1049_p2              |      icmp|   0|  0|    32|          25|           1|
    |lshr_ln269_fu_711_p2               |      lshr|   0|  0|  2171|         512|         512|
    |lshr_ln388_fu_1190_p2              |      lshr|   0|  0|  2171|         512|         512|
    |ap_block_state230_on_subcall_done  |        or|   0|  0|     2|           1|           1|
    |ap_block_state83_io                |        or|   0|  0|     2|           1|           1|
    |or_ln294_1_fu_769_p2               |        or|   0|  0|     2|           1|           1|
    |or_ln294_fu_763_p2                 |        or|   0|  0|     2|           1|           1|
    |or_ln322_1_fu_928_p2               |        or|   0|  0|     2|           1|           1|
    |or_ln322_2_fu_934_p2               |        or|   0|  0|     2|           1|           1|
    |or_ln322_3_fu_939_p2               |        or|   0|  0|     2|           1|           1|
    |or_ln322_fu_922_p2                 |        or|   0|  0|     2|           1|           1|
    |select_ln385_fu_1030_p3            |    select|   0|  0|    32|           1|          32|
    |select_ln391_fu_1042_p3            |    select|   0|  0|    27|           1|          27|
    |select_ln404_fu_1054_p3            |    select|   0|  0|    25|           1|          25|
    +-----------------------------------+----------+----+---+------+------------+------------+
    |Total                              |          |   0|  0|  5846|        2226|        1785|
    +-----------------------------------+----------+----+---+------+------------+------------+

    * Multiplexer: 
    +-----------------------------------------------------------------------+------+-----------+-----+-----------+
    |                                  Name                                 |  LUT | Input Size| Bits| Total Bits|
    +-----------------------------------------------------------------------+------+-----------+-----+-----------+
    |activation_tile_address0                                               |    14|          3|    7|         21|
    |activation_tile_ce0                                                    |    14|          3|    1|          3|
    |activation_tile_we0                                                    |     9|          2|    1|          2|
    |ap_NS_fsm                                                              |  1658|        313|    1|        313|
    |gmem_meta_0_AWVALID                                                    |     9|          2|    1|          2|
    |gmem_meta_0_BREADY                                                     |     9|          2|    1|          2|
    |gmem_meta_0_WVALID                                                     |     9|          2|    1|          2|
    |gmem_meta_blk_n_AR                                                     |     9|          2|    1|          2|
    |gmem_meta_blk_n_R                                                      |     9|          2|    1|          2|
    |gmem_sw_0_ARADDR                                                       |    14|          3|   64|        192|
    |gmem_sw_0_ARLEN                                                        |    14|          3|   32|         96|
    |gmem_sw_0_ARVALID                                                      |    14|          3|    1|          3|
    |gmem_sw_0_RREADY                                                       |     9|          2|    1|          2|
    |gmem_sw_blk_n_AR                                                       |     9|          2|    1|          2|
    |gmem_w_0_ARADDR                                                        |    20|          4|   64|        256|
    |gmem_w_0_ARLEN                                                         |    20|          4|   32|        128|
    |gmem_w_0_ARVALID                                                       |    20|          4|    1|          4|
    |gmem_w_0_RREADY                                                        |    14|          3|    1|          3|
    |gmem_w_blk_n_AR                                                        |     9|          2|    1|          2|
    |gmem_x_0_ARADDR                                                        |    20|          4|   64|        256|
    |gmem_x_0_ARLEN                                                         |    20|          4|   32|        128|
    |gmem_x_0_ARVALID                                                       |    14|          3|    1|          3|
    |gmem_x_0_RREADY                                                        |    14|          3|    1|          3|
    |gmem_x_blk_n_AR                                                        |     9|          2|    1|          2|
    |gmem_x_blk_n_R                                                         |     9|          2|    1|          2|
    |gmem_y_blk_n_AW                                                        |     9|          2|    1|          2|
    |gmem_y_blk_n_B                                                         |     9|          2|    1|          2|
    |gmem_y_blk_n_W                                                         |     9|          2|    1|          2|
    |group_reg_502                                                          |     9|          2|   25|         50|
    |grp_fu_646_p0                                                          |    14|          3|   32|         96|
    |grp_fu_646_p1                                                          |    14|          3|   32|         96|
    |grp_fu_650_p0                                                          |    14|          3|   32|         96|
    |grp_fu_650_p1                                                          |    14|          3|   32|         96|
    |grp_p_anonymous_namespace_write_meta_fu_524_algorithm_weight_bytes     |    14|          3|   63|        189|
    |grp_p_anonymous_namespace_write_meta_fu_524_done                       |    14|          3|    1|          3|
    |grp_p_anonymous_namespace_write_meta_fu_524_increment_completed_count  |    14|          3|    1|          3|
    |grp_p_anonymous_namespace_write_meta_fu_524_status                     |    31|          6|    3|         18|
    |loop_index_reg_513                                                     |     9|          2|    6|         12|
    |output_block_reg_490                                                   |     9|          2|   27|         54|
    |scale_tile_address0                                                    |    14|          3|    5|         15|
    |scale_tile_ce0                                                         |    14|          3|    1|          3|
    |scale_tile_we0                                                         |     9|          2|    1|          2|
    |token_fu_316                                                           |     9|          2|   32|         64|
    |totals_address0                                                        |    20|          4|    5|         20|
    |totals_address1                                                        |    14|          3|    5|         15|
    |totals_ce0                                                             |    20|          4|    1|          4|
    |totals_ce1                                                             |    14|          3|    1|          3|
    |totals_d0                                                              |    20|          4|   32|        128|
    |totals_we0                                                             |    20|          4|    1|          4|
    |weight_tile_address0                                                   |    14|          3|    7|         21|
    |weight_tile_ce0                                                        |    14|          3|    1|          3|
    |weight_tile_we0                                                        |     9|          2|   16|         32|
    +-----------------------------------------------------------------------+------+-----------+-----+-----------+
    |Total                                                                  |  2343|        458|  678|       2464|
    +-----------------------------------------------------------------------+------+-----------+-----+-----------+

    * Register: 
    +-------------------------------------------------------------------+-----+----+-----+-----------+
    |                                Name                               |  FF | LUT| Bits| Const Bits|
    +-------------------------------------------------------------------+-----+----+-----+-----------+
    |add_ln385_reg_1669                                                 |   32|   0|   32|          0|
    |add_ln391_reg_1721                                                 |   27|   0|   27|          0|
    |add_ln404_reg_1729                                                 |   25|   0|   25|          0|
    |ap_CS_fsm                                                          |  312|   0|  312|          0|
    |ap_rst_n_inv                                                       |    1|   0|    1|          0|
    |ap_rst_reg_1                                                       |    1|   0|    1|          0|
    |ap_rst_reg_2                                                       |    1|   0|    1|          0|
    |empty_71_reg_1902                                                  |    6|   0|    6|          0|
    |gmem_meta_addr_read_reg_1538                                       |  512|   0|  512|          0|
    |gmem_sw_addr_reg_1646                                              |   64|   0|   64|          0|
    |gmem_w_addr_reg_1636                                               |   64|   0|   64|          0|
    |gmem_x_addr_1_reg_1713                                             |   64|   0|   64|          0|
    |gmem_x_addr_read_reg_1703                                          |  512|   0|  512|          0|
    |gmem_y_addr_reg_1684                                               |   64|   0|   64|          0|
    |group_count_reg_1552                                               |   25|   0|   25|          0|
    |group_reg_502                                                      |   25|   0|   25|          0|
    |grp_p_anonymous_namespace_contains_invalid_w4_fu_547_ap_start_reg  |    1|   0|    1|          0|
    |grp_p_anonymous_namespace_write_meta_fu_524_ap_start_reg           |    1|   0|    1|          0|
    |grp_w4a8_linear_v1_Outline_2_fu_562_ap_start_reg                   |    1|   0|    1|          0|
    |grp_w4a8_linear_v1_Outline_3_fu_570_ap_start_reg                   |    1|   0|    1|          0|
    |grp_w4a8_linear_v1_Outline_4_fu_578_ap_start_reg                   |    1|   0|    1|          0|
    |grp_w4a8_linear_v1_Pipeline_VITIS_LOOP_394_3_fu_557_ap_start_reg   |    1|   0|    1|          0|
    |grp_w4a8_linear_v1_Pipeline_VITIS_LOOP_422_5_fu_599_ap_start_reg   |    1|   0|    1|          0|
    |grp_w4a8_linear_v1_Pipeline_VITIS_LOOP_436_6_fu_586_ap_start_reg   |    1|   0|    1|          0|
    |grp_w4a8_tile_group_sums_fu_593_ap_start_reg                       |    1|   0|    1|          0|
    |icmp_ln265_reg_1514                                                |    1|   0|    1|          0|
    |icmp_ln281_reg_1528                                                |    1|   0|    1|          0|
    |icmp_ln323_1_reg_1571                                              |    1|   0|    1|          0|
    |job_id_read_reg_1428                                               |   64|   0|   64|          0|
    |k_read_reg_1458                                                    |   32|   0|   32|          0|
    |loop_index_reg_513                                                 |    6|   0|    6|          0|
    |lshr_ln13_1_reg_1563                                               |   27|   0|   27|          0|
    |meta_read_reg_1483                                                 |   64|   0|   64|          0|
    |n_read_reg_1465                                                    |   32|   0|   32|          0|
    |or_ln294_1_reg_1548                                                |    1|   0|    1|          0|
    |or_ln322_3_reg_1596                                                |    1|   0|    1|          0|
    |output_block_reg_490                                               |   27|   0|   27|          0|
    |previous_completed_count_reg_1543                                  |   64|   0|   64|          0|
    |required_w_bytes_reg_1586                                          |   63|   0|   63|          0|
    |select_ln385_reg_1651                                              |   32|   0|   32|          0|
    |select_ln391_reg_1656                                              |   27|   0|   27|          0|
    |select_ln404_reg_1661                                              |   25|   0|   25|          0|
    |shl_ln3_reg_1734                                                   |   27|   0|   32|          5|
    |sums_10_reg_1789                                                   |   32|   0|   32|          0|
    |sums_11_reg_1794                                                   |   32|   0|   32|          0|
    |sums_12_reg_1799                                                   |   32|   0|   32|          0|
    |sums_13_reg_1804                                                   |   32|   0|   32|          0|
    |sums_14_reg_1809                                                   |   32|   0|   32|          0|
    |sums_15_reg_1814                                                   |   32|   0|   32|          0|
    |sums_16_reg_1819                                                   |   32|   0|   32|          0|
    |sums_17_reg_1824                                                   |   32|   0|   32|          0|
    |sums_18_reg_1829                                                   |   32|   0|   32|          0|
    |sums_19_reg_1834                                                   |   32|   0|   32|          0|
    |sums_1_reg_1744                                                    |   32|   0|   32|          0|
    |sums_20_reg_1839                                                   |   32|   0|   32|          0|
    |sums_21_reg_1844                                                   |   32|   0|   32|          0|
    |sums_22_reg_1849                                                   |   32|   0|   32|          0|
    |sums_23_reg_1854                                                   |   32|   0|   32|          0|
    |sums_24_reg_1859                                                   |   32|   0|   32|          0|
    |sums_25_reg_1864                                                   |   32|   0|   32|          0|
    |sums_26_reg_1869                                                   |   32|   0|   32|          0|
    |sums_27_reg_1874                                                   |   32|   0|   32|          0|
    |sums_28_reg_1879                                                   |   32|   0|   32|          0|
    |sums_29_reg_1884                                                   |   32|   0|   32|          0|
    |sums_2_reg_1749                                                    |   32|   0|   32|          0|
    |sums_30_reg_1889                                                   |   32|   0|   32|          0|
    |sums_31_reg_1894                                                   |   32|   0|   32|          0|
    |sums_3_reg_1754                                                    |   32|   0|   32|          0|
    |sums_4_reg_1759                                                    |   32|   0|   32|          0|
    |sums_5_reg_1764                                                    |   32|   0|   32|          0|
    |sums_6_reg_1769                                                    |   32|   0|   32|          0|
    |sums_7_reg_1774                                                    |   32|   0|   32|          0|
    |sums_8_reg_1779                                                    |   32|   0|   32|          0|
    |sums_9_reg_1784                                                    |   32|   0|   32|          0|
    |sums_reg_1739                                                      |   32|   0|   32|          0|
    |sw_bytes_read_reg_1448                                             |   64|   0|   64|          0|
    |sw_read_reg_1503                                                   |   64|   0|   64|          0|
    |sx_bytes_read_reg_1438                                             |   64|   0|   64|          0|
    |sx_read_reg_1493                                                   |   64|   0|   64|          0|
    |t_read_reg_1473                                                    |   32|   0|   32|          0|
    |tmp_reg_1605                                                       |    1|   0|    1|          0|
    |token_fu_316                                                       |   32|   0|   32|          0|
    |token_scale_reg_1708                                               |   32|   0|   32|          0|
    |totals_load_reg_1912                                               |   32|   0|   32|          0|
    |trunc_ln269_1_reg_1518                                             |   58|   0|   58|          0|
    |trunc_ln269_reg_1523                                               |    6|   0|    6|          0|
    |trunc_ln2_reg_1631                                                 |   60|   0|   60|          0|
    |trunc_ln388_2_reg_1674                                             |   58|   0|   58|          0|
    |trunc_ln388_reg_1679                                               |    6|   0|    6|          0|
    |trunc_ln391_1_reg_1641                                             |   62|   0|   62|          0|
    |trunc_ln3_reg_1691                                                 |   58|   0|   58|          0|
    |w_bytes_read_reg_1453                                              |   64|   0|   64|          0|
    |w_packed_read_reg_1508                                             |   64|   0|   64|          0|
    |x_bytes_read_reg_1443                                              |   64|   0|   64|          0|
    |xq_read_reg_1498                                                   |   64|   0|   64|          0|
    |y_bytes_read_reg_1433                                              |   64|   0|   64|          0|
    |y_read_reg_1488                                                    |   64|   0|   64|          0|
    |zext_ln311_1_reg_1581                                              |   25|   0|   64|         39|
    |zext_ln311_reg_1576                                                |   27|   0|   64|         37|
    |zext_ln313_1_reg_1591                                              |   27|   0|   62|         35|
    |zext_ln313_reg_1600                                                |   25|   0|   52|         27|
    |zext_ln385_1_reg_1616                                              |   52|   0|   64|         12|
    |zext_ln385_2_reg_1621                                              |   52|   0|   64|         12|
    |zext_ln391_reg_1626                                                |   25|   0|   64|         39|
    +-------------------------------------------------------------------+-----+----+-----+-----------+
    |Total                                                              | 4573|   0| 4779|        206|
    +-------------------------------------------------------------------+-----+----+-----+-----------+



================================================================
== Interface
================================================================
* Summary: 
+--------------------------+-----+-----+------------+----------------+--------------+
|         RTL Ports        | Dir | Bits|  Protocol  |  Source Object |    C Type    |
+--------------------------+-----+-----+------------+----------------+--------------+
|s_axi_control_AWVALID     |   in|    1|       s_axi|         control|        scalar|
|s_axi_control_AWREADY     |  out|    1|       s_axi|         control|        scalar|
|s_axi_control_AWADDR      |   in|    8|       s_axi|         control|        scalar|
|s_axi_control_WVALID      |   in|    1|       s_axi|         control|        scalar|
|s_axi_control_WREADY      |  out|    1|       s_axi|         control|        scalar|
|s_axi_control_WDATA       |   in|   32|       s_axi|         control|        scalar|
|s_axi_control_WSTRB       |   in|    4|       s_axi|         control|        scalar|
|s_axi_control_ARVALID     |   in|    1|       s_axi|         control|        scalar|
|s_axi_control_ARREADY     |  out|    1|       s_axi|         control|        scalar|
|s_axi_control_ARADDR      |   in|    8|       s_axi|         control|        scalar|
|s_axi_control_RVALID      |  out|    1|       s_axi|         control|        scalar|
|s_axi_control_RREADY      |   in|    1|       s_axi|         control|        scalar|
|s_axi_control_RDATA       |  out|   32|       s_axi|         control|        scalar|
|s_axi_control_RRESP       |  out|    2|       s_axi|         control|        scalar|
|s_axi_control_BVALID      |  out|    1|       s_axi|         control|        scalar|
|s_axi_control_BREADY      |   in|    1|       s_axi|         control|        scalar|
|s_axi_control_BRESP       |  out|    2|       s_axi|         control|        scalar|
|ap_clk                    |   in|    1|  ap_ctrl_hs|  w4a8_linear_v1|  return value|
|ap_rst_n                  |   in|    1|  ap_ctrl_hs|  w4a8_linear_v1|  return value|
|interrupt                 |  out|    1|  ap_ctrl_hs|  w4a8_linear_v1|  return value|
|m_axi_gmem_w_AWVALID      |  out|    1|       m_axi|          gmem_w|       pointer|
|m_axi_gmem_w_AWREADY      |   in|    1|       m_axi|          gmem_w|       pointer|
|m_axi_gmem_w_AWADDR       |  out|   64|       m_axi|          gmem_w|       pointer|
|m_axi_gmem_w_AWID         |  out|    1|       m_axi|          gmem_w|       pointer|
|m_axi_gmem_w_AWLEN        |  out|    8|       m_axi|          gmem_w|       pointer|
|m_axi_gmem_w_AWSIZE       |  out|    3|       m_axi|          gmem_w|       pointer|
|m_axi_gmem_w_AWBURST      |  out|    2|       m_axi|          gmem_w|       pointer|
|m_axi_gmem_w_AWLOCK       |  out|    2|       m_axi|          gmem_w|       pointer|
|m_axi_gmem_w_AWCACHE      |  out|    4|       m_axi|          gmem_w|       pointer|
|m_axi_gmem_w_AWPROT       |  out|    3|       m_axi|          gmem_w|       pointer|
|m_axi_gmem_w_AWQOS        |  out|    4|       m_axi|          gmem_w|       pointer|
|m_axi_gmem_w_AWREGION     |  out|    4|       m_axi|          gmem_w|       pointer|
|m_axi_gmem_w_AWUSER       |  out|    1|       m_axi|          gmem_w|       pointer|
|m_axi_gmem_w_WVALID       |  out|    1|       m_axi|          gmem_w|       pointer|
|m_axi_gmem_w_WREADY       |   in|    1|       m_axi|          gmem_w|       pointer|
|m_axi_gmem_w_WDATA        |  out|  128|       m_axi|          gmem_w|       pointer|
|m_axi_gmem_w_WSTRB        |  out|   16|       m_axi|          gmem_w|       pointer|
|m_axi_gmem_w_WLAST        |  out|    1|       m_axi|          gmem_w|       pointer|
|m_axi_gmem_w_WID          |  out|    1|       m_axi|          gmem_w|       pointer|
|m_axi_gmem_w_WUSER        |  out|    1|       m_axi|          gmem_w|       pointer|
|m_axi_gmem_w_ARVALID      |  out|    1|       m_axi|          gmem_w|       pointer|
|m_axi_gmem_w_ARREADY      |   in|    1|       m_axi|          gmem_w|       pointer|
|m_axi_gmem_w_ARADDR       |  out|   64|       m_axi|          gmem_w|       pointer|
|m_axi_gmem_w_ARID         |  out|    1|       m_axi|          gmem_w|       pointer|
|m_axi_gmem_w_ARLEN        |  out|    8|       m_axi|          gmem_w|       pointer|
|m_axi_gmem_w_ARSIZE       |  out|    3|       m_axi|          gmem_w|       pointer|
|m_axi_gmem_w_ARBURST      |  out|    2|       m_axi|          gmem_w|       pointer|
|m_axi_gmem_w_ARLOCK       |  out|    2|       m_axi|          gmem_w|       pointer|
|m_axi_gmem_w_ARCACHE      |  out|    4|       m_axi|          gmem_w|       pointer|
|m_axi_gmem_w_ARPROT       |  out|    3|       m_axi|          gmem_w|       pointer|
|m_axi_gmem_w_ARQOS        |  out|    4|       m_axi|          gmem_w|       pointer|
|m_axi_gmem_w_ARREGION     |  out|    4|       m_axi|          gmem_w|       pointer|
|m_axi_gmem_w_ARUSER       |  out|    1|       m_axi|          gmem_w|       pointer|
|m_axi_gmem_w_RVALID       |   in|    1|       m_axi|          gmem_w|       pointer|
|m_axi_gmem_w_RREADY       |  out|    1|       m_axi|          gmem_w|       pointer|
|m_axi_gmem_w_RDATA        |   in|  128|       m_axi|          gmem_w|       pointer|
|m_axi_gmem_w_RLAST        |   in|    1|       m_axi|          gmem_w|       pointer|
|m_axi_gmem_w_RID          |   in|    1|       m_axi|          gmem_w|       pointer|
|m_axi_gmem_w_RUSER        |   in|    1|       m_axi|          gmem_w|       pointer|
|m_axi_gmem_w_RRESP        |   in|    2|       m_axi|          gmem_w|       pointer|
|m_axi_gmem_w_BVALID       |   in|    1|       m_axi|          gmem_w|       pointer|
|m_axi_gmem_w_BREADY       |  out|    1|       m_axi|          gmem_w|       pointer|
|m_axi_gmem_w_BRESP        |   in|    2|       m_axi|          gmem_w|       pointer|
|m_axi_gmem_w_BID          |   in|    1|       m_axi|          gmem_w|       pointer|
|m_axi_gmem_w_BUSER        |   in|    1|       m_axi|          gmem_w|       pointer|
|m_axi_gmem_sw_AWVALID     |  out|    1|       m_axi|         gmem_sw|       pointer|
|m_axi_gmem_sw_AWREADY     |   in|    1|       m_axi|         gmem_sw|       pointer|
|m_axi_gmem_sw_AWADDR      |  out|   64|       m_axi|         gmem_sw|       pointer|
|m_axi_gmem_sw_AWID        |  out|    1|       m_axi|         gmem_sw|       pointer|
|m_axi_gmem_sw_AWLEN       |  out|    8|       m_axi|         gmem_sw|       pointer|
|m_axi_gmem_sw_AWSIZE      |  out|    3|       m_axi|         gmem_sw|       pointer|
|m_axi_gmem_sw_AWBURST     |  out|    2|       m_axi|         gmem_sw|       pointer|
|m_axi_gmem_sw_AWLOCK      |  out|    2|       m_axi|         gmem_sw|       pointer|
|m_axi_gmem_sw_AWCACHE     |  out|    4|       m_axi|         gmem_sw|       pointer|
|m_axi_gmem_sw_AWPROT      |  out|    3|       m_axi|         gmem_sw|       pointer|
|m_axi_gmem_sw_AWQOS       |  out|    4|       m_axi|         gmem_sw|       pointer|
|m_axi_gmem_sw_AWREGION    |  out|    4|       m_axi|         gmem_sw|       pointer|
|m_axi_gmem_sw_AWUSER      |  out|    1|       m_axi|         gmem_sw|       pointer|
|m_axi_gmem_sw_WVALID      |  out|    1|       m_axi|         gmem_sw|       pointer|
|m_axi_gmem_sw_WREADY      |   in|    1|       m_axi|         gmem_sw|       pointer|
|m_axi_gmem_sw_WDATA       |  out|   32|       m_axi|         gmem_sw|       pointer|
|m_axi_gmem_sw_WSTRB       |  out|    4|       m_axi|         gmem_sw|       pointer|
|m_axi_gmem_sw_WLAST       |  out|    1|       m_axi|         gmem_sw|       pointer|
|m_axi_gmem_sw_WID         |  out|    1|       m_axi|         gmem_sw|       pointer|
|m_axi_gmem_sw_WUSER       |  out|    1|       m_axi|         gmem_sw|       pointer|
|m_axi_gmem_sw_ARVALID     |  out|    1|       m_axi|         gmem_sw|       pointer|
|m_axi_gmem_sw_ARREADY     |   in|    1|       m_axi|         gmem_sw|       pointer|
|m_axi_gmem_sw_ARADDR      |  out|   64|       m_axi|         gmem_sw|       pointer|
|m_axi_gmem_sw_ARID        |  out|    1|       m_axi|         gmem_sw|       pointer|
|m_axi_gmem_sw_ARLEN       |  out|    8|       m_axi|         gmem_sw|       pointer|
|m_axi_gmem_sw_ARSIZE      |  out|    3|       m_axi|         gmem_sw|       pointer|
|m_axi_gmem_sw_ARBURST     |  out|    2|       m_axi|         gmem_sw|       pointer|
|m_axi_gmem_sw_ARLOCK      |  out|    2|       m_axi|         gmem_sw|       pointer|
|m_axi_gmem_sw_ARCACHE     |  out|    4|       m_axi|         gmem_sw|       pointer|
|m_axi_gmem_sw_ARPROT      |  out|    3|       m_axi|         gmem_sw|       pointer|
|m_axi_gmem_sw_ARQOS       |  out|    4|       m_axi|         gmem_sw|       pointer|
|m_axi_gmem_sw_ARREGION    |  out|    4|       m_axi|         gmem_sw|       pointer|
|m_axi_gmem_sw_ARUSER      |  out|    1|       m_axi|         gmem_sw|       pointer|
|m_axi_gmem_sw_RVALID      |   in|    1|       m_axi|         gmem_sw|       pointer|
|m_axi_gmem_sw_RREADY      |  out|    1|       m_axi|         gmem_sw|       pointer|
|m_axi_gmem_sw_RDATA       |   in|   32|       m_axi|         gmem_sw|       pointer|
|m_axi_gmem_sw_RLAST       |   in|    1|       m_axi|         gmem_sw|       pointer|
|m_axi_gmem_sw_RID         |   in|    1|       m_axi|         gmem_sw|       pointer|
|m_axi_gmem_sw_RUSER       |   in|    1|       m_axi|         gmem_sw|       pointer|
|m_axi_gmem_sw_RRESP       |   in|    2|       m_axi|         gmem_sw|       pointer|
|m_axi_gmem_sw_BVALID      |   in|    1|       m_axi|         gmem_sw|       pointer|
|m_axi_gmem_sw_BREADY      |  out|    1|       m_axi|         gmem_sw|       pointer|
|m_axi_gmem_sw_BRESP       |   in|    2|       m_axi|         gmem_sw|       pointer|
|m_axi_gmem_sw_BID         |   in|    1|       m_axi|         gmem_sw|       pointer|
|m_axi_gmem_sw_BUSER       |   in|    1|       m_axi|         gmem_sw|       pointer|
|m_axi_gmem_x_AWVALID      |  out|    1|       m_axi|          gmem_x|       pointer|
|m_axi_gmem_x_AWREADY      |   in|    1|       m_axi|          gmem_x|       pointer|
|m_axi_gmem_x_AWADDR       |  out|   64|       m_axi|          gmem_x|       pointer|
|m_axi_gmem_x_AWID         |  out|    1|       m_axi|          gmem_x|       pointer|
|m_axi_gmem_x_AWLEN        |  out|    8|       m_axi|          gmem_x|       pointer|
|m_axi_gmem_x_AWSIZE       |  out|    3|       m_axi|          gmem_x|       pointer|
|m_axi_gmem_x_AWBURST      |  out|    2|       m_axi|          gmem_x|       pointer|
|m_axi_gmem_x_AWLOCK       |  out|    2|       m_axi|          gmem_x|       pointer|
|m_axi_gmem_x_AWCACHE      |  out|    4|       m_axi|          gmem_x|       pointer|
|m_axi_gmem_x_AWPROT       |  out|    3|       m_axi|          gmem_x|       pointer|
|m_axi_gmem_x_AWQOS        |  out|    4|       m_axi|          gmem_x|       pointer|
|m_axi_gmem_x_AWREGION     |  out|    4|       m_axi|          gmem_x|       pointer|
|m_axi_gmem_x_AWUSER       |  out|    1|       m_axi|          gmem_x|       pointer|
|m_axi_gmem_x_WVALID       |  out|    1|       m_axi|          gmem_x|       pointer|
|m_axi_gmem_x_WREADY       |   in|    1|       m_axi|          gmem_x|       pointer|
|m_axi_gmem_x_WDATA        |  out|  512|       m_axi|          gmem_x|       pointer|
|m_axi_gmem_x_WSTRB        |  out|   64|       m_axi|          gmem_x|       pointer|
|m_axi_gmem_x_WLAST        |  out|    1|       m_axi|          gmem_x|       pointer|
|m_axi_gmem_x_WID          |  out|    1|       m_axi|          gmem_x|       pointer|
|m_axi_gmem_x_WUSER        |  out|    1|       m_axi|          gmem_x|       pointer|
|m_axi_gmem_x_ARVALID      |  out|    1|       m_axi|          gmem_x|       pointer|
|m_axi_gmem_x_ARREADY      |   in|    1|       m_axi|          gmem_x|       pointer|
|m_axi_gmem_x_ARADDR       |  out|   64|       m_axi|          gmem_x|       pointer|
|m_axi_gmem_x_ARID         |  out|    1|       m_axi|          gmem_x|       pointer|
|m_axi_gmem_x_ARLEN        |  out|    8|       m_axi|          gmem_x|       pointer|
|m_axi_gmem_x_ARSIZE       |  out|    3|       m_axi|          gmem_x|       pointer|
|m_axi_gmem_x_ARBURST      |  out|    2|       m_axi|          gmem_x|       pointer|
|m_axi_gmem_x_ARLOCK       |  out|    2|       m_axi|          gmem_x|       pointer|
|m_axi_gmem_x_ARCACHE      |  out|    4|       m_axi|          gmem_x|       pointer|
|m_axi_gmem_x_ARPROT       |  out|    3|       m_axi|          gmem_x|       pointer|
|m_axi_gmem_x_ARQOS        |  out|    4|       m_axi|          gmem_x|       pointer|
|m_axi_gmem_x_ARREGION     |  out|    4|       m_axi|          gmem_x|       pointer|
|m_axi_gmem_x_ARUSER       |  out|    1|       m_axi|          gmem_x|       pointer|
|m_axi_gmem_x_RVALID       |   in|    1|       m_axi|          gmem_x|       pointer|
|m_axi_gmem_x_RREADY       |  out|    1|       m_axi|          gmem_x|       pointer|
|m_axi_gmem_x_RDATA        |   in|  512|       m_axi|          gmem_x|       pointer|
|m_axi_gmem_x_RLAST        |   in|    1|       m_axi|          gmem_x|       pointer|
|m_axi_gmem_x_RID          |   in|    1|       m_axi|          gmem_x|       pointer|
|m_axi_gmem_x_RUSER        |   in|    1|       m_axi|          gmem_x|       pointer|
|m_axi_gmem_x_RRESP        |   in|    2|       m_axi|          gmem_x|       pointer|
|m_axi_gmem_x_BVALID       |   in|    1|       m_axi|          gmem_x|       pointer|
|m_axi_gmem_x_BREADY       |  out|    1|       m_axi|          gmem_x|       pointer|
|m_axi_gmem_x_BRESP        |   in|    2|       m_axi|          gmem_x|       pointer|
|m_axi_gmem_x_BID          |   in|    1|       m_axi|          gmem_x|       pointer|
|m_axi_gmem_x_BUSER        |   in|    1|       m_axi|          gmem_x|       pointer|
|m_axi_gmem_y_AWVALID      |  out|    1|       m_axi|          gmem_y|       pointer|
|m_axi_gmem_y_AWREADY      |   in|    1|       m_axi|          gmem_y|       pointer|
|m_axi_gmem_y_AWADDR       |  out|   64|       m_axi|          gmem_y|       pointer|
|m_axi_gmem_y_AWID         |  out|    1|       m_axi|          gmem_y|       pointer|
|m_axi_gmem_y_AWLEN        |  out|    8|       m_axi|          gmem_y|       pointer|
|m_axi_gmem_y_AWSIZE       |  out|    3|       m_axi|          gmem_y|       pointer|
|m_axi_gmem_y_AWBURST      |  out|    2|       m_axi|          gmem_y|       pointer|
|m_axi_gmem_y_AWLOCK       |  out|    2|       m_axi|          gmem_y|       pointer|
|m_axi_gmem_y_AWCACHE      |  out|    4|       m_axi|          gmem_y|       pointer|
|m_axi_gmem_y_AWPROT       |  out|    3|       m_axi|          gmem_y|       pointer|
|m_axi_gmem_y_AWQOS        |  out|    4|       m_axi|          gmem_y|       pointer|
|m_axi_gmem_y_AWREGION     |  out|    4|       m_axi|          gmem_y|       pointer|
|m_axi_gmem_y_AWUSER       |  out|    1|       m_axi|          gmem_y|       pointer|
|m_axi_gmem_y_WVALID       |  out|    1|       m_axi|          gmem_y|       pointer|
|m_axi_gmem_y_WREADY       |   in|    1|       m_axi|          gmem_y|       pointer|
|m_axi_gmem_y_WDATA        |  out|   32|       m_axi|          gmem_y|       pointer|
|m_axi_gmem_y_WSTRB        |  out|    4|       m_axi|          gmem_y|       pointer|
|m_axi_gmem_y_WLAST        |  out|    1|       m_axi|          gmem_y|       pointer|
|m_axi_gmem_y_WID          |  out|    1|       m_axi|          gmem_y|       pointer|
|m_axi_gmem_y_WUSER        |  out|    1|       m_axi|          gmem_y|       pointer|
|m_axi_gmem_y_ARVALID      |  out|    1|       m_axi|          gmem_y|       pointer|
|m_axi_gmem_y_ARREADY      |   in|    1|       m_axi|          gmem_y|       pointer|
|m_axi_gmem_y_ARADDR       |  out|   64|       m_axi|          gmem_y|       pointer|
|m_axi_gmem_y_ARID         |  out|    1|       m_axi|          gmem_y|       pointer|
|m_axi_gmem_y_ARLEN        |  out|    8|       m_axi|          gmem_y|       pointer|
|m_axi_gmem_y_ARSIZE       |  out|    3|       m_axi|          gmem_y|       pointer|
|m_axi_gmem_y_ARBURST      |  out|    2|       m_axi|          gmem_y|       pointer|
|m_axi_gmem_y_ARLOCK       |  out|    2|       m_axi|          gmem_y|       pointer|
|m_axi_gmem_y_ARCACHE      |  out|    4|       m_axi|          gmem_y|       pointer|
|m_axi_gmem_y_ARPROT       |  out|    3|       m_axi|          gmem_y|       pointer|
|m_axi_gmem_y_ARQOS        |  out|    4|       m_axi|          gmem_y|       pointer|
|m_axi_gmem_y_ARREGION     |  out|    4|       m_axi|          gmem_y|       pointer|
|m_axi_gmem_y_ARUSER       |  out|    1|       m_axi|          gmem_y|       pointer|
|m_axi_gmem_y_RVALID       |   in|    1|       m_axi|          gmem_y|       pointer|
|m_axi_gmem_y_RREADY       |  out|    1|       m_axi|          gmem_y|       pointer|
|m_axi_gmem_y_RDATA        |   in|   32|       m_axi|          gmem_y|       pointer|
|m_axi_gmem_y_RLAST        |   in|    1|       m_axi|          gmem_y|       pointer|
|m_axi_gmem_y_RID          |   in|    1|       m_axi|          gmem_y|       pointer|
|m_axi_gmem_y_RUSER        |   in|    1|       m_axi|          gmem_y|       pointer|
|m_axi_gmem_y_RRESP        |   in|    2|       m_axi|          gmem_y|       pointer|
|m_axi_gmem_y_BVALID       |   in|    1|       m_axi|          gmem_y|       pointer|
|m_axi_gmem_y_BREADY       |  out|    1|       m_axi|          gmem_y|       pointer|
|m_axi_gmem_y_BRESP        |   in|    2|       m_axi|          gmem_y|       pointer|
|m_axi_gmem_y_BID          |   in|    1|       m_axi|          gmem_y|       pointer|
|m_axi_gmem_y_BUSER        |   in|    1|       m_axi|          gmem_y|       pointer|
|m_axi_gmem_meta_AWVALID   |  out|    1|       m_axi|       gmem_meta|       pointer|
|m_axi_gmem_meta_AWREADY   |   in|    1|       m_axi|       gmem_meta|       pointer|
|m_axi_gmem_meta_AWADDR    |  out|   64|       m_axi|       gmem_meta|       pointer|
|m_axi_gmem_meta_AWID      |  out|    1|       m_axi|       gmem_meta|       pointer|
|m_axi_gmem_meta_AWLEN     |  out|    8|       m_axi|       gmem_meta|       pointer|
|m_axi_gmem_meta_AWSIZE    |  out|    3|       m_axi|       gmem_meta|       pointer|
|m_axi_gmem_meta_AWBURST   |  out|    2|       m_axi|       gmem_meta|       pointer|
|m_axi_gmem_meta_AWLOCK    |  out|    2|       m_axi|       gmem_meta|       pointer|
|m_axi_gmem_meta_AWCACHE   |  out|    4|       m_axi|       gmem_meta|       pointer|
|m_axi_gmem_meta_AWPROT    |  out|    3|       m_axi|       gmem_meta|       pointer|
|m_axi_gmem_meta_AWQOS     |  out|    4|       m_axi|       gmem_meta|       pointer|
|m_axi_gmem_meta_AWREGION  |  out|    4|       m_axi|       gmem_meta|       pointer|
|m_axi_gmem_meta_AWUSER    |  out|    1|       m_axi|       gmem_meta|       pointer|
|m_axi_gmem_meta_WVALID    |  out|    1|       m_axi|       gmem_meta|       pointer|
|m_axi_gmem_meta_WREADY    |   in|    1|       m_axi|       gmem_meta|       pointer|
|m_axi_gmem_meta_WDATA     |  out|  512|       m_axi|       gmem_meta|       pointer|
|m_axi_gmem_meta_WSTRB     |  out|   64|       m_axi|       gmem_meta|       pointer|
|m_axi_gmem_meta_WLAST     |  out|    1|       m_axi|       gmem_meta|       pointer|
|m_axi_gmem_meta_WID       |  out|    1|       m_axi|       gmem_meta|       pointer|
|m_axi_gmem_meta_WUSER     |  out|    1|       m_axi|       gmem_meta|       pointer|
|m_axi_gmem_meta_ARVALID   |  out|    1|       m_axi|       gmem_meta|       pointer|
|m_axi_gmem_meta_ARREADY   |   in|    1|       m_axi|       gmem_meta|       pointer|
|m_axi_gmem_meta_ARADDR    |  out|   64|       m_axi|       gmem_meta|       pointer|
|m_axi_gmem_meta_ARID      |  out|    1|       m_axi|       gmem_meta|       pointer|
|m_axi_gmem_meta_ARLEN     |  out|    8|       m_axi|       gmem_meta|       pointer|
|m_axi_gmem_meta_ARSIZE    |  out|    3|       m_axi|       gmem_meta|       pointer|
|m_axi_gmem_meta_ARBURST   |  out|    2|       m_axi|       gmem_meta|       pointer|
|m_axi_gmem_meta_ARLOCK    |  out|    2|       m_axi|       gmem_meta|       pointer|
|m_axi_gmem_meta_ARCACHE   |  out|    4|       m_axi|       gmem_meta|       pointer|
|m_axi_gmem_meta_ARPROT    |  out|    3|       m_axi|       gmem_meta|       pointer|
|m_axi_gmem_meta_ARQOS     |  out|    4|       m_axi|       gmem_meta|       pointer|
|m_axi_gmem_meta_ARREGION  |  out|    4|       m_axi|       gmem_meta|       pointer|
|m_axi_gmem_meta_ARUSER    |  out|    1|       m_axi|       gmem_meta|       pointer|
|m_axi_gmem_meta_RVALID    |   in|    1|       m_axi|       gmem_meta|       pointer|
|m_axi_gmem_meta_RREADY    |  out|    1|       m_axi|       gmem_meta|       pointer|
|m_axi_gmem_meta_RDATA     |   in|  512|       m_axi|       gmem_meta|       pointer|
|m_axi_gmem_meta_RLAST     |   in|    1|       m_axi|       gmem_meta|       pointer|
|m_axi_gmem_meta_RID       |   in|    1|       m_axi|       gmem_meta|       pointer|
|m_axi_gmem_meta_RUSER     |   in|    1|       m_axi|       gmem_meta|       pointer|
|m_axi_gmem_meta_RRESP     |   in|    2|       m_axi|       gmem_meta|       pointer|
|m_axi_gmem_meta_BVALID    |   in|    1|       m_axi|       gmem_meta|       pointer|
|m_axi_gmem_meta_BREADY    |  out|    1|       m_axi|       gmem_meta|       pointer|
|m_axi_gmem_meta_BRESP     |   in|    2|       m_axi|       gmem_meta|       pointer|
|m_axi_gmem_meta_BID       |   in|    1|       m_axi|       gmem_meta|       pointer|
|m_axi_gmem_meta_BUSER     |   in|    1|       m_axi|       gmem_meta|       pointer|
+--------------------------+-----+-----+------------+----------------+--------------+

