TRANSACTION index=0 case=hand_sample T=1 N=2 K=2 job=1000
TRANSACTION index=1 case=hand_sample T=1 N=2 K=2 job=7777
METRICS case=hand_sample max_abs=0 nrmse=0 atol=1e-06 rtol=0
PASS case=hand_sample T=1 N=2 K=2 source=synthetic seed=1
TRANSACTION index=2 case=tile_random T=1 N=32 K=128 job=1002
METRICS case=tile_random max_abs=0 nrmse=0 atol=1e-06 rtol=0
PASS case=tile_random T=1 N=32 K=128 source=synthetic seed=539365377
TRANSACTION index=3 case=nk_tail T=1 N=33 K=129 job=1003
METRICS case=nk_tail max_abs=0 nrmse=0 atol=1e-06 rtol=0
PASS case=nk_tail T=1 N=33 K=129 source=synthetic seed=539365378
TRANSACTION index=4 case=three_groups T=1 N=65 K=257 job=1004
METRICS case=three_groups max_abs=0 nrmse=0 atol=1e-06 rtol=0
PASS case=three_groups T=1 N=65 K=257 source=synthetic seed=539365379
TRANSACTION index=5 case=single T=1 N=1 K=1 job=1005
METRICS case=single max_abs=0 nrmse=0 atol=1e-06 rtol=0
PASS case=single T=1 N=1 K=1 source=synthetic seed=539365380
TRANSACTION index=6 case=zeros T=1 N=33 K=129 job=1006
METRICS case=zeros max_abs=0 nrmse=0 atol=1e-06 rtol=0
PASS case=zeros T=1 N=33 K=129 source=synthetic seed=539365381
TRANSACTION index=7 case=extremes T=1 N=32 K=128 job=1007
METRICS case=extremes max_abs=0 nrmse=0 atol=1e-06 rtol=0
PASS case=extremes T=1 N=32 K=128 source=synthetic seed=539365382
TRANSACTION index=8 case=t4_compat T=4 N=33 K=129 job=1008
METRICS case=t4_compat max_abs=0 nrmse=0 atol=1e-06 rtol=0
PASS case=t4_compat T=4 N=33 K=129 source=synthetic seed=539365383
TRANSACTION index=9 case=t8_compat T=8 N=1 K=1 job=1009
METRICS case=t8_compat max_abs=0 nrmse=0 atol=1e-06 rtol=0
PASS case=t8_compat T=8 N=1 K=1 source=synthetic seed=539365384
TRANSACTION index=10 case=nonbinary_scale T=1 N=32 K=128 job=1010
METRICS case=nonbinary_scale max_abs=0 nrmse=0 atol=1e-06 rtol=0
PASS case=nonbinary_scale T=1 N=32 K=128 source=synthetic seed=539365385
TRANSACTION index=11 case=padding_reserved T=1 N=1 K=1 job=1011
METRICS case=padding_reserved max_abs=0 nrmse=0 atol=1e-06 rtol=0
PASS case=padding_reserved T=1 N=1 K=1 source=synthetic seed=17
PASS quantization checks=27 execution=HOST_REFERENCE
PASS host_rejection=zero_job public_status=1 kernel_started=false output_consumed=false
PASS host_rejection=zero_t public_status=1 kernel_started=false output_consumed=false
PASS host_rejection=t_overflow public_status=1 kernel_started=false output_consumed=false
PASS host_rejection=n_overflow public_status=1 kernel_started=false output_consumed=false
PASS host_rejection=zero_k public_status=1 kernel_started=false output_consumed=false
PASS host_rejection=null_weight public_status=1 kernel_started=false output_consumed=false
PASS host_rejection=null_sw public_status=1 kernel_started=false output_consumed=false
PASS host_rejection=null_x public_status=1 kernel_started=false output_consumed=false
PASS host_rejection=null_sx public_status=1 kernel_started=false output_consumed=false
PASS host_rejection=null_y public_status=1 kernel_started=false output_consumed=false
PASS host_rejection=short_weight public_status=3 kernel_started=false output_consumed=false
PASS host_rejection=short_sw public_status=3 kernel_started=false output_consumed=false
PASS host_rejection=short_x public_status=3 kernel_started=false output_consumed=false
PASS host_rejection=short_sx public_status=3 kernel_started=false output_consumed=false
PASS host_rejection=short_y public_status=3 kernel_started=false output_consumed=false
PASS host_rejection=reserved_a8 public_status=9 kernel_started=false output_consumed=false
PASS host_rejection=activation_padding public_status=9 kernel_started=false output_consumed=false
PASS host_rejection=reserved_w4_low public_status=9 kernel_started=false output_consumed=false
PASS host_rejection=reserved_w4_high public_status=9 kernel_started=false output_consumed=false
PASS host_rejection=weight_k_padding public_status=9 kernel_started=false output_consumed=false
PASS host_rejection=weight_n_padding public_status=9 kernel_started=false output_consumed=false
PASS host_rejection=scale_padding public_status=9 kernel_started=false output_consumed=false
PASS host_rejection=sw_zero public_status=9 kernel_started=false output_consumed=false
PASS host_rejection=sx_zero public_status=9 kernel_started=false output_consumed=false
PASS host_rejection=sw_negative public_status=9 kernel_started=false output_consumed=false
PASS host_rejection=sx_negative public_status=9 kernel_started=false output_consumed=false
PASS host_rejection=sw_nan public_status=9 kernel_started=false output_consumed=false
PASS host_rejection=sx_nan public_status=9 kernel_started=false output_consumed=false
PASS host_rejection=sw_positive_inf public_status=9 kernel_started=false output_consumed=false
PASS host_rejection=sx_positive_inf public_status=9 kernel_started=false output_consumed=false
PASS host_rejection=sw_negative_inf public_status=9 kernel_started=false output_consumed=false
PASS host_rejection=sx_negative_inf public_status=9 kernel_started=false output_consumed=false
PASS host_validation rejection_cases=32 domain=HOST_ADAPTER
TRANSACTION index=12 case=repeat_jobs T=2 N=33 K=129 job=1012
TRANSACTION index=13 case=repeat_jobs T=2 N=33 K=129 job=7777
METRICS case=repeat_jobs max_abs=0 nrmse=0 atol=1e-06 rtol=0
PASS case=repeat_jobs T=2 N=33 K=129 source=synthetic seed=539365410
TRANSACTION index=14 case=repeat_jobs T=2 N=33 K=129 job=7777
TRANSACTION index=15 case=repeat_jobs T=2 N=33 K=129 job=8888
TRANSACTION index=16 case=repeat_jobs T=2 N=33 K=129 job=8888
TRANSACTION index=17 case=repeat_jobs T=2 N=33 K=129 job=9999
PASS repeat_jobs same_and_different=verified successes=5 rejected=1 kernel_count=46 output_consumed_on_error=false
TRANSACTION index=18 case=errors T=1 N=33 K=129 job=9001
TRANSACTION index=19 case=errors T=1 N=33 K=129 job=9002
TRANSACTION index=20 case=errors T=1 N=33 K=129 job=9003
TRANSACTION index=21 case=errors T=1 N=33 K=129 job=9004
TRANSACTION index=22 case=high_reserved T=1 N=2 K=1 job=9005
PASS errors=bad_abi,bad_length,bad_dimension,late_reserved_code,high_nibble
TRANSACTION index=23 case=prefill_tail_t2 T=2 N=65 K=257 job=1023
METRICS case=prefill_tail_t2 max_abs=0 nrmse=0 atol=0.0001 rtol=1e-05
PASS case=prefill_tail_t2 T=2 N=65 K=257 source=synthetic seed=539365381
TRANSACTION index=24 case=prefill_tail_t3 T=3 N=65 K=257 job=1024
METRICS case=prefill_tail_t3 max_abs=0 nrmse=0 atol=0.0001 rtol=1e-05
PASS case=prefill_tail_t3 T=3 N=65 K=257 source=synthetic seed=539365382
TRANSACTION index=25 case=prefill_tail_t5 T=5 N=65 K=257 job=1025
METRICS case=prefill_tail_t5 max_abs=0 nrmse=0 atol=0.0001 rtol=1e-05
PASS case=prefill_tail_t5 T=5 N=65 K=257 source=synthetic seed=539365384
TRANSACTION index=26 case=prefill_tail_t6 T=6 N=65 K=257 job=1026
METRICS case=prefill_tail_t6 max_abs=0 nrmse=0 atol=0.0001 rtol=1e-05
PASS case=prefill_tail_t6 T=6 N=65 K=257 source=synthetic seed=539365385
TRANSACTION index=27 case=prefill_tail_t7 T=7 N=65 K=257 job=1027
METRICS case=prefill_tail_t7 max_abs=0 nrmse=0 atol=0.0001 rtol=1e-05
PASS case=prefill_tail_t7 T=7 N=65 K=257 source=synthetic seed=539365386
TRANSACTION index=28 case=prefill_tail_t8 T=8 N=65 K=257 job=1028
TRANSACTION index=29 case=prefill_tail_t8 T=8 N=65 K=257 job=7777
METRICS case=prefill_tail_t8 max_abs=0 nrmse=0 atol=0.0001 rtol=1e-05
PASS case=prefill_tail_t8 T=8 N=65 K=257 source=synthetic seed=539365387
B03 PASS suite=smoke source=synthetic transactions=30 int32_partial_checks=6876 fp32_output_checks=4032
