Vivado Simulator v2026.1
Copyright 1986-2022 Xilinx, Inc. All Rights Reserved.
Copyright 2022-2026 Advanced Micro Devices, Inc. All Rights Reserved.
Running: D:/2026.1/2026.1/Vivado/bin/unwrapped/win64.o/xelab.exe xil_defaultlib.apatb_w4a8_linear_v1_top xil_defaultlib.glbl -Oenable_linking_all_libraries -prj w4a8_linear_v1.prj -L smartconnect_v1_0 -L axi_protocol_checker_v1_1_12 -L axi_protocol_checker_v1_1_13 -L axis_protocol_checker_v1_1_11 -L axis_protocol_checker_v1_1_12 -L xil_defaultlib -L unisims_ver -L xpm -L floating_point_v7_1_22 -L floating_point_v7_0_27 --lib ieee_proposed=./ieee_proposed -L uvm -relax -i ./svr -i ./axivip -i ./svtb -i ./file_agent -i ./w4a8_linear_v1_subsystem -s w4a8_linear_v1 -debug all 
Multi-threading is on. Using 16 slave threads.
Determining compilation order of HDL files.
WARNING: [XSIM 43-3431] One or more environment variables have been detected which affect the operation of the C compiler. These are typically not set in standard installations and are not tested by AMD, however they may be appropriate for your system, so the flow will attempt to continue.  If errors occur, try running xelab with the "-mt off -v 1" switches to see more information from the C compiler. The following environment variables have been detected:
INFO: [VRFC 10-2263] Analyzing SystemVerilog file "D:/KV260-project-HLS/b_qwen35/build/b03_baseline_hls/hls/sim/verilog/glbl.v" into library xil_defaultlib
INFO: [VRFC 10-311] analyzing module glbl
INFO: [VRFC 10-2263] Analyzing SystemVerilog file "D:/KV260-project-HLS/b_qwen35/build/b03_baseline_hls/hls/sim/verilog/w4a8_linear_v1.autotb.v" into library xil_defaultlib
INFO: [VRFC 10-311] analyzing module apatb_w4a8_linear_v1_top
INFO: [VRFC 10-2263] Analyzing SystemVerilog file "D:/KV260-project-HLS/b_qwen35/build/b03_baseline_hls/hls/sim/verilog/w4a8_linear_v1.v" into library xil_defaultlib
INFO: [VRFC 10-311] analyzing module w4a8_linear_v1
INFO: [VRFC 10-2263] Analyzing SystemVerilog file "D:/KV260-project-HLS/b_qwen35/build/b03_baseline_hls/hls/sim/verilog/w4a8_linear_v1_control_s_axi.v" into library xil_defaultlib
INFO: [VRFC 10-311] analyzing module w4a8_linear_v1_control_s_axi
INFO: [VRFC 10-2263] Analyzing SystemVerilog file "D:/KV260-project-HLS/b_qwen35/build/b03_baseline_hls/hls/sim/verilog/w4a8_linear_v1_fadd_32ns_32ns_32_6_full_dsp_1.v" into library xil_defaultlib
INFO: [VRFC 10-311] analyzing module w4a8_linear_v1_fadd_32ns_32ns_32_6_full_dsp_1
INFO: [VRFC 10-2263] Analyzing SystemVerilog file "D:/KV260-project-HLS/b_qwen35/build/b03_baseline_hls/hls/sim/verilog/w4a8_linear_v1_flow_control_loop_pipe_sequential_init.v" into library xil_defaultlib
INFO: [VRFC 10-311] analyzing module w4a8_linear_v1_flow_control_loop_pipe_sequential_init
INFO: [VRFC 10-2263] Analyzing SystemVerilog file "D:/KV260-project-HLS/b_qwen35/build/b03_baseline_hls/hls/sim/verilog/w4a8_linear_v1_fmul_32ns_32ns_32_4_max_dsp_1.v" into library xil_defaultlib
INFO: [VRFC 10-311] analyzing module w4a8_linear_v1_fmul_32ns_32ns_32_4_max_dsp_1
INFO: [VRFC 10-2263] Analyzing SystemVerilog file "D:/KV260-project-HLS/b_qwen35/build/b03_baseline_hls/hls/sim/verilog/w4a8_linear_v1_gmem_meta_m_axi.v" into library xil_defaultlib
INFO: [VRFC 10-311] analyzing module w4a8_linear_v1_gmem_meta_m_axi
INFO: [VRFC 10-311] analyzing module w4a8_linear_v1_gmem_meta_m_axi_load
INFO: [VRFC 10-311] analyzing module w4a8_linear_v1_gmem_meta_m_axi_store
INFO: [VRFC 10-311] analyzing module w4a8_linear_v1_gmem_meta_m_axi_read
INFO: [VRFC 10-311] analyzing module w4a8_linear_v1_gmem_meta_m_axi_write
INFO: [VRFC 10-311] analyzing module w4a8_linear_v1_gmem_meta_m_axi_burst_converter
INFO: [VRFC 10-311] analyzing module w4a8_linear_v1_gmem_meta_m_axi_burst_interleave
INFO: [VRFC 10-311] analyzing module w4a8_linear_v1_gmem_meta_m_axi_burst_sequential
INFO: [VRFC 10-311] analyzing module w4a8_linear_v1_gmem_meta_m_axi_throttle
INFO: [VRFC 10-311] analyzing module w4a8_linear_v1_gmem_meta_m_axi_reg_slice
INFO: [VRFC 10-311] analyzing module w4a8_linear_v1_gmem_meta_m_axi_fifo
INFO: [VRFC 10-311] analyzing module w4a8_linear_v1_gmem_meta_m_axi_srl
INFO: [VRFC 10-311] analyzing module w4a8_linear_v1_gmem_meta_m_axi_mem
INFO: [VRFC 10-2263] Analyzing SystemVerilog file "D:/KV260-project-HLS/b_qwen35/build/b03_baseline_hls/hls/sim/verilog/w4a8_linear_v1_gmem_sw_m_axi.v" into library xil_defaultlib
INFO: [VRFC 10-311] analyzing module w4a8_linear_v1_gmem_sw_m_axi
INFO: [VRFC 10-311] analyzing module w4a8_linear_v1_gmem_sw_m_axi_load
INFO: [VRFC 10-311] analyzing module w4a8_linear_v1_gmem_sw_m_axi_read
INFO: [VRFC 10-311] analyzing module w4a8_linear_v1_gmem_sw_m_axi_burst_converter
INFO: [VRFC 10-311] analyzing module w4a8_linear_v1_gmem_sw_m_axi_burst_interleave
INFO: [VRFC 10-311] analyzing module w4a8_linear_v1_gmem_sw_m_axi_burst_sequential
INFO: [VRFC 10-311] analyzing module w4a8_linear_v1_gmem_sw_m_axi_reg_slice
INFO: [VRFC 10-311] analyzing module w4a8_linear_v1_gmem_sw_m_axi_fifo
INFO: [VRFC 10-311] analyzing module w4a8_linear_v1_gmem_sw_m_axi_srl
INFO: [VRFC 10-311] analyzing module w4a8_linear_v1_gmem_sw_m_axi_mem
INFO: [VRFC 10-2263] Analyzing SystemVerilog file "D:/KV260-project-HLS/b_qwen35/build/b03_baseline_hls/hls/sim/verilog/w4a8_linear_v1_gmem_w_m_axi.v" into library xil_defaultlib
INFO: [VRFC 10-311] analyzing module w4a8_linear_v1_gmem_w_m_axi
INFO: [VRFC 10-311] analyzing module w4a8_linear_v1_gmem_w_m_axi_load
INFO: [VRFC 10-311] analyzing module w4a8_linear_v1_gmem_w_m_axi_read
INFO: [VRFC 10-311] analyzing module w4a8_linear_v1_gmem_w_m_axi_burst_converter
INFO: [VRFC 10-311] analyzing module w4a8_linear_v1_gmem_w_m_axi_burst_interleave
INFO: [VRFC 10-311] analyzing module w4a8_linear_v1_gmem_w_m_axi_burst_sequential
INFO: [VRFC 10-311] analyzing module w4a8_linear_v1_gmem_w_m_axi_reg_slice
INFO: [VRFC 10-311] analyzing module w4a8_linear_v1_gmem_w_m_axi_fifo
INFO: [VRFC 10-311] analyzing module w4a8_linear_v1_gmem_w_m_axi_srl
INFO: [VRFC 10-311] analyzing module w4a8_linear_v1_gmem_w_m_axi_mem
INFO: [VRFC 10-2263] Analyzing SystemVerilog file "D:/KV260-project-HLS/b_qwen35/build/b03_baseline_hls/hls/sim/verilog/w4a8_linear_v1_gmem_x_m_axi.v" into library xil_defaultlib
INFO: [VRFC 10-311] analyzing module w4a8_linear_v1_gmem_x_m_axi
INFO: [VRFC 10-311] analyzing module w4a8_linear_v1_gmem_x_m_axi_load
INFO: [VRFC 10-311] analyzing module w4a8_linear_v1_gmem_x_m_axi_read
INFO: [VRFC 10-311] analyzing module w4a8_linear_v1_gmem_x_m_axi_burst_converter
INFO: [VRFC 10-311] analyzing module w4a8_linear_v1_gmem_x_m_axi_burst_interleave
INFO: [VRFC 10-311] analyzing module w4a8_linear_v1_gmem_x_m_axi_burst_sequential
INFO: [VRFC 10-311] analyzing module w4a8_linear_v1_gmem_x_m_axi_reg_slice
INFO: [VRFC 10-311] analyzing module w4a8_linear_v1_gmem_x_m_axi_fifo
INFO: [VRFC 10-311] analyzing module w4a8_linear_v1_gmem_x_m_axi_srl
INFO: [VRFC 10-311] analyzing module w4a8_linear_v1_gmem_x_m_axi_mem
INFO: [VRFC 10-2263] Analyzing SystemVerilog file "D:/KV260-project-HLS/b_qwen35/build/b03_baseline_hls/hls/sim/verilog/w4a8_linear_v1_gmem_y_m_axi.v" into library xil_defaultlib
INFO: [VRFC 10-311] analyzing module w4a8_linear_v1_gmem_y_m_axi
INFO: [VRFC 10-311] analyzing module w4a8_linear_v1_gmem_y_m_axi_store
INFO: [VRFC 10-311] analyzing module w4a8_linear_v1_gmem_y_m_axi_write
INFO: [VRFC 10-311] analyzing module w4a8_linear_v1_gmem_y_m_axi_burst_converter
INFO: [VRFC 10-311] analyzing module w4a8_linear_v1_gmem_y_m_axi_burst_interleave
INFO: [VRFC 10-311] analyzing module w4a8_linear_v1_gmem_y_m_axi_burst_sequential
INFO: [VRFC 10-311] analyzing module w4a8_linear_v1_gmem_y_m_axi_throttle
INFO: [VRFC 10-311] analyzing module w4a8_linear_v1_gmem_y_m_axi_reg_slice
INFO: [VRFC 10-311] analyzing module w4a8_linear_v1_gmem_y_m_axi_fifo
INFO: [VRFC 10-311] analyzing module w4a8_linear_v1_gmem_y_m_axi_srl
INFO: [VRFC 10-311] analyzing module w4a8_linear_v1_gmem_y_m_axi_mem
INFO: [VRFC 10-2263] Analyzing SystemVerilog file "D:/KV260-project-HLS/b_qwen35/build/b03_baseline_hls/hls/sim/verilog/w4a8_linear_v1_mac_muladd_8s_4s_19s_19_4_1.v" into library xil_defaultlib
INFO: [VRFC 10-311] analyzing module w4a8_linear_v1_mac_muladd_8s_4s_19s_19_4_1_DSP48_0
INFO: [VRFC 10-311] analyzing module w4a8_linear_v1_mac_muladd_8s_4s_19s_19_4_1
INFO: [VRFC 10-2263] Analyzing SystemVerilog file "D:/KV260-project-HLS/b_qwen35/build/b03_baseline_hls/hls/sim/verilog/w4a8_linear_v1_mac_muladd_8s_5s_20s_20_4_1.v" into library xil_defaultlib
INFO: [VRFC 10-311] analyzing module w4a8_linear_v1_mac_muladd_8s_5s_20s_20_4_1_DSP48_0
INFO: [VRFC 10-311] analyzing module w4a8_linear_v1_mac_muladd_8s_5s_20s_20_4_1
INFO: [VRFC 10-2263] Analyzing SystemVerilog file "D:/KV260-project-HLS/b_qwen35/build/b03_baseline_hls/hls/sim/verilog/w4a8_linear_v1_mul_25ns_27ns_52_1_1.v" into library xil_defaultlib
INFO: [VRFC 10-311] analyzing module w4a8_linear_v1_mul_25ns_27ns_52_1_1
INFO: [VRFC 10-2263] Analyzing SystemVerilog file "D:/KV260-project-HLS/b_qwen35/build/b03_baseline_hls/hls/sim/verilog/w4a8_linear_v1_mul_32ns_25ns_57_1_1.v" into library xil_defaultlib
INFO: [VRFC 10-311] analyzing module w4a8_linear_v1_mul_32ns_25ns_57_1_1
INFO: [VRFC 10-2263] Analyzing SystemVerilog file "D:/KV260-project-HLS/b_qwen35/build/b03_baseline_hls/hls/sim/verilog/w4a8_linear_v1_mul_32ns_32ns_62_1_1.v" into library xil_defaultlib
INFO: [VRFC 10-311] analyzing module w4a8_linear_v1_mul_32ns_32ns_62_1_1
INFO: [VRFC 10-2263] Analyzing SystemVerilog file "D:/KV260-project-HLS/b_qwen35/build/b03_baseline_hls/hls/sim/verilog/w4a8_linear_v1_mul_32ns_32ns_64_1_1.v" into library xil_defaultlib
INFO: [VRFC 10-311] analyzing module w4a8_linear_v1_mul_32ns_32ns_64_1_1
INFO: [VRFC 10-2263] Analyzing SystemVerilog file "D:/KV260-project-HLS/b_qwen35/build/b03_baseline_hls/hls/sim/verilog/w4a8_linear_v1_p_anonymous_namespace_contains_invalid_w4.v" into library xil_defaultlib
INFO: [VRFC 10-311] analyzing module w4a8_linear_v1_p_anonymous_namespace_contains_invalid_w4
INFO: [VRFC 10-2263] Analyzing SystemVerilog file "D:/KV260-project-HLS/b_qwen35/build/b03_baseline_hls/hls/sim/verilog/w4a8_linear_v1_p_anonymous_namespace_contains_invalid_w4_Pipeline_VITIS_LOOP_105_3.v" into library xil_defaultlib
INFO: [VRFC 10-311] analyzing module w4a8_linear_v1_p_anonymous_namespace_contains_invalid_w4_Pipeline_VITIS_LOOP_105_3
INFO: [VRFC 10-2263] Analyzing SystemVerilog file "D:/KV260-project-HLS/b_qwen35/build/b03_baseline_hls/hls/sim/verilog/w4a8_linear_v1_p_anonymous_namespace_contains_invalid_w4_Pipeline_VITIS_LOOP_51_1.v" into library xil_defaultlib
INFO: [VRFC 10-311] analyzing module w4a8_linear_v1_p_anonymous_namespace_contains_invalid_w4_Pipeline_VITIS_LOOP_51_1
INFO: [VRFC 10-2263] Analyzing SystemVerilog file "D:/KV260-project-HLS/b_qwen35/build/b03_baseline_hls/hls/sim/verilog/w4a8_linear_v1_p_anonymous_namespace_contains_invalid_w4_weight_tile_RAM_AUTO_1R1W.v" into library xil_defaultlib
INFO: [VRFC 10-311] analyzing module w4a8_linear_v1_p_anonymous_namespace_contains_invalid_w4_weight_tile_RAM_AUTO_1R1W
INFO: [VRFC 10-2263] Analyzing SystemVerilog file "D:/KV260-project-HLS/b_qwen35/build/b03_baseline_hls/hls/sim/verilog/w4a8_linear_v1_p_anonymous_namespace_write_meta.v" into library xil_defaultlib
INFO: [VRFC 10-311] analyzing module w4a8_linear_v1_p_anonymous_namespace_write_meta
INFO: [VRFC 10-2263] Analyzing SystemVerilog file "D:/KV260-project-HLS/b_qwen35/build/b03_baseline_hls/hls/sim/verilog/w4a8_linear_v1_scale_tile_RAM_AUTO_1R1W.v" into library xil_defaultlib
INFO: [VRFC 10-311] analyzing module w4a8_linear_v1_scale_tile_RAM_AUTO_1R1W
INFO: [VRFC 10-2263] Analyzing SystemVerilog file "D:/KV260-project-HLS/b_qwen35/build/b03_baseline_hls/hls/sim/verilog/w4a8_linear_v1_sitofp_32ns_32_5_no_dsp_1.v" into library xil_defaultlib
INFO: [VRFC 10-311] analyzing module w4a8_linear_v1_sitofp_32ns_32_5_no_dsp_1
INFO: [VRFC 10-2263] Analyzing SystemVerilog file "D:/KV260-project-HLS/b_qwen35/build/b03_baseline_hls/hls/sim/verilog/w4a8_linear_v1_sparsemux_65_5_32_1_1.v" into library xil_defaultlib
INFO: [VRFC 10-311] analyzing module w4a8_linear_v1_sparsemux_65_5_32_1_1
INFO: [VRFC 10-2263] Analyzing SystemVerilog file "D:/KV260-project-HLS/b_qwen35/build/b03_baseline_hls/hls/sim/verilog/w4a8_linear_v1_token_activations_RAM_1P_BRAM_1R1W.v" into library xil_defaultlib
INFO: [VRFC 10-311] analyzing module w4a8_linear_v1_token_activations_RAM_1P_BRAM_1R1W
INFO: [VRFC 10-2263] Analyzing SystemVerilog file "D:/KV260-project-HLS/b_qwen35/build/b03_baseline_hls/hls/sim/verilog/w4a8_linear_v1_totals_RAM_AUTO_1R1W.v" into library xil_defaultlib
INFO: [VRFC 10-311] analyzing module w4a8_linear_v1_totals_RAM_AUTO_1R1W
INFO: [VRFC 10-2263] Analyzing SystemVerilog file "D:/KV260-project-HLS/b_qwen35/build/b03_baseline_hls/hls/sim/verilog/w4a8_linear_v1_w4a8_linear_v1_Pipeline_VITIS_LOOP_428_2.v" into library xil_defaultlib
INFO: [VRFC 10-311] analyzing module w4a8_linear_v1_w4a8_linear_v1_Pipeline_VITIS_LOOP_428_2
INFO: [VRFC 10-2263] Analyzing SystemVerilog file "D:/KV260-project-HLS/b_qwen35/build/b03_baseline_hls/hls/sim/verilog/w4a8_linear_v1_w4a8_linear_v1_Pipeline_VITIS_LOOP_438_4.v" into library xil_defaultlib
INFO: [VRFC 10-311] analyzing module w4a8_linear_v1_w4a8_linear_v1_Pipeline_VITIS_LOOP_438_4
INFO: [VRFC 10-2263] Analyzing SystemVerilog file "D:/KV260-project-HLS/b_qwen35/build/b03_baseline_hls/hls/sim/verilog/w4a8_linear_v1_w4a8_linear_v1_Pipeline_VITIS_LOOP_469_6.v" into library xil_defaultlib
INFO: [VRFC 10-311] analyzing module w4a8_linear_v1_w4a8_linear_v1_Pipeline_VITIS_LOOP_469_6
INFO: [VRFC 10-2263] Analyzing SystemVerilog file "D:/KV260-project-HLS/b_qwen35/build/b03_baseline_hls/hls/sim/verilog/w4a8_linear_v1_w4a8_linear_v1_Pipeline_VITIS_LOOP_486_7.v" into library xil_defaultlib
INFO: [VRFC 10-311] analyzing module w4a8_linear_v1_w4a8_linear_v1_Pipeline_VITIS_LOOP_486_7
INFO: [VRFC 10-2263] Analyzing SystemVerilog file "D:/KV260-project-HLS/b_qwen35/build/b03_baseline_hls/hls/sim/verilog/w4a8_linear_v1_w4a8_linear_v1_Pipeline_VITIS_LOOP_500_8.v" into library xil_defaultlib
INFO: [VRFC 10-311] analyzing module w4a8_linear_v1_w4a8_linear_v1_Pipeline_VITIS_LOOP_500_8
INFO: [VRFC 10-2263] Analyzing SystemVerilog file "D:/KV260-project-HLS/b_qwen35/build/b03_baseline_hls/hls/sim/verilog/w4a8_linear_v1_w4a8_linear_v1_Pipeline_VITIS_LOOP_510_9.v" into library xil_defaultlib
INFO: [VRFC 10-311] analyzing module w4a8_linear_v1_w4a8_linear_v1_Pipeline_VITIS_LOOP_510_9
INFO: [VRFC 10-2263] Analyzing SystemVerilog file "D:/KV260-project-HLS/b_qwen35/build/b03_baseline_hls/hls/sim/verilog/w4a8_linear_v1_w4a8_linear_v1_Pipeline_VITIS_LOOP_51_1.v" into library xil_defaultlib
INFO: [VRFC 10-311] analyzing module w4a8_linear_v1_w4a8_linear_v1_Pipeline_VITIS_LOOP_51_1
INFO: [VRFC 10-2263] Analyzing SystemVerilog file "D:/KV260-project-HLS/b_qwen35/build/b03_baseline_hls/hls/sim/verilog/w4a8_linear_v1_w4a8_tile_group_sums.v" into library xil_defaultlib
INFO: [VRFC 10-311] analyzing module w4a8_linear_v1_w4a8_tile_group_sums
INFO: [VRFC 10-2263] Analyzing SystemVerilog file "D:/KV260-project-HLS/b_qwen35/build/b03_baseline_hls/hls/sim/verilog/w4a8_linear_v1_weight_tile_RAM_AUTO_1R1W.v" into library xil_defaultlib
INFO: [VRFC 10-311] analyzing module w4a8_linear_v1_weight_tile_RAM_AUTO_1R1W
INFO: [VRFC 10-2263] Analyzing SystemVerilog file "D:/KV260-project-HLS/b_qwen35/build/b03_baseline_hls/hls/sim/verilog/dataflow_monitor.sv" into library xil_defaultlib
INFO: [VRFC 10-311] analyzing module dataflow_monitor
INFO: [VRFC 10-2263] Analyzing SystemVerilog file "D:/KV260-project-HLS/b_qwen35/build/b03_baseline_hls/hls/sim/verilog/file_agent/file_agent_pkg.sv" into library xil_defaultlib
INFO: [VRFC 10-2263] Analyzing SystemVerilog file "D:/KV260-project-HLS/b_qwen35/build/b03_baseline_hls/hls/sim/verilog/axivip/axi_pkg.sv" into library xil_defaultlib
INFO: [VRFC 10-2263] Analyzing SystemVerilog file "D:/KV260-project-HLS/b_qwen35/build/b03_baseline_hls/hls/sim/verilog/axivip/axi_if.sv" into library xil_defaultlib
INFO: [VRFC 10-2263] Analyzing SystemVerilog file "D:/KV260-project-HLS/b_qwen35/build/b03_baseline_hls/hls/sim/verilog/w4a8_linear_v1_subsystem/w4a8_linear_v1_subsystem_pkg.sv" into library xil_defaultlib
INFO: [VRFC 10-2263] Analyzing SystemVerilog file "D:/KV260-project-HLS/b_qwen35/build/b03_baseline_hls/hls/sim/verilog/svtb/misc_interface.sv" into library xil_defaultlib
INFO: [VRFC 10-2263] Analyzing SystemVerilog file "D:/KV260-project-HLS/b_qwen35/build/b03_baseline_hls/hls/sim/verilog/svtb/sv_module_top.sv" into library xil_defaultlib
INFO: [VRFC 10-311] analyzing module sv_module_top
INFO: [VRFC 10-163] Analyzing VHDL file "D:/KV260-project-HLS/b_qwen35/build/b03_baseline_hls/hls/sim/verilog/ip/xil_defaultlib/w4a8_linear_v1_fadd_32ns_32ns_32_6_full_dsp_1_ip.vhd" into library xil_defaultlib
INFO: [VRFC 10-3107] analyzing entity 'w4a8_linear_v1_fadd_32ns_32ns_32_6_full_dsp_1_ip'
INFO: [VRFC 10-163] Analyzing VHDL file "D:/KV260-project-HLS/b_qwen35/build/b03_baseline_hls/hls/sim/verilog/ip/xil_defaultlib/w4a8_linear_v1_fmul_32ns_32ns_32_4_max_dsp_1_ip.vhd" into library xil_defaultlib
INFO: [VRFC 10-3107] analyzing entity 'w4a8_linear_v1_fmul_32ns_32ns_32_4_max_dsp_1_ip'
INFO: [VRFC 10-163] Analyzing VHDL file "D:/KV260-project-HLS/b_qwen35/build/b03_baseline_hls/hls/sim/verilog/ip/xil_defaultlib/w4a8_linear_v1_sitofp_32ns_32_5_no_dsp_1_ip.vhd" into library xil_defaultlib
INFO: [VRFC 10-3107] analyzing entity 'w4a8_linear_v1_sitofp_32ns_32_5_no_dsp_1_ip'
Starting static elaboration
Pass Through NonSizing Optimizer
Completed static elaboration
Starting simulation data flow analysis
Completed simulation data flow analysis
Time Resolution for simulation is 1ps
Compiling package std.standard
Compiling package std.textio
Compiling package ieee.std_logic_1164
Compiling package ieee.numeric_std
Compiling package floating_point_v7_1_22.floating_point_v7_1_22_viv_comp
Compiling package xbip_utils_v3_0_16.xbip_utils_v3_0_16_pkg
Compiling package axi_utils_v2_0_12.axi_utils_v2_0_12_pkg
Compiling package floating_point_v7_1_22.floating_point_v7_1_22_consts
Compiling package ieee.math_real
Compiling package floating_point_v7_1_22.floating_point_v7_1_22_exp_table...
Compiling package mult_gen_v12_0_25.mult_gen_v12_0_25_pkg
Compiling package floating_point_v7_1_22.floating_point_v7_1_22_pkg
Compiling package floating_point_v7_1_22.flt_utils
Compiling package xbip_pipe_v3_0_12.xbip_pipe_v3_0_12_viv_comp
Compiling package unisim.vcomponents
Compiling package ieee.vital_timing
Compiling package ieee.vital_primitives
Compiling package unisim.vpkg
Compiling package floating_point_v7_1_22.vt2mutils
Compiling package floating_point_v7_1_22.vt2mcomps
Compiling package xil_defaultlib.$unit_sv_module_top_sv
Compiling package uvm.uvm_pkg
Compiling package std.std
Compiling package xil_defaultlib.axi_pkg
Compiling package xil_defaultlib.w4a8_linear_v1_subsystem_pkg
Compiling package xil_defaultlib.file_agent_pkg
Compiling package xil_defaultlib.$unit_dataflow_monitor_sv
Compiling module xil_defaultlib.w4a8_linear_v1_weight_tile_RAM_A...
Compiling module xil_defaultlib.w4a8_linear_v1_token_activations...
Compiling module xil_defaultlib.w4a8_linear_v1_scale_tile_RAM_AU...
Compiling module xil_defaultlib.w4a8_linear_v1_totals_RAM_AUTO_1...
Compiling module xil_defaultlib.w4a8_linear_v1_p_anonymous_names...
Compiling module xil_defaultlib.w4a8_linear_v1_p_anonymous_names...
Compiling module xil_defaultlib.w4a8_linear_v1_flow_control_loop...
Compiling module xil_defaultlib.w4a8_linear_v1_p_anonymous_names...
Compiling module xil_defaultlib.w4a8_linear_v1_p_anonymous_names...
Compiling module xil_defaultlib.w4a8_linear_v1_mul_25ns_27ns_52_...
Compiling module xil_defaultlib.w4a8_linear_v1_p_anonymous_names...
Compiling module xil_defaultlib.w4a8_linear_v1_w4a8_linear_v1_Pi...
Compiling module xil_defaultlib.w4a8_linear_v1_w4a8_linear_v1_Pi...
Compiling module xil_defaultlib.w4a8_linear_v1_w4a8_linear_v1_Pi...
Compiling module xil_defaultlib.w4a8_linear_v1_w4a8_linear_v1_Pi...
Compiling module xil_defaultlib.w4a8_linear_v1_w4a8_linear_v1_Pi...
Compiling module xil_defaultlib.w4a8_linear_v1_mac_muladd_8s_4s_...
Compiling module xil_defaultlib.w4a8_linear_v1_mac_muladd_8s_4s_...
Compiling module xil_defaultlib.w4a8_linear_v1_mac_muladd_8s_5s_...
Compiling module xil_defaultlib.w4a8_linear_v1_mac_muladd_8s_5s_...
Compiling module xil_defaultlib.w4a8_linear_v1_w4a8_tile_group_s...
Compiling architecture muxcy_v of entity unisim.MUXCY [muxcy_default]
Compiling architecture synth of entity xbip_pipe_v3_0_12.xbip_pipe_v3_0_12_viv [\xbip_pipe_v3_0_12_viv(c_has_ce=...]
Compiling architecture rtl of entity floating_point_v7_1_22.delay [\delay(width=7,length=0)\]
Compiling architecture struct of entity floating_point_v7_1_22.carry_chain [\carry_chain(c_xdevicefamily="zy...]
Compiling architecture synth of entity floating_point_v7_1_22.compare_eq_im [\compare_eq_im(c_xdevicefamily="...]
Compiling architecture xorcy_v of entity unisim.XORCY [xorcy_default]
Compiling architecture struct of entity floating_point_v7_1_22.carry_chain [\carry_chain(c_xdevicefamily="zy...]
Compiling architecture synth of entity xbip_pipe_v3_0_12.xbip_pipe_v3_0_12_viv [\xbip_pipe_v3_0_12_viv(c_has_ce=...]
Compiling architecture rtl of entity floating_point_v7_1_22.delay [\delay(length=0)\]
Compiling architecture synth of entity xbip_pipe_v3_0_12.xbip_pipe_v3_0_12_viv [\xbip_pipe_v3_0_12_viv(c_has_ce=...]
Compiling architecture rtl of entity floating_point_v7_1_22.delay [\delay(width=24,length=0,fast_in...]
Compiling architecture synth of entity xbip_pipe_v3_0_12.xbip_pipe_v3_0_12_viv [\xbip_pipe_v3_0_12_viv(c_has_ce=...]
Compiling architecture rtl of entity floating_point_v7_1_22.delay [\delay(width=16,length=0)\]
Compiling architecture dsp48e1_v of entity unisim.DSP48E1 [\DSP48E1(acascreg=0,adreg=0,alum...]
Compiling architecture synth of entity xbip_pipe_v3_0_12.xbip_pipe_v3_0_12_viv [\xbip_pipe_v3_0_12_viv(c_has_ce=...]
Compiling architecture rtl of entity floating_point_v7_1_22.delay [\delay(width=4,length=0)\]
Compiling architecture synth of entity xbip_pipe_v3_0_12.xbip_pipe_v3_0_12_viv [\xbip_pipe_v3_0_12_viv(c_has_ce=...]
Compiling architecture rtl of entity floating_point_v7_1_22.delay [\delay(width=48,length=0)\]
Compiling architecture synth of entity xbip_pipe_v3_0_12.xbip_pipe_v3_0_12_viv [\xbip_pipe_v3_0_12_viv(c_has_ce=...]
Compiling architecture rtl of entity floating_point_v7_1_22.delay [\delay(width=24,length=0)\]
Compiling architecture rtl of entity floating_point_v7_1_22.dsp48e1_wrapper [\dsp48e1_wrapper(c_part="xck26-s...]
Compiling architecture synth of entity xbip_pipe_v3_0_12.xbip_pipe_v3_0_12_viv [\xbip_pipe_v3_0_12_viv(c_latency...]
Compiling architecture rtl of entity floating_point_v7_1_22.delay [delay_default]
Compiling architecture synth of entity xbip_pipe_v3_0_12.xbip_pipe_v3_0_12_viv [\xbip_pipe_v3_0_12_viv(c_has_ce=...]
Compiling architecture rtl of entity floating_point_v7_1_22.delay [\delay(width=13,length=0)\]
Compiling architecture synth of entity xbip_pipe_v3_0_12.xbip_pipe_v3_0_12_viv [\xbip_pipe_v3_0_12_viv(c_has_ce=...]
Compiling architecture rtl of entity floating_point_v7_1_22.delay [\delay(width=27,length=0)\]
Compiling architecture synth of entity floating_point_v7_1_22.align_add_dsp48e1_sgl [\align_add_dsp48e1_sgl(c_xdevice...]
Compiling architecture lut5_v of entity unisim.LUT5 [\LUT5(init="00000000000000001111...]
Compiling architecture lut5_v of entity unisim.LUT5 [\LUT5(init="00000000000000000000...]
Compiling architecture synth of entity xbip_pipe_v3_0_12.xbip_pipe_v3_0_12_viv [\xbip_pipe_v3_0_12_viv(c_has_ce=...]
Compiling architecture rtl of entity floating_point_v7_1_22.delay [\delay(width=5,length=0)\]
Compiling architecture rtl of entity floating_point_v7_1_22.lead_zero_encode_shift [\lead_zero_encode_shift(ab_fw=24...]
Compiling architecture synth of entity xbip_pipe_v3_0_12.xbip_pipe_v3_0_12_viv [\xbip_pipe_v3_0_12_viv(c_has_ce=...]
Compiling architecture rtl of entity floating_point_v7_1_22.delay [\delay(width=3,length=0)\]
Compiling architecture lut6_v of entity unisim.LUT6 [\LUT6(init="11111110010101001011...]
Compiling architecture lut5_v of entity unisim.LUT5 [\LUT5(init="00010001010111110000...]
Compiling architecture lut5_v of entity unisim.LUT5 [\LUT5(init="11101110101000001111...]
Compiling architecture synth of entity xbip_pipe_v3_0_12.xbip_pipe_v3_0_12_viv [\xbip_pipe_v3_0_12_viv(c_latency...]
Compiling architecture rtl of entity floating_point_v7_1_22.delay [\delay(width=2)\]
Compiling architecture dsp48e1_v of entity unisim.DSP48E1 [\DSP48E1(adreg=0,alumodereg=0,ca...]
Compiling architecture synth of entity xbip_pipe_v3_0_12.xbip_pipe_v3_0_12_viv [\xbip_pipe_v3_0_12_viv(c_has_ce=...]
Compiling architecture rtl of entity floating_point_v7_1_22.delay [\delay(width=25,length=0)\]
Compiling architecture rtl of entity floating_point_v7_1_22.dsp48e1_wrapper [\dsp48e1_wrapper(a_width=24,c_wi...]
Compiling architecture rtl of entity floating_point_v7_1_22.norm_and_round_dsp48e1_sgl [\norm_and_round_dsp48e1_sgl(c_mu...]
Compiling architecture lut5_v of entity unisim.LUT5 [\LUT5(init="10011001100110011001...]
Compiling architecture lut5_v of entity unisim.LUT5 [\LUT5(init="11111111000000001111...]
Compiling architecture synth of entity xbip_pipe_v3_0_12.xbip_pipe_v3_0_12_viv [\xbip_pipe_v3_0_12_viv(c_has_ce=...]
Compiling architecture rtl of entity floating_point_v7_1_22.delay [\delay(width=9,length=0)\]
Compiling architecture struct of entity floating_point_v7_1_22.carry_chain [\carry_chain(c_xdevicefamily="zy...]
Compiling architecture synth of entity xbip_pipe_v3_0_12.xbip_pipe_v3_0_12_viv [\xbip_pipe_v3_0_12_viv(c_has_ce=...]
Compiling architecture rtl of entity floating_point_v7_1_22.delay [\delay(width=8,length=0)\]
Compiling architecture synth of entity xbip_pipe_v3_0_12.xbip_pipe_v3_0_12_viv [\xbip_pipe_v3_0_12_viv(c_latency...]
Compiling architecture rtl of entity floating_point_v7_1_22.delay [\delay(width=10)\]
Compiling architecture synth of entity xbip_pipe_v3_0_12.xbip_pipe_v3_0_12_viv [\xbip_pipe_v3_0_12_viv(c_has_ce=...]
Compiling architecture rtl of entity floating_point_v7_1_22.delay [\delay(width=4,length=0,fast_inp...]
Compiling architecture fdre_v of entity unisim.FDRE [fdre_default]
Compiling architecture fde_v of entity unisim.FDE [fde_default]
Compiling architecture struct of entity floating_point_v7_1_22.carry_chain [\carry_chain(c_xdevicefamily="zy...]
Compiling architecture synth of entity floating_point_v7_1_22.compare_eq_im [\compare_eq_im(c_xdevicefamily="...]
Compiling architecture synth of entity xbip_pipe_v3_0_12.xbip_pipe_v3_0_12_viv [\xbip_pipe_v3_0_12_viv(c_latency...]
Compiling architecture rtl of entity floating_point_v7_1_22.delay [\delay(fast_input=true)\]
Compiling architecture rtl of entity floating_point_v7_1_22.special_detect [\special_detect(c_xdevicefamily=...]
Compiling architecture struct of entity floating_point_v7_1_22.carry_chain [\carry_chain(c_xdevicefamily="zy...]
Compiling architecture synth of entity floating_point_v7_1_22.compare_gt [\compare_gt(c_xdevicefamily="zyn...]
Compiling architecture synth of entity floating_point_v7_1_22.compare [\compare(c_xdevicefamily="zynqup...]
Compiling architecture synth of entity xbip_pipe_v3_0_12.xbip_pipe_v3_0_12_viv [\xbip_pipe_v3_0_12_viv(c_latency...]
Compiling architecture rtl of entity floating_point_v7_1_22.delay [\delay(width=8)\]
Compiling architecture synth of entity xbip_pipe_v3_0_12.xbip_pipe_v3_0_12_viv [\xbip_pipe_v3_0_12_viv(c_latency...]
Compiling architecture rtl of entity floating_point_v7_1_22.delay [\delay(width=9)\]
Compiling architecture synth of entity xbip_pipe_v3_0_12.xbip_pipe_v3_0_12_viv [\xbip_pipe_v3_0_12_viv(c_latency...]
Compiling architecture rtl of entity floating_point_v7_1_22.delay [\delay(width=2,length=2,fast_inp...]
Compiling architecture synth of entity xbip_pipe_v3_0_12.xbip_pipe_v3_0_12_viv [\xbip_pipe_v3_0_12_viv(c_latency...]
Compiling architecture rtl of entity floating_point_v7_1_22.delay [\delay(length=2,fast_input=true)...]
Compiling architecture synth of entity xbip_pipe_v3_0_12.xbip_pipe_v3_0_12_viv [\xbip_pipe_v3_0_12_viv(c_has_ce=...]
Compiling architecture rtl of entity floating_point_v7_1_22.delay [\delay(length=0,fast_input=true)...]
Compiling architecture synth of entity xbip_pipe_v3_0_12.xbip_pipe_v3_0_12_viv [\xbip_pipe_v3_0_12_viv(c_has_ce=...]
Compiling architecture rtl of entity floating_point_v7_1_22.delay [\delay(width=2,length=0,fast_inp...]
Compiling architecture synth of entity xbip_pipe_v3_0_12.xbip_pipe_v3_0_12_viv [\xbip_pipe_v3_0_12_viv(c_has_ce=...]
Compiling architecture rtl of entity floating_point_v7_1_22.delay [\delay(width=12,length=0)\]
Compiling architecture rtl of entity floating_point_v7_1_22.flt_add_exp_sp [\flt_add_exp_sp(c_xdevicefamily=...]
Compiling architecture synth of entity xbip_pipe_v3_0_12.xbip_pipe_v3_0_12_viv [\xbip_pipe_v3_0_12_viv(c_latency...]
Compiling architecture rtl of entity floating_point_v7_1_22.delay [\delay(width=23)\]
Compiling architecture synth of entity floating_point_v7_1_22.flt_dec_op [\flt_dec_op(c_xdevicefamily="zyn...]
Compiling architecture rtl of entity floating_point_v7_1_22.flt_add_dsp [\flt_add_dsp(c_xdevicefamily="zy...]
Compiling architecture rtl of entity floating_point_v7_1_22.flt_add [\flt_add(c_xdevicefamily="zynqup...]
Compiling architecture synth of entity xbip_pipe_v3_0_12.xbip_pipe_v3_0_12_viv [\xbip_pipe_v3_0_12_viv(c_latency...]
Compiling architecture synth of entity xbip_pipe_v3_0_12.xbip_pipe_v3_0_12_viv [\xbip_pipe_v3_0_12_viv(c_has_ce=...]
Compiling architecture rtl of entity floating_point_v7_1_22.delay [\delay(width=32,length=0)\]
Compiling architecture xilinx of entity floating_point_v7_1_22.floating_point_v7_1_22_viv [\floating_point_v7_1_22_viv(c_xd...]
Compiling architecture xilinx of entity floating_point_v7_1_22.floating_point_v7_1_22 [\floating_point_v7_1_22(c_xdevic...]
Compiling architecture w4a8_linear_v1_fadd_32ns_32ns_32_6_full_dsp_1_ip_arch of entity xil_defaultlib.w4a8_linear_v1_fadd_32ns_32ns_32_6_full_dsp_1_ip [w4a8_linear_v1_fadd_32ns_32ns_32...]
Compiling module xil_defaultlib.w4a8_linear_v1_fadd_32ns_32ns_32...
Compiling architecture dsp48e1_v of entity unisim.DSP48E1 [\DSP48E1(acascreg=0,adreg=0,alum...]
Compiling architecture synth of entity xbip_pipe_v3_0_12.xbip_pipe_v3_0_12_viv [\xbip_pipe_v3_0_12_viv(c_has_ce=...]
Compiling architecture rtl of entity floating_point_v7_1_22.delay [\delay(width=17,length=0)\]
Compiling architecture rtl of entity floating_point_v7_1_22.dsp48e1_wrapper [\dsp48e1_wrapper(a_width=24,b_wi...]
Compiling architecture dsp48e1_v of entity unisim.DSP48E1 [\DSP48E1(acascreg=0,adreg=0,alum...]
Compiling architecture rtl of entity floating_point_v7_1_22.dsp48e1_wrapper [\dsp48e1_wrapper(a_width=24,b_wi...]
Compiling architecture struct of entity floating_point_v7_1_22.fix_mult_dsp48e1_sgl [\fix_mult_dsp48e1_sgl(registers=...]
Compiling architecture rtl of entity floating_point_v7_1_22.fix_mult [\fix_mult(c_xdevicefamily="zynqu...]
Compiling architecture synth of entity xbip_pipe_v3_0_12.xbip_pipe_v3_0_12_viv [\xbip_pipe_v3_0_12_viv(c_has_ce=...]
Compiling architecture rtl of entity floating_point_v7_1_22.delay [\delay(width=8,length=0,fast_inp...]
Compiling architecture struct of entity floating_point_v7_1_22.carry_chain [\carry_chain(c_xdevicefamily="zy...]
Compiling architecture struct of entity floating_point_v7_1_22.carry_chain [\carry_chain(c_xdevicefamily="zy...]
Compiling architecture synth of entity floating_point_v7_1_22.compare_eq_im [\compare_eq_im(c_xdevicefamily="...]
Compiling architecture rtl of entity floating_point_v7_1_22.special_detect [\special_detect(c_xdevicefamily=...]
Compiling architecture synth of entity xbip_pipe_v3_0_12.xbip_pipe_v3_0_12_viv [\xbip_pipe_v3_0_12_viv(c_latency...]
Compiling architecture rtl of entity floating_point_v7_1_22.delay [\delay(width=2,fast_input=true)\]
Compiling architecture synth of entity xbip_pipe_v3_0_12.xbip_pipe_v3_0_12_viv [\xbip_pipe_v3_0_12_viv(c_latency...]
Compiling architecture rtl of entity floating_point_v7_1_22.delay [\delay(width=4,fast_input=true)\]
Compiling architecture synth of entity xbip_pipe_v3_0_12.xbip_pipe_v3_0_12_viv [\xbip_pipe_v3_0_12_viv(c_has_ce=...]
Compiling architecture rtl of entity floating_point_v7_1_22.delay [\delay(width=3,length=0,fast_inp...]
Compiling architecture synth of entity xbip_pipe_v3_0_12.xbip_pipe_v3_0_12_viv [\xbip_pipe_v3_0_12_viv(c_has_ce=...]
Compiling architecture rtl of entity floating_point_v7_1_22.delay [\delay(width=14,length=0)\]
Compiling architecture rtl of entity floating_point_v7_1_22.flt_mult_exp [\flt_mult_exp(c_xdevicefamily="z...]
Compiling architecture dsp48e1_v of entity unisim.DSP48E1 [\DSP48E1(acascreg=0,adreg=0,alum...]
Compiling architecture synth of entity xbip_pipe_v3_0_12.xbip_pipe_v3_0_12_viv [\xbip_pipe_v3_0_12_viv(c_has_ce=...]
Compiling architecture rtl of entity floating_point_v7_1_22.delay [\delay(width=30,length=0)\]
Compiling architecture synth of entity xbip_pipe_v3_0_12.xbip_pipe_v3_0_12_viv [\xbip_pipe_v3_0_12_viv(c_has_ce=...]
Compiling architecture rtl of entity floating_point_v7_1_22.delay [\delay(width=18,length=0)\]
Compiling architecture rtl of entity floating_point_v7_1_22.dsp48e1_wrapper [\dsp48e1_wrapper(a_width=30,b_wi...]
Compiling architecture struct of entity floating_point_v7_1_22.flt_round_dsp_opt_full [\flt_round_dsp_opt_full(c_xdevic...]
Compiling architecture rtl of entity floating_point_v7_1_22.flt_mult_round [\flt_mult_round(c_xdevicefamily=...]
Compiling architecture synth of entity floating_point_v7_1_22.flt_dec_op_lat [\flt_dec_op_lat(c_xdevicefamily=...]
Compiling architecture rtl of entity floating_point_v7_1_22.flt_mult [\flt_mult(c_xdevicefamily="zynqu...]
Compiling architecture xilinx of entity floating_point_v7_1_22.floating_point_v7_1_22_viv [\floating_point_v7_1_22_viv(c_xd...]
Compiling architecture xilinx of entity floating_point_v7_1_22.floating_point_v7_1_22 [\floating_point_v7_1_22(c_xdevic...]
Compiling architecture w4a8_linear_v1_fmul_32ns_32ns_32_4_max_dsp_1_ip_arch of entity xil_defaultlib.w4a8_linear_v1_fmul_32ns_32ns_32_4_max_dsp_1_ip [w4a8_linear_v1_fmul_32ns_32ns_32...]
Compiling module xil_defaultlib.w4a8_linear_v1_fmul_32ns_32ns_32...
Compiling architecture synth of entity xbip_pipe_v3_0_12.xbip_pipe_v3_0_12_viv [\xbip_pipe_v3_0_12_viv(c_has_ce=...]
Compiling architecture rtl of entity floating_point_v7_1_22.delay [\delay(width=31,length=0)\]
Compiling architecture synth of entity xbip_pipe_v3_0_12.xbip_pipe_v3_0_12_viv [\xbip_pipe_v3_0_12_viv(c_latency...]
Compiling architecture rtl of entity floating_point_v7_1_22.delay [\delay(width=32)\]
Compiling architecture struct of entity floating_point_v7_1_22.carry_chain [\carry_chain(c_xdevicefamily="zy...]
Compiling architecture rtl of entity floating_point_v7_1_22.norm_zero_det [\norm_zero_det(data_width=7,norm...]
Compiling architecture rtl of entity floating_point_v7_1_22.mux4 [\mux4(c_xdevicefamily="zynquplus...]
Compiling architecture rtl of entity floating_point_v7_1_22.mux4 [\mux4(c_xdevicefamily="zynquplus...]
Compiling architecture struct of entity floating_point_v7_1_22.carry_chain [\carry_chain(c_xdevicefamily="zy...]
Compiling architecture rtl of entity floating_point_v7_1_22.lead_zero_encode [\lead_zero_encode(c_xdevicefamil...]
Compiling architecture rtl of entity floating_point_v7_1_22.shift_msb_first [\shift_msb_first(a_width=32,resu...]
Compiling architecture struct of entity floating_point_v7_1_22.carry_chain [\carry_chain(c_xdevicefamily="zy...]
Compiling architecture struct of entity floating_point_v7_1_22.carry_chain [\carry_chain(c_xdevicefamily="zy...]
Compiling architecture synth of entity xbip_pipe_v3_0_12.xbip_pipe_v3_0_12_viv [\xbip_pipe_v3_0_12_viv(c_has_ce=...]
Compiling architecture rtl of entity floating_point_v7_1_22.delay [\delay(width=2,length=0)\]
Compiling architecture struct of entity floating_point_v7_1_22.carry_chain [\carry_chain(c_xdevicefamily="zy...]
Compiling architecture rtl of entity floating_point_v7_1_22.flt_round_bit [\flt_round_bit(c_xdevicefamily="...]
Compiling architecture rtl of entity floating_point_v7_1_22.renorm_and_round_logic [\renorm_and_round_logic(c_xdevic...]
Compiling architecture synth of entity xbip_pipe_v3_0_12.xbip_pipe_v3_0_12_viv [\xbip_pipe_v3_0_12_viv(c_latency...]
Compiling architecture rtl of entity floating_point_v7_1_22.delay [\delay(length=2)\]
Compiling architecture synth of entity floating_point_v7_1_22.fix_to_flt_conv_exp [\fix_to_flt_conv_exp(c_xdevicefa...]
Compiling architecture struct of entity floating_point_v7_1_22.fix_to_flt_conv [\fix_to_flt_conv(c_xdevicefamily...]
Compiling architecture synth of entity xbip_pipe_v3_0_12.xbip_pipe_v3_0_12_viv [\xbip_pipe_v3_0_12_viv(c_latency...]
Compiling architecture xilinx of entity floating_point_v7_1_22.floating_point_v7_1_22_viv [\floating_point_v7_1_22_viv(c_xd...]
Compiling architecture xilinx of entity floating_point_v7_1_22.floating_point_v7_1_22 [\floating_point_v7_1_22(c_xdevic...]
Compiling architecture w4a8_linear_v1_sitofp_32ns_32_5_no_dsp_1_ip_arch of entity xil_defaultlib.w4a8_linear_v1_sitofp_32ns_32_5_no_dsp_1_ip [w4a8_linear_v1_sitofp_32ns_32_5_...]
Compiling module xil_defaultlib.w4a8_linear_v1_sitofp_32ns_32_5_...
Compiling module xil_defaultlib.w4a8_linear_v1_sparsemux_65_5_32...
Compiling module xil_defaultlib.w4a8_linear_v1_w4a8_linear_v1_Pi...
Compiling module xil_defaultlib.w4a8_linear_v1_w4a8_linear_v1_Pi...
Compiling module xil_defaultlib.w4a8_linear_v1_control_s_axi
Compiling module xil_defaultlib.w4a8_linear_v1_gmem_meta_m_axi_s...
Compiling module xil_defaultlib.w4a8_linear_v1_gmem_meta_m_axi_f...
Compiling module xil_defaultlib.w4a8_linear_v1_gmem_meta_m_axi_m...
Compiling module xil_defaultlib.w4a8_linear_v1_gmem_meta_m_axi_f...
Compiling module xil_defaultlib.w4a8_linear_v1_gmem_meta_m_axi_s...
Compiling module xil_defaultlib.w4a8_linear_v1_gmem_meta_m_axi_f...
Compiling module xil_defaultlib.w4a8_linear_v1_gmem_meta_m_axi_m...
Compiling module xil_defaultlib.w4a8_linear_v1_gmem_meta_m_axi_f...
Compiling module xil_defaultlib.w4a8_linear_v1_gmem_meta_m_axi_m...
Compiling module xil_defaultlib.w4a8_linear_v1_gmem_meta_m_axi_f...
Compiling module xil_defaultlib.w4a8_linear_v1_gmem_meta_m_axi_s...
Compiling module xil_defaultlib.w4a8_linear_v1_gmem_meta_m_axi_m...
Compiling module xil_defaultlib.w4a8_linear_v1_gmem_meta_m_axi_f...
Compiling module xil_defaultlib.w4a8_linear_v1_gmem_meta_m_axi_l...
Compiling module xil_defaultlib.w4a8_linear_v1_gmem_meta_m_axi_r...
Compiling module xil_defaultlib.w4a8_linear_v1_gmem_meta_m_axi_b...
Compiling module xil_defaultlib.w4a8_linear_v1_gmem_meta_m_axi_b...
Compiling module xil_defaultlib.w4a8_linear_v1_gmem_meta_m_axi_r...
Compiling module xil_defaultlib.w4a8_linear_v1_gmem_meta_m_axi_s...
Compiling module xil_defaultlib.w4a8_linear_v1_gmem_meta_m_axi_f...
Compiling module xil_defaultlib.w4a8_linear_v1_gmem_meta_m_axi_r...
Compiling module xil_defaultlib.w4a8_linear_v1_gmem_meta_m_axi_t...
Compiling module xil_defaultlib.w4a8_linear_v1_gmem_meta_m_axi_r...
Compiling module xil_defaultlib.w4a8_linear_v1_gmem_meta_m_axi_s...
Compiling module xil_defaultlib.w4a8_linear_v1_gmem_meta_m_axi_f...
Compiling module xil_defaultlib.w4a8_linear_v1_gmem_meta_m_axi_w...
Compiling module xil_defaultlib.w4a8_linear_v1_gmem_meta_m_axi_r...
Compiling module xil_defaultlib.w4a8_linear_v1_gmem_meta_m_axi_r...
Compiling module xil_defaultlib.w4a8_linear_v1_gmem_meta_m_axi(C...
Compiling module xil_defaultlib.w4a8_linear_v1_gmem_sw_m_axi_srl...
Compiling module xil_defaultlib.w4a8_linear_v1_gmem_sw_m_axi_fif...
Compiling module xil_defaultlib.w4a8_linear_v1_gmem_sw_m_axi_mem...
Compiling module xil_defaultlib.w4a8_linear_v1_gmem_sw_m_axi_fif...
Compiling module xil_defaultlib.w4a8_linear_v1_gmem_sw_m_axi_loa...
Compiling module xil_defaultlib.w4a8_linear_v1_gmem_sw_m_axi_reg...
Compiling module xil_defaultlib.w4a8_linear_v1_gmem_sw_m_axi_bur...
Compiling module xil_defaultlib.w4a8_linear_v1_gmem_sw_m_axi_bur...
Compiling module xil_defaultlib.w4a8_linear_v1_gmem_sw_m_axi_reg...
Compiling module xil_defaultlib.w4a8_linear_v1_gmem_sw_m_axi_srl...
Compiling module xil_defaultlib.w4a8_linear_v1_gmem_sw_m_axi_fif...
Compiling module xil_defaultlib.w4a8_linear_v1_gmem_sw_m_axi_rea...
Compiling module xil_defaultlib.w4a8_linear_v1_gmem_sw_m_axi(C_M...
Compiling module xil_defaultlib.w4a8_linear_v1_gmem_w_m_axi_srl(...
Compiling module xil_defaultlib.w4a8_linear_v1_gmem_w_m_axi_fifo...
Compiling module xil_defaultlib.w4a8_linear_v1_gmem_w_m_axi_mem(...
Compiling module xil_defaultlib.w4a8_linear_v1_gmem_w_m_axi_fifo...
Compiling module xil_defaultlib.w4a8_linear_v1_gmem_w_m_axi_load...
Compiling module xil_defaultlib.w4a8_linear_v1_gmem_w_m_axi_reg_...
Compiling module xil_defaultlib.w4a8_linear_v1_gmem_w_m_axi_burs...
Compiling module xil_defaultlib.w4a8_linear_v1_gmem_w_m_axi_burs...
Compiling module xil_defaultlib.w4a8_linear_v1_gmem_w_m_axi_reg_...
Compiling module xil_defaultlib.w4a8_linear_v1_gmem_w_m_axi_srl(...
Compiling module xil_defaultlib.w4a8_linear_v1_gmem_w_m_axi_fifo...
Compiling module xil_defaultlib.w4a8_linear_v1_gmem_w_m_axi_read...
Compiling module xil_defaultlib.w4a8_linear_v1_gmem_w_m_axi(C_M_...
Compiling module xil_defaultlib.w4a8_linear_v1_gmem_x_m_axi_srl(...
Compiling module xil_defaultlib.w4a8_linear_v1_gmem_x_m_axi_fifo...
Compiling module xil_defaultlib.w4a8_linear_v1_gmem_x_m_axi_mem(...
Compiling module xil_defaultlib.w4a8_linear_v1_gmem_x_m_axi_fifo...
Compiling module xil_defaultlib.w4a8_linear_v1_gmem_x_m_axi_load...
Compiling module xil_defaultlib.w4a8_linear_v1_gmem_x_m_axi_reg_...
Compiling module xil_defaultlib.w4a8_linear_v1_gmem_x_m_axi_burs...
Compiling module xil_defaultlib.w4a8_linear_v1_gmem_x_m_axi_burs...
Compiling module xil_defaultlib.w4a8_linear_v1_gmem_x_m_axi_reg_...
Compiling module xil_defaultlib.w4a8_linear_v1_gmem_x_m_axi_srl(...
Compiling module xil_defaultlib.w4a8_linear_v1_gmem_x_m_axi_fifo...
Compiling module xil_defaultlib.w4a8_linear_v1_gmem_x_m_axi_read...
Compiling module xil_defaultlib.w4a8_linear_v1_gmem_x_m_axi(C_M_...
Compiling module xil_defaultlib.w4a8_linear_v1_gmem_y_m_axi_srl(...
Compiling module xil_defaultlib.w4a8_linear_v1_gmem_y_m_axi_fifo...
Compiling module xil_defaultlib.w4a8_linear_v1_gmem_y_m_axi_mem(...
Compiling module xil_defaultlib.w4a8_linear_v1_gmem_y_m_axi_fifo...
Compiling module xil_defaultlib.w4a8_linear_v1_gmem_y_m_axi_mem(...
Compiling module xil_defaultlib.w4a8_linear_v1_gmem_y_m_axi_fifo...
Compiling module xil_defaultlib.w4a8_linear_v1_gmem_y_m_axi_mem(...
Compiling module xil_defaultlib.w4a8_linear_v1_gmem_y_m_axi_fifo...
Compiling module xil_defaultlib.w4a8_linear_v1_gmem_y_m_axi_mem(...
Compiling module xil_defaultlib.w4a8_linear_v1_gmem_y_m_axi_fifo...
Compiling module xil_defaultlib.w4a8_linear_v1_gmem_y_m_axi_stor...
Compiling module xil_defaultlib.w4a8_linear_v1_gmem_y_m_axi_reg_...
Compiling module xil_defaultlib.w4a8_linear_v1_gmem_y_m_axi_burs...
Compiling module xil_defaultlib.w4a8_linear_v1_gmem_y_m_axi_burs...
Compiling module xil_defaultlib.w4a8_linear_v1_gmem_y_m_axi_reg_...
Compiling module xil_defaultlib.w4a8_linear_v1_gmem_y_m_axi_srl(...
Compiling module xil_defaultlib.w4a8_linear_v1_gmem_y_m_axi_fifo...
Compiling module xil_defaultlib.w4a8_linear_v1_gmem_y_m_axi_reg_...
Compiling module xil_defaultlib.w4a8_linear_v1_gmem_y_m_axi_thro...
Compiling module xil_defaultlib.w4a8_linear_v1_gmem_y_m_axi_reg_...
Compiling module xil_defaultlib.w4a8_linear_v1_gmem_y_m_axi_srl(...
Compiling module xil_defaultlib.w4a8_linear_v1_gmem_y_m_axi_fifo...
Compiling module xil_defaultlib.w4a8_linear_v1_gmem_y_m_axi_writ...
Compiling module xil_defaultlib.w4a8_linear_v1_gmem_y_m_axi(C_M_...
Compiling module xil_defaultlib.w4a8_linear_v1_mul_32ns_25ns_57_...
Compiling module xil_defaultlib.w4a8_linear_v1_mul_32ns_32ns_62_...
Compiling module xil_defaultlib.w4a8_linear_v1_mul_32ns_32ns_64_...
Compiling module xil_defaultlib.w4a8_linear_v1
Compiling module xil_defaultlib.misc_interface_default
Compiling module xil_defaultlib.axi_if(ADDR_WIDTH=64,STRB_WIDTH=...
Compiling module xil_defaultlib.axi_if(ADDR_WIDTH=64,STRB_WIDTH=...
Compiling module xil_defaultlib.axi_if(ADDR_WIDTH=64,STRB_WIDTH=...
Compiling module xil_defaultlib.axi_if(ADDR_WIDTH=8,STRB_WIDTH=4...
Compiling module xil_defaultlib.sv_module_top
Compiling module xil_defaultlib.nodf_module_intf_default
Compiling module xil_defaultlib.seq_loop_intf(FSM_WIDTH=241)
Compiling module xil_defaultlib.seq_loop_intf(FSM_WIDTH=78)
Compiling module xil_defaultlib.upc_loop_intf(FSM_WIDTH=1)
Compiling module xil_defaultlib.dataflow_monitor_1
Compiling module xil_defaultlib.apatb_w4a8_linear_v1_top
Compiling module xil_defaultlib.glbl
Built simulation snapshot w4a8_linear_v1
