

================================================================
== Vitis HLS Report for 'w4a8_tile_group_sums'
================================================================
* Date:           Thu Oct  1 21:08:34 2026

* Version:        2026.1 (Build 6493734 on Jun 16 2026)
* Project:        hls
* Solution:       hls (Vitis Kernel Flow Target)
* Product family: zynquplus
* Target device:  xck26-sfvc784-2LV-c


================================================================
== Performance Estimates
================================================================
+ Timing: 
    * Summary: 
    +--------+---------+----------+------------+
    |  Clock |  Target | Estimated| Uncertainty|
    +--------+---------+----------+------------+
    |ap_clk  |  6.67 ns|  2.647 ns|     1.80 ns|
    +--------+---------+----------+------------+

+ Latency: 
    * Summary: 
    +---------+---------+----------+----------+-----+-----+-------------------+
    |  Latency (cycles) |  Latency (absolute) |  Interval |      Pipeline     |
    |   min   |   max   |    min   |    max   | min | max |        Type       |
    +---------+---------+----------+----------+-----+-----+-------------------+
    |      133|      133|  0.887 us|  0.887 us|    0|    0|  loop pipeline stp|
    +---------+---------+----------+----------+-----+-----+-------------------+

    + Detail: 
        * Instance: 
        N/A

        * Loop: 
        +--------------------+---------+---------+----------+-----------+-----------+------+----------+
        |                    |  Latency (cycles) | Iteration|  Initiation Interval  | Trip |          |
        |      Loop Name     |   min   |   max   |  Latency |  achieved |   target  | Count| Pipelined|
        +--------------------+---------+---------+----------+-----------+-----------+------+----------+
        |- VITIS_LOOP_165_2  |      131|      131|         5|          1|          1|   128|       yes|
        +--------------------+---------+---------+----------+-----------+-----------+------+----------+



================================================================
== Utilization Estimates
================================================================
* Summary: 
+-----------------+---------+------+--------+--------+-----+
|       Name      | BRAM_18K|  DSP |   FF   |   LUT  | URAM|
+-----------------+---------+------+--------+--------+-----+
|DSP              |        -|    32|       -|       -|    -|
|Expression       |        -|     -|       0|     113|    -|
|FIFO             |        -|     -|       -|       -|    -|
|Instance         |        -|     -|       -|       -|    -|
|Memory           |        -|     -|       -|       -|    -|
|Multiplexer      |        -|     -|       0|     900|    -|
|Register         |        -|     -|     641|       -|    -|
+-----------------+---------+------+--------+--------+-----+
|Total            |        0|    32|     641|    1013|    0|
+-----------------+---------+------+--------+--------+-----+
|Available        |      288|  1248|  234240|  117120|   64|
+-----------------+---------+------+--------+--------+-----+
|Utilization (%)  |        0|     2|      ~0|      ~0|    0|
+-----------------+---------+------+--------+--------+-----+

+ Detail: 
    * Instance: 
    N/A

    * DSP: 
    +---------------------------------+-----------------------------+--------------+
    |             Instance            |            Module           |  Expression  |
    +---------------------------------+-----------------------------+--------------+
    |mac_muladd_8s_4s_19s_19_4_1_U66  |mac_muladd_8s_4s_19s_19_4_1  |  i0 * i1 + i2|
    |mac_muladd_8s_4s_19s_19_4_1_U68  |mac_muladd_8s_4s_19s_19_4_1  |  i0 * i1 + i2|
    |mac_muladd_8s_4s_19s_19_4_1_U70  |mac_muladd_8s_4s_19s_19_4_1  |  i0 * i1 + i2|
    |mac_muladd_8s_4s_19s_19_4_1_U72  |mac_muladd_8s_4s_19s_19_4_1  |  i0 * i1 + i2|
    |mac_muladd_8s_4s_19s_19_4_1_U74  |mac_muladd_8s_4s_19s_19_4_1  |  i0 * i1 + i2|
    |mac_muladd_8s_4s_19s_19_4_1_U76  |mac_muladd_8s_4s_19s_19_4_1  |  i0 * i1 + i2|
    |mac_muladd_8s_4s_19s_19_4_1_U78  |mac_muladd_8s_4s_19s_19_4_1  |  i0 * i1 + i2|
    |mac_muladd_8s_4s_19s_19_4_1_U80  |mac_muladd_8s_4s_19s_19_4_1  |  i0 * i1 + i2|
    |mac_muladd_8s_4s_19s_19_4_1_U82  |mac_muladd_8s_4s_19s_19_4_1  |  i0 * i1 + i2|
    |mac_muladd_8s_4s_19s_19_4_1_U84  |mac_muladd_8s_4s_19s_19_4_1  |  i0 * i1 + i2|
    |mac_muladd_8s_4s_19s_19_4_1_U86  |mac_muladd_8s_4s_19s_19_4_1  |  i0 * i1 + i2|
    |mac_muladd_8s_4s_19s_19_4_1_U88  |mac_muladd_8s_4s_19s_19_4_1  |  i0 * i1 + i2|
    |mac_muladd_8s_4s_19s_19_4_1_U90  |mac_muladd_8s_4s_19s_19_4_1  |  i0 * i1 + i2|
    |mac_muladd_8s_4s_19s_19_4_1_U92  |mac_muladd_8s_4s_19s_19_4_1  |  i0 * i1 + i2|
    |mac_muladd_8s_4s_19s_19_4_1_U94  |mac_muladd_8s_4s_19s_19_4_1  |  i0 * i1 + i2|
    |mac_muladd_8s_4s_19s_19_4_1_U96  |mac_muladd_8s_4s_19s_19_4_1  |  i0 * i1 + i2|
    |mac_muladd_8s_5s_20s_20_4_1_U67  |mac_muladd_8s_5s_20s_20_4_1  |  i0 * i1 + i2|
    |mac_muladd_8s_5s_20s_20_4_1_U69  |mac_muladd_8s_5s_20s_20_4_1  |  i0 * i1 + i2|
    |mac_muladd_8s_5s_20s_20_4_1_U71  |mac_muladd_8s_5s_20s_20_4_1  |  i0 * i1 + i2|
    |mac_muladd_8s_5s_20s_20_4_1_U73  |mac_muladd_8s_5s_20s_20_4_1  |  i0 * i1 + i2|
    |mac_muladd_8s_5s_20s_20_4_1_U75  |mac_muladd_8s_5s_20s_20_4_1  |  i0 * i1 + i2|
    |mac_muladd_8s_5s_20s_20_4_1_U77  |mac_muladd_8s_5s_20s_20_4_1  |  i0 * i1 + i2|
    |mac_muladd_8s_5s_20s_20_4_1_U79  |mac_muladd_8s_5s_20s_20_4_1  |  i0 * i1 + i2|
    |mac_muladd_8s_5s_20s_20_4_1_U81  |mac_muladd_8s_5s_20s_20_4_1  |  i0 * i1 + i2|
    |mac_muladd_8s_5s_20s_20_4_1_U83  |mac_muladd_8s_5s_20s_20_4_1  |  i0 * i1 + i2|
    |mac_muladd_8s_5s_20s_20_4_1_U85  |mac_muladd_8s_5s_20s_20_4_1  |  i0 * i1 + i2|
    |mac_muladd_8s_5s_20s_20_4_1_U87  |mac_muladd_8s_5s_20s_20_4_1  |  i0 * i1 + i2|
    |mac_muladd_8s_5s_20s_20_4_1_U89  |mac_muladd_8s_5s_20s_20_4_1  |  i0 * i1 + i2|
    |mac_muladd_8s_5s_20s_20_4_1_U91  |mac_muladd_8s_5s_20s_20_4_1  |  i0 * i1 + i2|
    |mac_muladd_8s_5s_20s_20_4_1_U93  |mac_muladd_8s_5s_20s_20_4_1  |  i0 * i1 + i2|
    |mac_muladd_8s_5s_20s_20_4_1_U95  |mac_muladd_8s_5s_20s_20_4_1  |  i0 * i1 + i2|
    |mac_muladd_8s_5s_20s_20_4_1_U97  |mac_muladd_8s_5s_20s_20_4_1  |  i0 * i1 + i2|
    +---------------------------------+-----------------------------+--------------+

    * Memory: 
    N/A

    * FIFO: 
    N/A

    * Expression: 
    +----------------------+----------+----+---+----+------------+------------+
    |     Variable Name    | Operation| DSP| FF| LUT| Bitwidth P0| Bitwidth P1|
    +----------------------+----------+----+---+----+------------+------------+
    |add_ln165_fu_532_p2   |         +|   0|  0|  15|           8|           1|
    |icmp_ln165_fu_526_p2  |      icmp|   0|  0|  16|           8|           9|
    |weight_11_fu_875_p3   |    select|   0|  0|   5|           1|           5|
    |weight_13_fu_931_p3   |    select|   0|  0|   5|           1|           5|
    |weight_15_fu_987_p3   |    select|   0|  0|   5|           1|           5|
    |weight_17_fu_1043_p3  |    select|   0|  0|   5|           1|           5|
    |weight_19_fu_1099_p3  |    select|   0|  0|   5|           1|           5|
    |weight_1_fu_595_p3    |    select|   0|  0|   5|           1|           5|
    |weight_21_fu_1155_p3  |    select|   0|  0|   5|           1|           5|
    |weight_23_fu_1211_p3  |    select|   0|  0|   5|           1|           5|
    |weight_25_fu_1267_p3  |    select|   0|  0|   5|           1|           5|
    |weight_27_fu_1323_p3  |    select|   0|  0|   5|           1|           5|
    |weight_29_fu_1379_p3  |    select|   0|  0|   5|           1|           5|
    |weight_31_fu_1435_p3  |    select|   0|  0|   5|           1|           5|
    |weight_3_fu_651_p3    |    select|   0|  0|   5|           1|           5|
    |weight_5_fu_707_p3    |    select|   0|  0|   5|           1|           5|
    |weight_7_fu_763_p3    |    select|   0|  0|   5|           1|           5|
    |weight_9_fu_819_p3    |    select|   0|  0|   5|           1|           5|
    |ap_enable_pp0         |       xor|   0|  0|   2|           1|           2|
    +----------------------+----------+----+---+----+------------+------------+
    |Total                 |          |   0|  0| 113|          33|          92|
    +----------------------+----------+----+---+----+------------+------------+

    * Multiplexer: 
    +----------------------------------------------+----+-----------+-----+-----------+
    |                     Name                     | LUT| Input Size| Bits| Total Bits|
    +----------------------------------------------+----+-----------+-----+-----------+
    |ap_done_int                                   |   9|          2|    1|          2|
    |ap_enable_reg_pp0_iter1                       |   9|          2|    1|          2|
    |ap_sig_allocacmp_remainder_1                  |   9|          2|    8|         16|
    |ap_sig_allocacmp_sums_write_assign_10_load    |   9|          2|   19|         38|
    |ap_sig_allocacmp_sums_write_assign_10_load_1  |   9|          2|   19|         38|
    |ap_sig_allocacmp_sums_write_assign_11_load    |   9|          2|   20|         40|
    |ap_sig_allocacmp_sums_write_assign_11_load_1  |   9|          2|   20|         40|
    |ap_sig_allocacmp_sums_write_assign_12_load    |   9|          2|   19|         38|
    |ap_sig_allocacmp_sums_write_assign_12_load_1  |   9|          2|   19|         38|
    |ap_sig_allocacmp_sums_write_assign_13_load    |   9|          2|   20|         40|
    |ap_sig_allocacmp_sums_write_assign_13_load_1  |   9|          2|   20|         40|
    |ap_sig_allocacmp_sums_write_assign_14_load    |   9|          2|   19|         38|
    |ap_sig_allocacmp_sums_write_assign_14_load_1  |   9|          2|   19|         38|
    |ap_sig_allocacmp_sums_write_assign_15_load    |   9|          2|   20|         40|
    |ap_sig_allocacmp_sums_write_assign_15_load_1  |   9|          2|   20|         40|
    |ap_sig_allocacmp_sums_write_assign_16_load    |   9|          2|   19|         38|
    |ap_sig_allocacmp_sums_write_assign_16_load_1  |   9|          2|   19|         38|
    |ap_sig_allocacmp_sums_write_assign_17_load    |   9|          2|   20|         40|
    |ap_sig_allocacmp_sums_write_assign_17_load_1  |   9|          2|   20|         40|
    |ap_sig_allocacmp_sums_write_assign_18_load    |   9|          2|   19|         38|
    |ap_sig_allocacmp_sums_write_assign_18_load_1  |   9|          2|   19|         38|
    |ap_sig_allocacmp_sums_write_assign_19_load    |   9|          2|   20|         40|
    |ap_sig_allocacmp_sums_write_assign_19_load_1  |   9|          2|   20|         40|
    |ap_sig_allocacmp_sums_write_assign_1_load     |   9|          2|   20|         40|
    |ap_sig_allocacmp_sums_write_assign_1_load_1   |   9|          2|   20|         40|
    |ap_sig_allocacmp_sums_write_assign_20_load    |   9|          2|   19|         38|
    |ap_sig_allocacmp_sums_write_assign_20_load_1  |   9|          2|   19|         38|
    |ap_sig_allocacmp_sums_write_assign_21_load    |   9|          2|   20|         40|
    |ap_sig_allocacmp_sums_write_assign_21_load_1  |   9|          2|   20|         40|
    |ap_sig_allocacmp_sums_write_assign_22_load    |   9|          2|   19|         38|
    |ap_sig_allocacmp_sums_write_assign_22_load_1  |   9|          2|   19|         38|
    |ap_sig_allocacmp_sums_write_assign_23_load    |   9|          2|   20|         40|
    |ap_sig_allocacmp_sums_write_assign_23_load_1  |   9|          2|   20|         40|
    |ap_sig_allocacmp_sums_write_assign_24_load    |   9|          2|   19|         38|
    |ap_sig_allocacmp_sums_write_assign_24_load_1  |   9|          2|   19|         38|
    |ap_sig_allocacmp_sums_write_assign_25_load    |   9|          2|   20|         40|
    |ap_sig_allocacmp_sums_write_assign_25_load_1  |   9|          2|   20|         40|
    |ap_sig_allocacmp_sums_write_assign_26_load    |   9|          2|   19|         38|
    |ap_sig_allocacmp_sums_write_assign_26_load_1  |   9|          2|   19|         38|
    |ap_sig_allocacmp_sums_write_assign_27_load    |   9|          2|   20|         40|
    |ap_sig_allocacmp_sums_write_assign_27_load_1  |   9|          2|   20|         40|
    |ap_sig_allocacmp_sums_write_assign_28_load    |   9|          2|   19|         38|
    |ap_sig_allocacmp_sums_write_assign_28_load_1  |   9|          2|   19|         38|
    |ap_sig_allocacmp_sums_write_assign_29_load    |   9|          2|   20|         40|
    |ap_sig_allocacmp_sums_write_assign_29_load_1  |   9|          2|   20|         40|
    |ap_sig_allocacmp_sums_write_assign_2_load     |   9|          2|   19|         38|
    |ap_sig_allocacmp_sums_write_assign_2_load_1   |   9|          2|   19|         38|
    |ap_sig_allocacmp_sums_write_assign_30_load    |   9|          2|   19|         38|
    |ap_sig_allocacmp_sums_write_assign_30_load_1  |   9|          2|   19|         38|
    |ap_sig_allocacmp_sums_write_assign_31_load    |   9|          2|   20|         40|
    |ap_sig_allocacmp_sums_write_assign_31_load_1  |   9|          2|   20|         40|
    |ap_sig_allocacmp_sums_write_assign_3_load     |   9|          2|   20|         40|
    |ap_sig_allocacmp_sums_write_assign_3_load_1   |   9|          2|   20|         40|
    |ap_sig_allocacmp_sums_write_assign_4_load     |   9|          2|   19|         38|
    |ap_sig_allocacmp_sums_write_assign_4_load_1   |   9|          2|   19|         38|
    |ap_sig_allocacmp_sums_write_assign_5_load     |   9|          2|   20|         40|
    |ap_sig_allocacmp_sums_write_assign_5_load_1   |   9|          2|   20|         40|
    |ap_sig_allocacmp_sums_write_assign_6_load     |   9|          2|   19|         38|
    |ap_sig_allocacmp_sums_write_assign_6_load_1   |   9|          2|   19|         38|
    |ap_sig_allocacmp_sums_write_assign_7_load     |   9|          2|   20|         40|
    |ap_sig_allocacmp_sums_write_assign_7_load_1   |   9|          2|   20|         40|
    |ap_sig_allocacmp_sums_write_assign_8_load     |   9|          2|   19|         38|
    |ap_sig_allocacmp_sums_write_assign_8_load_1   |   9|          2|   19|         38|
    |ap_sig_allocacmp_sums_write_assign_9_load     |   9|          2|   20|         40|
    |ap_sig_allocacmp_sums_write_assign_9_load_1   |   9|          2|   20|         40|
    |ap_sig_allocacmp_sums_write_assign_load       |   9|          2|   19|         38|
    |ap_sig_allocacmp_sums_write_assign_load_1     |   9|          2|   19|         38|
    |remainder_fu_328                              |   9|          2|    8|         16|
    |sums_write_assign_10_fu_240                   |   9|          2|   19|         38|
    |sums_write_assign_11_fu_244                   |   9|          2|   20|         40|
    |sums_write_assign_12_fu_248                   |   9|          2|   19|         38|
    |sums_write_assign_13_fu_252                   |   9|          2|   20|         40|
    |sums_write_assign_14_fu_256                   |   9|          2|   19|         38|
    |sums_write_assign_15_fu_260                   |   9|          2|   20|         40|
    |sums_write_assign_16_fu_264                   |   9|          2|   19|         38|
    |sums_write_assign_17_fu_268                   |   9|          2|   20|         40|
    |sums_write_assign_18_fu_272                   |   9|          2|   19|         38|
    |sums_write_assign_19_fu_276                   |   9|          2|   20|         40|
    |sums_write_assign_1_fu_204                    |   9|          2|   20|         40|
    |sums_write_assign_20_fu_280                   |   9|          2|   19|         38|
    |sums_write_assign_21_fu_284                   |   9|          2|   20|         40|
    |sums_write_assign_22_fu_288                   |   9|          2|   19|         38|
    |sums_write_assign_23_fu_292                   |   9|          2|   20|         40|
    |sums_write_assign_24_fu_296                   |   9|          2|   19|         38|
    |sums_write_assign_25_fu_300                   |   9|          2|   20|         40|
    |sums_write_assign_26_fu_304                   |   9|          2|   19|         38|
    |sums_write_assign_27_fu_308                   |   9|          2|   20|         40|
    |sums_write_assign_28_fu_312                   |   9|          2|   19|         38|
    |sums_write_assign_29_fu_316                   |   9|          2|   20|         40|
    |sums_write_assign_2_fu_208                    |   9|          2|   19|         38|
    |sums_write_assign_30_fu_320                   |   9|          2|   19|         38|
    |sums_write_assign_31_fu_324                   |   9|          2|   20|         40|
    |sums_write_assign_3_fu_212                    |   9|          2|   20|         40|
    |sums_write_assign_4_fu_216                    |   9|          2|   19|         38|
    |sums_write_assign_5_fu_220                    |   9|          2|   20|         40|
    |sums_write_assign_6_fu_224                    |   9|          2|   19|         38|
    |sums_write_assign_7_fu_228                    |   9|          2|   20|         40|
    |sums_write_assign_8_fu_232                    |   9|          2|   19|         38|
    |sums_write_assign_9_fu_236                    |   9|          2|   20|         40|
    |sums_write_assign_fu_200                      |   9|          2|   19|         38|
    +----------------------------------------------+----+-----------+-----+-----------+
    |Total                                         | 900|        200| 1890|       3780|
    +----------------------------------------------+----+-----------+-----+-----------+

    * Register: 
    +----------------------------------+----+----+-----+-----------+
    |               Name               | FF | LUT| Bits| Const Bits|
    +----------------------------------+----+----+-----+-----------+
    |ap_CS_fsm                         |   1|   0|    1|          0|
    |ap_done_reg                       |   1|   0|    1|          0|
    |ap_enable_reg_pp0_iter1           |   1|   0|    1|          0|
    |ap_enable_reg_pp0_iter2           |   1|   0|    1|          0|
    |ap_enable_reg_pp0_iter3           |   1|   0|    1|          0|
    |ap_enable_reg_pp0_iter4           |   1|   0|    1|          0|
    |ap_loop_exit_ready_pp0_iter1_reg  |   1|   0|    1|          0|
    |ap_loop_exit_ready_pp0_iter2_reg  |   1|   0|    1|          0|
    |ap_loop_exit_ready_pp0_iter3_reg  |   1|   0|    1|          0|
    |remainder_fu_328                  |   8|   0|    8|          0|
    |sums_write_assign_10_fu_240       |  19|   0|   19|          0|
    |sums_write_assign_11_fu_244       |  20|   0|   20|          0|
    |sums_write_assign_12_fu_248       |  19|   0|   19|          0|
    |sums_write_assign_13_fu_252       |  20|   0|   20|          0|
    |sums_write_assign_14_fu_256       |  19|   0|   19|          0|
    |sums_write_assign_15_fu_260       |  20|   0|   20|          0|
    |sums_write_assign_16_fu_264       |  19|   0|   19|          0|
    |sums_write_assign_17_fu_268       |  20|   0|   20|          0|
    |sums_write_assign_18_fu_272       |  19|   0|   19|          0|
    |sums_write_assign_19_fu_276       |  20|   0|   20|          0|
    |sums_write_assign_1_fu_204        |  20|   0|   20|          0|
    |sums_write_assign_20_fu_280       |  19|   0|   19|          0|
    |sums_write_assign_21_fu_284       |  20|   0|   20|          0|
    |sums_write_assign_22_fu_288       |  19|   0|   19|          0|
    |sums_write_assign_23_fu_292       |  20|   0|   20|          0|
    |sums_write_assign_24_fu_296       |  19|   0|   19|          0|
    |sums_write_assign_25_fu_300       |  20|   0|   20|          0|
    |sums_write_assign_26_fu_304       |  19|   0|   19|          0|
    |sums_write_assign_27_fu_308       |  20|   0|   20|          0|
    |sums_write_assign_28_fu_312       |  19|   0|   19|          0|
    |sums_write_assign_29_fu_316       |  20|   0|   20|          0|
    |sums_write_assign_2_fu_208        |  19|   0|   19|          0|
    |sums_write_assign_30_fu_320       |  19|   0|   19|          0|
    |sums_write_assign_31_fu_324       |  20|   0|   20|          0|
    |sums_write_assign_3_fu_212        |  20|   0|   20|          0|
    |sums_write_assign_4_fu_216        |  19|   0|   19|          0|
    |sums_write_assign_5_fu_220        |  20|   0|   20|          0|
    |sums_write_assign_6_fu_224        |  19|   0|   19|          0|
    |sums_write_assign_7_fu_228        |  20|   0|   20|          0|
    |sums_write_assign_8_fu_232        |  19|   0|   19|          0|
    |sums_write_assign_9_fu_236        |  20|   0|   20|          0|
    |sums_write_assign_fu_200          |  19|   0|   19|          0|
    +----------------------------------+----+----+-----+-----------+
    |Total                             | 641|   0|  641|          0|
    +----------------------------------+----+----+-----+-----------+



================================================================
== Interface
================================================================
* Summary: 
+----------------------+-----+-----+------------+----------------------+--------------+
|       RTL Ports      | Dir | Bits|  Protocol  |     Source Object    |    C Type    |
+----------------------+-----+-----+------------+----------------------+--------------+
|ap_clk                |   in|    1|  ap_ctrl_hs|  w4a8_tile_group_sums|  return value|
|ap_rst                |   in|    1|  ap_ctrl_hs|  w4a8_tile_group_sums|  return value|
|ap_start              |   in|    1|  ap_ctrl_hs|  w4a8_tile_group_sums|  return value|
|ap_done               |  out|    1|  ap_ctrl_hs|  w4a8_tile_group_sums|  return value|
|ap_idle               |  out|    1|  ap_ctrl_hs|  w4a8_tile_group_sums|  return value|
|ap_ready              |  out|    1|  ap_ctrl_hs|  w4a8_tile_group_sums|  return value|
|ap_return_0           |  out|   32|  ap_ctrl_hs|  w4a8_tile_group_sums|  return value|
|ap_return_1           |  out|   32|  ap_ctrl_hs|  w4a8_tile_group_sums|  return value|
|ap_return_2           |  out|   32|  ap_ctrl_hs|  w4a8_tile_group_sums|  return value|
|ap_return_3           |  out|   32|  ap_ctrl_hs|  w4a8_tile_group_sums|  return value|
|ap_return_4           |  out|   32|  ap_ctrl_hs|  w4a8_tile_group_sums|  return value|
|ap_return_5           |  out|   32|  ap_ctrl_hs|  w4a8_tile_group_sums|  return value|
|ap_return_6           |  out|   32|  ap_ctrl_hs|  w4a8_tile_group_sums|  return value|
|ap_return_7           |  out|   32|  ap_ctrl_hs|  w4a8_tile_group_sums|  return value|
|ap_return_8           |  out|   32|  ap_ctrl_hs|  w4a8_tile_group_sums|  return value|
|ap_return_9           |  out|   32|  ap_ctrl_hs|  w4a8_tile_group_sums|  return value|
|ap_return_10          |  out|   32|  ap_ctrl_hs|  w4a8_tile_group_sums|  return value|
|ap_return_11          |  out|   32|  ap_ctrl_hs|  w4a8_tile_group_sums|  return value|
|ap_return_12          |  out|   32|  ap_ctrl_hs|  w4a8_tile_group_sums|  return value|
|ap_return_13          |  out|   32|  ap_ctrl_hs|  w4a8_tile_group_sums|  return value|
|ap_return_14          |  out|   32|  ap_ctrl_hs|  w4a8_tile_group_sums|  return value|
|ap_return_15          |  out|   32|  ap_ctrl_hs|  w4a8_tile_group_sums|  return value|
|ap_return_16          |  out|   32|  ap_ctrl_hs|  w4a8_tile_group_sums|  return value|
|ap_return_17          |  out|   32|  ap_ctrl_hs|  w4a8_tile_group_sums|  return value|
|ap_return_18          |  out|   32|  ap_ctrl_hs|  w4a8_tile_group_sums|  return value|
|ap_return_19          |  out|   32|  ap_ctrl_hs|  w4a8_tile_group_sums|  return value|
|ap_return_20          |  out|   32|  ap_ctrl_hs|  w4a8_tile_group_sums|  return value|
|ap_return_21          |  out|   32|  ap_ctrl_hs|  w4a8_tile_group_sums|  return value|
|ap_return_22          |  out|   32|  ap_ctrl_hs|  w4a8_tile_group_sums|  return value|
|ap_return_23          |  out|   32|  ap_ctrl_hs|  w4a8_tile_group_sums|  return value|
|ap_return_24          |  out|   32|  ap_ctrl_hs|  w4a8_tile_group_sums|  return value|
|ap_return_25          |  out|   32|  ap_ctrl_hs|  w4a8_tile_group_sums|  return value|
|ap_return_26          |  out|   32|  ap_ctrl_hs|  w4a8_tile_group_sums|  return value|
|ap_return_27          |  out|   32|  ap_ctrl_hs|  w4a8_tile_group_sums|  return value|
|ap_return_28          |  out|   32|  ap_ctrl_hs|  w4a8_tile_group_sums|  return value|
|ap_return_29          |  out|   32|  ap_ctrl_hs|  w4a8_tile_group_sums|  return value|
|ap_return_30          |  out|   32|  ap_ctrl_hs|  w4a8_tile_group_sums|  return value|
|ap_return_31          |  out|   32|  ap_ctrl_hs|  w4a8_tile_group_sums|  return value|
|weights_address0      |  out|    7|   ap_memory|               weights|         array|
|weights_ce0           |  out|    1|   ap_memory|               weights|         array|
|weights_q0            |   in|  128|   ap_memory|               weights|         array|
|activations_address0  |  out|    7|   ap_memory|           activations|         array|
|activations_ce0       |  out|    1|   ap_memory|           activations|         array|
|activations_q0        |   in|    8|   ap_memory|           activations|         array|
+----------------------+-----+-----+------------+----------------------+--------------+

