                             latency        interval
transaction       0:            1228            1254
transaction       1:            1228            1260
transaction       2:            1228            1272
transaction       3:            3135            3179
transaction       4:            6196            6240
transaction       5:            1228            1272
transaction       6:            3135            3179
transaction       7:            1228            1278
transaction       8:            8415            8459
transaction       9:            5694            5738
transaction      10:            1228            1260
transaction      11:            1228            1275
transaction      12:             251             283
transaction      13:             252             284
transaction      14:             251             280
transaction      15:            1375            1419
transaction      16:             590             634
transaction      17:          641171          641209
transaction      18:          619331               x
