Downloading README.md bytes 370
Acquired README.md bytes 370
Downloading tokens.txt bytes 19591
Acquired tokens.txt bytes 19591
Acquired lexicon.txt bytes 1363705
Downloading phone.fst bytes 88630
Acquired phone.fst bytes 88630
Downloading date.fst bytes 59154
Acquired date.fst bytes 59154
Downloading number.fst bytes 64482
Acquired number.fst bytes 64482
Downloading model-steps-3.onnx bytes 16777216
Downloading model-steps-3.onnx bytes 33554432
Downloading model-steps-3.onnx bytes 50331648
Downloading model-steps-3.onnx bytes 67108864
Acquired model-steps-3.onnx bytes 75624611
Downloading vocos-22khz-univ.onnx bytes 16777216
Downloading vocos-22khz-univ.onnx bytes 33554432
Downloading vocos-22khz-univ.onnx bytes 50331648
Acquired vocos-22khz-univ.onnx bytes 53884024
Downloading offline-tts-matcha-impl.h bytes 16810
Acquired offline-tts-matcha-impl.h bytes 16810
Downloading offline-tts-character-frontend.cc bytes 5522
Acquired offline-tts-character-frontend.cc bytes 5522
Downloading offline-tts-matcha-model.cc bytes 7444
Acquired offline-tts-matcha-model.cc bytes 7444
C02 assets locked: 8 training data non-commercial; export license pending
